01-13 15:41:36.081  1583  1583 D OpenCvViewport: CheckState(): lifecycle mandates deactivation regardless of user
01-13 15:41:36.081  1583  1583 D OpenCvViewport: CheckState(): deactivating viewport
01-13 15:41:36.082  1583  2050 E OpenCvCamera: 	at org.openftc.easyopencv.OpenCvCameraBase.handleFrameUserCrashable(OpenCvCameraBase.java:591)
01-13 15:41:36.082  1583  2049 W System.err: java.lang.InterruptedException
01-13 15:41:36.082  1583  2049 W System.err: 	at java.lang.Object.wait(Native Method)
01-13 15:41:36.082  1583  2050 E OpenCvCamera: 	at org.openftc.easyopencv.OpenCvCameraBase.handleFrame(OpenCvCameraBase.java:412)
01-13 15:41:36.083  1583  2049 W System.err: 	at org.firstinspires.ftc.robotcore.internal.collections.EvictingBlockingQueue.take(EvictingBlockingQueue.java:143)
01-13 15:41:36.083  1583  2049 W System.err: 	at org.openftc.easyopencv.OpenCvViewport$RenderThread.run(OpenCvViewport.java:554)
01-13 15:41:36.083  1583  2049 D OpenCvViewportRenderThread: About to exit
01-13 15:41:36.083  1583  1583 D OpenCvViewport: ...surfaceDestroyed()
01-13 15:41:36.083  1583  2050 E OpenCvCamera: 	at org.openftc.easyopencv.OpenCvWebcamImpl.onNewFrame(OpenCvWebcamImpl.java:530)
01-13 15:41:36.085  1583  2050 E OpenCvCamera: 	at org.firstinspires.ftc.robotcore.internal.camera.delegating.DelegatingCaptureSequence$InterveningCaptureCallback$1.handle(DelegatingCaptureSequence.java:291)
01-13 15:41:36.086  1583  2050 E OpenCvCamera: 	at org.firstinspires.ftc.robotcore.internal.camera.delegating.DelegatingCaptureSequence$InterveningCaptureCallback$1.handle(DelegatingCaptureSequence.java:286)
01-13 15:41:36.087  1583  2050 E OpenCvCamera: 	at org.firstinspires.ftc.robotcore.external.function.Continuation.dispatchHere(Continuation.java:241)
01-13 15:41:36.088  1583  2050 E OpenCvCamera: 	at org.firstinspires.ftc.robotcore.internal.camera.delegating.DelegatingCaptureSequence$InterveningCaptureCallback.onNewFrame(DelegatingCaptureSequence.java:285)
01-13 15:41:36.089  1583  2050 E OpenCvCamera: 	at org.firstinspires.ftc.robotcore.internal.camera.libuvc.api.UvcApiCameraCaptureSequence$1$1.handle(UvcApiCameraCaptureSequence.java:136)
01-13 15:41:36.090  1583  2050 E OpenCvCamera: 	at org.firstinspires.ftc.robotcore.internal.camera.libuvc.api.UvcApiCameraCaptureSequence$1$1.handle(UvcApiCameraCaptureSequence.java:132)
01-13 15:41:36.091  1583  1670 V Robocol : sending CMD_PLAY_SOUND(34639), attempt: 0
01-13 15:41:36.091  1583  2050 E OpenCvCamera: 	at org.firstinspires.ftc.robotcore.external.function.Continuation.dispatchHere(Continuation.java:241)
01-13 15:41:36.092  1583  2050 E OpenCvCamera: 	at org.firstinspires.ftc.robotcore.internal.camera.libuvc.api.UvcApiCameraCaptureSequence$1.accept(UvcApiCameraCaptureSequence.java:146)
01-13 15:41:36.092  1583  1670 V Robocol : sending CMD_NOTIFY_ROBOT_STATE(34641), attempt: 0
01-13 15:41:36.093  1583  2050 E OpenCvCamera: 	at org.firstinspires.ftc.robotcore.internal.camera.libuvc.api.UvcApiCameraCaptureSequence$1.accept(UvcApiCameraCaptureSequence.java:123)
01-13 15:41:36.094  1583  2050 E OpenCvCamera: 	at org.firstinspires.ftc.robotcore.internal.camera.libuvc.nativeobject.UvcFrameCallback.onFrame(UvcFrameCallback.java:138)
01-13 15:41:36.095  1583  2050 V RobotCore: EventLoopManager state is EMERGENCY_STOP
01-13 15:41:36.097  1583  2040 D UsbResiliantWebcam|DelCaptureSession: stopCapture()...
01-13 15:41:36.098  1583  2040 D UsbResiliantWebcam|DelCaptureSequence: undoStreaming()...
01-13 15:41:36.098  1583  2040 D UvcApiCaptureSession: stopCapture()...
01-13 15:41:36.098  1583  2040 D Uvc     : [jni_streamhandle.cpp:184] Java_org_firstinspires_ftc_robotcore_internal_camera_libuvc_nativeobject_UvcStreamHandle_nativeStopStreaming()...
01-13 15:41:36.098  1583  2040 V Uvc     : API: Java_org_firstinspires_ftc_robotcore_internal_camera_libuvc_nativeobject_UvcStreamHandle_nativeStopStreaming: enter...
01-13 15:41:36.098  1583  2040 D Uvc     : [stream.cpp:1514] uvc_stream_stop()...
01-13 15:41:36.098  1583  2040 D UvcStream: [stream.cpp:1542] cancelling extant transfers
01-13 15:41:36.099  1583  2040 D Uvc     : [stream.cpp:1471] (waitForAllTransfers(waiting for cancelled transfers))...
01-13 15:41:36.099  1583  2050 D UvcStream: [stream.cpp:1329] user callback thread stopped
01-13 15:41:36.099  1583  2040 D UvcStream: [stream.cpp:1485] no extant active transfers: continuing
01-13 15:41:36.099  1583  2040 D Uvc     : [stream.cpp:1471] ...()
01-13 15:41:36.099  1583  2040 D Uvc     : [stream.cpp:1189] uvc_stream_handle::stopIsochronousStreaming()...
01-13 15:41:36.099  1583  2040 D Uvc     : [libuvc/libuvc_internal.h:825] uvc_device_handle::setInterfaceAltSetting(setInterfaceAltSetting(intf=1 alt=0))...
01-13 15:41:36.100  1583  2040 D UvcDevice: setInterfaceAltSetting(1,0)
01-13 15:41:36.129  1583  1670 V Robocol : sending CMD_NOTIFY_ROBOT_STATE(34643), attempt: 0
