01-14 14:47:09.095  2222  2294 I RobotCore: ******************** STOP - OPMODE /storage/emulated/0/FIRST/matchlogs/Match-0-Auto_Deposit_LEFT.txt ********************
01-14 14:47:09.104  2222  2362 I RobotCore: saving match logcat to /storage/emulated/0/FIRST/matchlogs/Match-0-Auto_Deposit_LEFT.txt
01-14 14:47:09.105  2222  2362 I RobotCore: logging command line: exec logcat -d -T '1-14 14:46:47.000' -f '/storage/emulated/0/FIRST/matchlogs/Match-0-Auto_Deposit_LEFT.txt' -n4 -v threadtime UsbRequestJNI:S UsbRequest:S art:W ThreadPool:W System:W ExtendedExtractor:W OMXClient:W MediaPlayer:W dalvikvm:W  *:V
01-14 14:47:09.106  2222  2356 D RobotCore: LinearOpMode received an InterruptedException; shutting down this linear op mode
01-14 14:47:09.109  2222  2356 V RobotCore: thread: ...terminating 'LinearOpMode main'
01-14 14:47:09.111  2222  2307 I RobotCore: Attempting to switch to op mode $Stop$Robot$
01-14 14:47:09.113  2222  2303 V Robocol : sending CMD_STREAM_CHANGE(1206), attempt: 0
01-14 14:47:09.115  2222  2222 D OpenCvViewport: surfaceDestroyed()
01-14 14:47:09.116  2222  2222 D OpenCvViewport: CheckState(): lifecycle mandates deactivation regardless of user
01-14 14:47:09.116  2222  2222 D OpenCvViewport: CheckState(): already deactivated
01-14 14:47:09.116  2222  2222 D OpenCvViewport: ...surfaceDestroyed()
01-14 14:47:09.157  2222  2362 I RobotCore: Done running exec logcat -d -T '1-14 14:46:47.000' -f '/storage/emulated/0/FIRST/matchlogs/Match-0-Auto_Deposit_LEFT.txt' -n4 -v threadtime UsbRequestJNI:S UsbRequest:S art:W ThreadPool:W System:W ExtendedExtractor:W OMXClient:W MediaPlayer:W dalvikvm:W  *:V
01-14 14:47:09.157  2222  2362 I RobotCore: exiting match logcat for /storage/emulated/0/FIRST/matchlogs/Match-0-Auto_Deposit_LEFT.txt
01-14 14:47:09.192  2222  2303 V Robocol : sending CMD_NOTIFY_INIT_OP_MODE(1208), attempt: 0
01-14 14:47:09.202  2222  2293 V Robocol : received command: CMD_RUN_OP_MODE(11166) $Stop$Robot$
01-14 14:47:09.233  2222  2303 V Robocol : sending CMD_NOTIFY_RUN_OP_MODE(1214), attempt: 0
01-14 14:47:35.726  2222  2293 V Robocol : received command: CMD_SET_MATCH_NUMBER(11529) 0
01-14 14:47:35.727  2222  2293 V Robocol : received command: CMD_INIT_OP_MODE(11530) Auto_Deposit_LEFT
01-14 14:47:35.751  2222  2294 I RobotCore: ******************** START - OPMODE Auto_Deposit_LEFT ********************
01-14 14:47:35.756  2222  2307 I RobotCore: Attempting to switch to op mode Auto_Deposit_LEFT
01-14 14:47:35.986  2222  2368 V RobotCore: thread: 'LinearOpMode main' starting...
01-14 14:47:35.992  2222  2303 V Robocol : sending CMD_NOTIFY_INIT_OP_MODE(1585), attempt: 0
01-14 14:47:36.075  2222  2368 I System.out: OpenCvCameraBase ctor: EasyOpenCV version 1.5.3
01-14 14:47:36.103  2222  2222 D OpenCvViewport: surfaceCreated()
01-14 14:47:36.103  2222  2222 D OpenCvViewport: ...surfaceCreated()
01-14 14:47:36.103  2222  2222 D OpenCvViewport: surfaceChanged()
01-14 14:47:36.103  2222  2222 D OpenCvViewport: CheckState(): user requested that we deactivate
01-14 14:47:36.104  2222  2222 D OpenCvViewport: CheckState(): already deactivated
01-14 14:47:36.104  2222  2222 D OpenCvViewport: ...surfaceChanged()
01-14 14:47:36.112  2222  2303 V Robocol : sending CMD_STREAM_CHANGE(1587), attempt: 0
01-14 14:47:36.483  2222  2293 V Robocol : received command: CMD_RUN_OP_MODE(11548) Auto_Deposit_LEFT
01-14 14:47:36.513  2222  2303 V Robocol : sending CMD_NOTIFY_RUN_OP_MODE(1597), attempt: 0
01-14 14:47:43.405  2222  2293 V Robocol : received command: CMD_INIT_OP_MODE(11636) $Stop$Robot$
01-14 14:47:43.427  2222  2294 I RobotCore: ******************** STOP - OPMODE /storage/emulated/0/FIRST/matchlogs/Match-0-Auto_Deposit_LEFT.txt ********************
01-14 14:47:43.437  2222  2370 I RobotCore: saving match logcat to /storage/emulated/0/FIRST/matchlogs/Match-0-Auto_Deposit_LEFT.txt
01-14 14:47:43.437  2222  2368 D RobotCore: LinearOpMode received an InterruptedException; shutting down this linear op mode
01-14 14:47:43.437  2222  2370 I RobotCore: logging command line: exec logcat -d -T '1-14 14:47:35.000' -f '/storage/emulated/0/FIRST/matchlogs/Match-0-Auto_Deposit_LEFT.txt' -n4 -v threadtime UsbRequestJNI:S UsbRequest:S art:W ThreadPool:W System:W ExtendedExtractor:W OMXClient:W MediaPlayer:W dalvikvm:W  *:V
01-14 14:47:43.441  2222  2368 V RobotCore: thread: ...terminating 'LinearOpMode main'
01-14 14:47:43.444  2222  2307 I RobotCore: Attempting to switch to op mode $Stop$Robot$
01-14 14:47:43.447  2222  2222 D OpenCvViewport: surfaceDestroyed()
01-14 14:47:43.447  2222  2222 D OpenCvViewport: CheckState(): lifecycle mandates deactivation regardless of user
01-14 14:47:43.447  2222  2222 D OpenCvViewport: CheckState(): already deactivated
01-14 14:47:43.447  2222  2222 D OpenCvViewport: ...surfaceDestroyed()
01-14 14:47:43.472  2222  2303 V Robocol : sending CMD_STREAM_CHANGE(1689), attempt: 0
01-14 14:47:43.503  2222  2370 I RobotCore: Done running exec logcat -d -T '1-14 14:47:35.000' -f '/storage/emulated/0/FIRST/matchlogs/Match-0-Auto_Deposit_LEFT.txt' -n4 -v threadtime UsbRequestJNI:S UsbRequest:S art:W ThreadPool:W System:W ExtendedExtractor:W OMXClient:W MediaPlayer:W dalvikvm:W  *:V
01-14 14:47:43.504  2222  2370 I RobotCore: exiting match logcat for /storage/emulated/0/FIRST/matchlogs/Match-0-Auto_Deposit_LEFT.txt
01-14 14:47:43.512  2222  2303 V Robocol : sending CMD_NOTIFY_INIT_OP_MODE(1691), attempt: 0
01-14 14:47:43.524  2222  2293 V Robocol : received command: CMD_RUN_OP_MODE(11644) $Stop$Robot$
01-14 14:47:43.553  2222  2303 V Robocol : sending CMD_NOTIFY_RUN_OP_MODE(1697), attempt: 0
01-14 14:48:28.198  2222  2301 V LynxModule: retransmitting: mod=3 cmd=0x7f03 msg#=1 ref#=0 
01-14 14:48:28.298  2222  2301 V LynxModule: retransmitting: mod=3 cmd=0x7f03 msg#=1 ref#=0 
01-14 14:48:28.347  2222  2301 V LynxModule: retransmitting: mod=3 cmd=0x7f03 msg#=1 ref#=0 
01-14 14:48:28.348  2222  2301 V LynxModule: retransmitting: mod=3 cmd=0x7f03 msg#=1 ref#=0 
01-14 14:48:28.348  2222  2301 E LynxModule: timeout: abandoning waiting 250ms for response: cmd=LynxGetModuleStatusCommand mod=3 msg#=1
01-14 14:48:28.348  2222  2301 E LynxModule: Marking module #3 as unresponsive until we receive some data back
01-14 14:48:28.349  2222  2301 W RobotCore: Expansion Hub 3 is currently unresponsive.
01-14 14:48:28.404  2222  2295 D RobotCore: system telemetry: key=$System$Warning$ msg="Expansion Hub 3 not currently responding to commands."
01-14 14:48:28.451  2222  2307 V LynxModule: retransmitting: mod=173 cmd=0x7f05 msg#=119 ref#=0 
01-14 14:48:28.489  2222  2306 V SoundInfo: construct(0x0e3875ee)
01-14 14:48:28.500  2222  2297 V LynxModule: REV Hub #3 has reconnected
01-14 14:48:28.500  2222  2297 E LynxModule: unable to find originating command for packetid=0xff03 msg#=49 ref#=1
01-14 14:48:28.501  2222  2297 E LynxModule: unable to find originating LynxRespondable for mod=173 msg#=141 ref#=119
01-14 14:48:28.508  2222  2307 D RobotCore: system telemetry: key=$System$None$ msg=""
01-14 14:48:28.531  2222  2305 I MediaCodec: callingProcessName:com.qualcomm.ftcrobotcontroller
01-14 14:48:28.534  2222  2380 I ACodec  : onAllocateComponent:6752 mSoftCodecPref:0 componentName:
01-14 14:48:28.535  2222  2380 I ACodec  : onAllocateComponent:6783 mSoftCodecPref:0 componentName:OMX.google.raw.decoder
01-14 14:48:28.571  2222  2247 D SoundPlayer: onLoadComplete(samp=3|ms=2509, samp=3)=0
01-14 14:48:28.572  2222  2306 W AudioTrack: AUDIO_OUTPUT_FLAG_FAST denied by client; transfer 4, track 48000 Hz, output 44100 Hz
01-14 14:48:28.578  2222  2306 D SoundPlayer: playing volume=0.000000 samp=3|ms=2509
01-14 14:48:28.592  2222  2303 V Robocol : sending CMD_PLAY_SOUND(2305), attempt: 0
01-14 14:48:30.496  2395  2395 I ps      : type=1400 audit(0.0:344): avc: denied { getattr } for path="/proc/1" dev="proc" ino=5188 scontext=u:r:untrusted_app:s0:c512,c768 tcontext=u:r:init:s0 tclass=dir permissive=1
01-14 14:48:30.496  2395  2395 I ps      : type=1400 audit(0.0:345): avc: denied { search } for name="1" dev="proc" ino=5188 scontext=u:r:untrusted_app:s0:c512,c768 tcontext=u:r:init:s0 tclass=dir permissive=1
01-14 14:48:30.496  2395  2395 I ps      : type=1400 audit(0.0:346): avc: denied { read } for name="cmdline" dev="proc" ino=8077 scontext=u:r:untrusted_app:s0:c512,c768 tcontext=u:r:init:s0 tclass=file permissive=1
01-14 14:48:30.496  2395  2395 I ps      : type=1400 audit(0.0:347): avc: denied { open } for path="/proc/1/cmdline" dev="proc" ino=8077 scontext=u:r:untrusted_app:s0:c512,c768 tcontext=u:r:init:s0 tclass=file permissive=1
01-14 14:48:30.496  2395  2395 I ps      : type=1400 audit(0.0:348): avc: denied { getattr } for path="/proc/2" dev="proc" ino=9149 scontext=u:r:untrusted_app:s0:c512,c768 tcontext=u:r:kernel:s0 tclass=dir permissive=1
01-14 14:48:30.496  2395  2395 I ps      : type=1400 audit(0.0:349): avc: denied { search } for name="2" dev="proc" ino=9149 scontext=u:r:untrusted_app:s0:c512,c768 tcontext=u:r:kernel:s0 tclass=dir permissive=1
01-14 14:48:30.496  2395  2395 I ps      : type=1400 audit(0.0:350): avc: denied { read } for name="cmdline" dev="proc" ino=11296 scontext=u:r:untrusted_app:s0:c512,c768 tcontext=u:r:kernel:s0 tclass=file permissive=1
01-14 14:48:30.496  2395  2395 I ps      : type=1400 audit(0.0:351): avc: denied { open } for path="/proc/2/cmdline" dev="proc" ino=11296 scontext=u:r:untrusted_app:s0:c512,c768 tcontext=u:r:kernel:s0 tclass=file permissive=1
--------- beginning of main
01-14 14:48:46.168  2465  2465 D Uvc     : [jni.cpp:72] JNI_OnLoad()...
01-14 14:48:46.168  2465  2465 D Uvc     : [JniEnv.h:32] ScopedJniEnv::onJniLoad()...
01-14 14:48:46.168  2465  2465 D Uvc     : [JniEnv.h:32] ...ScopedJniEnv::onJniLoad()
01-14 14:48:46.168  2465  2465 D Uvc     : [jni.cpp:72] ...JNI_OnLoad()
01-14 14:48:46.176  2465  2465 V AppUtil : initializing: getExternalStorageDirectory()=/storage/emulated/0
01-14 14:48:46.182  2465  2465 I AppUtil : found usbFileSystemRoot: /dev/bus/usb
01-14 14:48:46.199  2465  2465 I AppAliveNotifier: Telling the OS to set the RC alive notification timeout to 20 seconds
01-14 14:48:46.215  2465  2484 V RobotCore: saving logcat to /storage/emulated/0/robotControllerLog.txt
01-14 14:48:46.215  2465  2484 V RobotCore: logging command line: exec logcat -f /storage/emulated/0/robotControllerLog.txt -r4096 -n4 -v threadtime UsbRequestJNI:S UsbRequest:S art:W ThreadPool:W System:W ExtendedExtractor:W OMXClient:W MediaPlayer:W dalvikvm:W  *:V
01-14 14:48:46.227  2465  2465 V AppUtil : rootActivity=PermissionValidatorWrapper
01-14 14:48:46.227  2465  2465 I PermissionValidatorActivity: Lifecycle onCreate : 50d2add
01-14 14:48:46.183  2465  2465 I robotcontroller: type=1400 audit(0.0:355): avc: denied { read } for name="direction" dev="sysfs" ino=16606 scontext=u:r:untrusted_app:s0:c512,c768 tcontext=u:object_r:sysfs:s0 tclass=file permissive=1
01-14 14:48:46.186  2465  2465 I robotcontroller: type=1400 audit(0.0:356): avc: denied { open } for path="/sys/devices/pinctrl.26/gpio/gpio50/direction" dev="sysfs" ino=16606 scontext=u:r:untrusted_app:s0:c512,c768 tcontext=u:object_r:sysfs:s0 tclass=file permissive=1
01-14 14:48:46.268  2465  2484 I RobotCore: Done running ps
01-14 14:48:46.321  2465  2465 I PermissionValidatorActivity: Lifecycle onStart : 50d2add
01-14 14:48:46.322  2465  2465 I PermissionValidator: Checking permission for android.permission.WRITE_EXTERNAL_STORAGE
01-14 14:48:46.186  2465  2465 I robotcontroller: type=1400 audit(0.0:357): avc: denied { getattr } for path="/sys/devices/pinctrl.26/gpio/gpio50/direction" dev="sysfs" ino=16606 scontext=u:r:untrusted_app:s0:c512,c768 tcontext=u:object_r:sysfs:s0 tclass=file permissive=1
01-14 14:48:46.186  2465  2465 I robotcontroller: type=1400 audit(0.0:358): avc: denied { write } for name="value" dev="sysfs" ino=13327 scontext=u:r:untrusted_app:s0:c512,c768 tcontext=u:object_r:sysfs:s0 tclass=file permissive=1
01-14 14:48:46.280  2488  2488 I sh      : type=1400 audit(0.0:359): avc: denied { read } for name="/" dev="rootfs" ino=1 scontext=u:r:untrusted_app:s0:c512,c768 tcontext=u:object_r:rootfs:s0 tclass=dir permissive=1
01-14 14:48:46.280  2488  2488 I sh      : type=1400 audit(0.0:360): avc: denied { open } for path="/" dev="rootfs" ino=1 scontext=u:r:untrusted_app:s0:c512,c768 tcontext=u:object_r:rootfs:s0 tclass=dir permissive=1
01-14 14:48:46.333  2465  2465 I PermissionValidator:     Granted: android.permission.WRITE_EXTERNAL_STORAGE
01-14 14:48:46.333  2465  2465 I PermissionValidator: Checking permission for android.permission.READ_EXTERNAL_STORAGE
01-14 14:48:46.337  2465  2465 I PermissionValidator:     Granted: android.permission.READ_EXTERNAL_STORAGE
01-14 14:48:46.337  2465  2465 I PermissionValidator: Checking permission for android.permission.CAMERA
01-14 14:48:46.338  2465  2465 I PermissionValidator:     Granted: android.permission.CAMERA
01-14 14:48:46.338  2465  2465 I PermissionValidator: Checking permission for android.permission.ACCESS_COARSE_LOCATION
01-14 14:48:46.339  2465  2465 I PermissionValidator:     Granted: android.permission.ACCESS_COARSE_LOCATION
01-14 14:48:46.339  2465  2465 I PermissionValidator: Checking permission for android.permission.ACCESS_FINE_LOCATION
01-14 14:48:46.340  2465  2465 I PermissionValidator:     Granted: android.permission.ACCESS_FINE_LOCATION
01-14 14:48:46.340  2465  2465 I PermissionValidator: Checking permission for android.permission.READ_PHONE_STATE
01-14 14:48:46.341  2465  2465 I PermissionValidator:     Granted: android.permission.READ_PHONE_STATE
01-14 14:48:46.345  2465  2465 V ServiceStarter: attempting to start service MediaTransferProtocolMonitorService
01-14 14:48:46.348  2465  2465 V ServiceStarter: started service MediaTransferProtocolMonitorService
01-14 14:48:46.349  2465  2465 V ServiceStarter: attempting to start service OnBotJavaService
01-14 14:48:46.351  2465  2465 V ServiceStarter: started service OnBotJavaService
01-14 14:48:46.351  2465  2465 I PermissionValidatorActivity: All permissions validated.  Starting RobotController
01-14 14:48:46.364  2465  2465 V MTPMonitorService: onCreate()
01-14 14:48:46.365  2465  2465 V MTPMonitorService: onStartCommand() intent=Intent { cmp=com.qualcomm.ftcrobotcontroller/org.firstinspires.ftc.robotcore.internal.files.MediaTransferProtocolMonitorService } flags=0x0 startId=1
01-14 14:48:46.370  2465  2465 V MTPMonitor: observing: /storage/emulated/0
01-14 14:48:47.435  2465  2465 V OnBotJavaService: onCreate()
01-14 14:48:47.436  2465  2465 V OnBotJavaService: onStartCommand() intent=Intent { cmp=com.qualcomm.ftcrobotcontroller/org.firstinspires.ftc.onbotjava.OnBotJavaService } flags=0x0 startId=1
01-14 14:48:47.437  2465  2465 V OnBotJava: OnBotJavaManager::static
01-14 14:48:48.185  2465  2465 V OnBotJava: ctor()...
01-14 14:48:48.187  2465  2465 V OnBotJava: ...ctor()
01-14 14:48:48.193  2465  2465 V RCActivity: Permissions validated already
01-14 14:48:48.193  2465  2465 V RCActivity: onCreate()
01-14 14:48:48.195  2465  2465 V RCActivity: rootActivity is of class PermissionValidatorWrapper
01-14 14:48:48.199  2465  2465 V RCActivity: launchActivity is of class class org.firstinspires.ftc.robotcontroller.internal.PermissionValidatorWrapper
01-14 14:48:48.209  2465  2500 V CallbackLooper: thread=145
01-14 14:48:48.215  2465  2465 V NetDiscover_wifiDirectAgent: doStart()...
01-14 14:48:48.221  2465  2465 V NetDiscover_wifiDirectAgent: ...doStart()
01-14 14:48:48.221  2465  2465 V NetDiscover_prefremrc: ----- all preferences -----
01-14 14:48:48.222  2465  2465 V NetDiscover_prefremrc: name='android.permission.READ_PHONE_STATE' value=false
01-14 14:48:48.222  2465  2465 V NetDiscover_prefremrc: name='pref_autostarted_robot_controller' value=true
01-14 14:48:48.222  2465  2465 V NetDiscover_prefremrc: name='pref_warn_about_obsolete_software' value=true
01-14 14:48:48.222  2465  2465 V NetDiscover_prefremrc: name='pref_has_independent_phone_battery' value=false
01-14 14:48:48.223  2465  2465 V NetDiscover_prefremrc: name='android.permission.CAMERA' value=false
01-14 14:48:48.223  2465  2465 V NetDiscover_prefremrc: name='pref_wifip2p_remote_channel_change_works' value=false
01-14 14:48:48.223  2465  2465 V NetDiscover_prefremrc: name='pref_hardware_config_filename' value={"isDirty":false,"location":"LOCAL_STORAGE","name":"Big Bird test config","resourceId":0}
01-14 14:48:48.223  2465  2465 V NetDiscover_prefremrc: name='pref_sound_on_off' value=false
01-14 14:48:48.223  2465  2465 V NetDiscover_prefremrc: name='pref_warn_about_mismatched_app_versions' value=true
01-14 14:48:48.224  2465  2465 V NetDiscover_prefremrc: name='pref_ftc_season_year_of_current_rc_new' value=2022
01-14 14:48:48.224  2465  2465 V NetDiscover_prefremrc: name='App Restrictions' value=AAAAAA==
01-14 14:48:48.224  2465  2465 V NetDiscover_prefremrc:     
01-14 14:48:48.224  2465  2465 V NetDiscover_prefremrc: name='pref_warn_about_incorrect_clocks' value=true
01-14 14:48:48.224  2465  2465 V NetDiscover_prefremrc: name='pref_has_speaker' value=false
01-14 14:48:48.224  2465  2465 V NetDiscover_prefremrc: name='android.permission.ACCESS_COARSE_LOCATION' value=false
01-14 14:48:48.224  2465  2465 V NetDiscover_prefremrc: name='android.permission.WRITE_EXTERNAL_STORAGE' value=false
01-14 14:48:48.225  2465  2465 V NetDiscover_prefremrc: name='pref_connection_owner_password' value=Hydroflouric9421
01-14 14:48:48.225  2465  2465 V NetDiscover_prefremrc: name='pref_pairing_kind' value=RCWIRELESSAP
01-14 14:48:48.225  2465  2465 V NetDiscover_prefremrc: name='android.permission.ACCESS_FINE_LOCATION' value=false
01-14 14:48:48.225  2465  2465 V NetDiscover_prefremrc: name='pref_app_theme' value=red
01-14 14:48:48.225  2465  2465 V NetDiscover_prefremrc: name='pref_device_name_internal' value=9421-RC
01-14 14:48:48.226  2465  2465 V NetDiscover_prefremrc: name='pref_device_name' value=9421-RC
01-14 14:48:48.226  2465  2465 V NetDiscover_prefremrc: name='pref_warn_about_2_4_ghz_band' value=true
01-14 14:48:48.226  2465  2465 V NetDiscover_prefremrc: name='pref_device_name_tracking' value=WIFIAP
01-14 14:48:48.226  2465  2465 V NetDiscover_prefremrc: name='android.permission.READ_EXTERNAL_STORAGE' value=false
01-14 14:48:48.226  2465  2465 V NetDiscover_prefremrc: name='pref_rc_connected' value=true
01-14 14:48:48.233  2465  2465 V Robocol : SendOnceRunnable created
01-14 14:48:48.236  2465  2465 V NetDiscover_prefremrc: doStart()...
01-14 14:48:48.236  2465  2465 V NetDiscover_prefremrc: ...doStart()
01-14 14:48:48.270  2465  2465 W System  : ClassLoader referenced unknown path: /system/app/webview/lib/arm64
01-14 14:48:48.271  2465  2465 D ApplicationLoaders: ignored Vulkan layer search path /system/app/webview/lib/arm64:/system/app/webview/webview.apk!/lib/arm64-v8a:/system/lib64:/vendor/lib64 for namespace 0x6fb25060f0
01-14 14:48:48.274  2465  2465 I WebViewFactory: Loading com.android.webview version 52.0.2743.100 (code 275610050)
01-14 14:48:48.344  2465  2465 I cr_LibraryLoader: Time to load native libraries: 12 ms (timestamps 9896-9908)
01-14 14:48:48.345  2465  2465 I cr_LibraryLoader: Expected native library version number "52.0.2743.100", actual native library version number "52.0.2743.100"
01-14 14:48:48.360  2465  2465 V WebViewChromiumFactoryProvider: Binding Chromium to main looper Looper (main, tid 1) {28537d4}
01-14 14:48:48.360  2465  2465 I cr_LibraryLoader: Expected native library version number "52.0.2743.100", actual native library version number "52.0.2743.100"
01-14 14:48:48.361  2465  2465 I chromium: [INFO:library_loader_hooks.cc(143)] Chromium logging enabled: level = 0, default verbosity = 0
01-14 14:48:48.384  2465  2465 I cr_BrowserStartup: Initializing chromium process, singleProcess=true
01-14 14:48:48.414  2465  2465 I mali_so : [File] : hardware/rockchip/driver/./src/base/arch/arch_011_udd/base_arch_main.c; [Line] : 565; [Func] : deal_with_version_affairs_rk_ext;
01-14 14:48:48.414  2465  2465 I mali_so : arm_release_ver of this mali_so is 'r7p0-00rel1', rk_so_ver is '1@2' for 3328h_android_7.1, built at '15:47:51', on 'Jun 28 2017'.
01-14 14:48:48.414  2465  2465 I mali_so : [File] : hardware/rockchip/driver/./src/base/arch/arch_011_udd/base_arch_main.c; [Line] : 578; [Func] : deal_with_version_affairs_rk_ext;
01-14 14:48:48.414  2465  2465 I mali_so : mali_ver_property has been set to 'r7p0-00rel1-5-1@2', to return.
01-14 14:48:48.468  2465  2465 I cr_DRP  : No DRP key due to exception:java.lang.ClassNotFoundException: com.android.webview.chromium.Drp
01-14 14:48:48.529  2465  2465 W cr_AwContents: onDetachedFromWindow called when already detached. Ignoring
01-14 14:48:48.846  2465  2465 W System  : ClassLoader referenced unknown path: 
01-14 14:48:49.155  2465  2465 W ClassManager: com.journeyapps.barcodescanner.ScanContract java.lang.ClassNotFoundException: com.journeyapps.barcodescanner.ScanContract
01-14 14:48:49.159  2465  2465 E ClassManager: java.lang.ClassNotFoundException: com.journeyapps.barcodescanner.ScanContract
01-14 14:48:49.161  2465  2465 E ClassManager: 	at java.lang.Class.classForName(Native Method)
01-14 14:48:49.162  2465  2465 E ClassManager: 	at java.lang.Class.forName(Class.java:400)
01-14 14:48:49.165  2465  2465 E ClassManager: 	at org.firstinspires.ftc.robotcore.internal.opmode.ClassManager.classNamesToClasses(ClassManager.java:215)
01-14 14:48:49.167  2465  2465 E ClassManager: 	at org.firstinspires.ftc.robotcore.internal.opmode.ClassManager.processAllClasses(ClassManager.java:258)
01-14 14:48:49.168  2465  2465 E ClassManager: 	at com.qualcomm.ftccommon.ClassManagerFactory.processAllClasses(ClassManagerFactory.java:94)
01-14 14:48:49.169  2465  2465 E ClassManager: 	at org.firstinspires.ftc.robotcontroller.internal.FtcRobotControllerActivity.onCreate(FtcRobotControllerActivity.java:356)
01-14 14:48:49.170  2465  2465 E ClassManager: 	at android.app.Activity.performCreate(Activity.java:6709)
01-14 14:48:49.171  2465  2465 E ClassManager: 	at android.app.Instrumentation.callActivityOnCreate(Instrumentation.java:1118)
01-14 14:48:49.171  2465  2465 E ClassManager: 	at android.app.ActivityThread.performLaunchActivity(ActivityThread.java:2619)
01-14 14:48:49.172  2465  2465 E ClassManager: 	at android.app.ActivityThread.handleLaunchActivity(ActivityThread.java:2727)
01-14 14:48:49.173  2465  2465 E ClassManager: 	at android.app.ActivityThread.-wrap12(ActivityThread.java)
01-14 14:48:49.173  2465  2465 E ClassManager: 	at android.app.ActivityThread$H.handleMessage(ActivityThread.java:1478)
01-14 14:48:49.174  2465  2465 E ClassManager: 	at android.os.Handler.dispatchMessage(Handler.java:102)
01-14 14:48:49.175  2465  2465 E ClassManager: 	at android.os.Looper.loop(Looper.java:154)
01-14 14:48:49.175  2465  2465 E ClassManager: 	at android.app.ActivityThread.main(ActivityThread.java:6121)
01-14 14:48:49.176  2465  2465 E ClassManager: 	at java.lang.reflect.Method.invoke(Native Method)
01-14 14:48:49.176  2465  2465 E ClassManager: 	at com.android.internal.os.ZygoteInit$MethodAndArgsCaller.run(ZygoteInit.java:905)
01-14 14:48:49.177  2465  2465 E ClassManager: 	at com.android.internal.os.ZygoteInit.main(ZygoteInit.java:795)
01-14 14:48:49.179  2465  2465 E ClassManager: Caused by: java.lang.ClassNotFoundException: Didn't find class "com.journeyapps.barcodescanner.ScanContract" on path: DexPathList[[],nativeLibraryDirectories=[/system/lib64, /vendor/lib64]]
01-14 14:48:49.180  2465  2465 E ClassManager: 	at dalvik.system.BaseDexClassLoader.findClass(BaseDexClassLoader.java:56)
01-14 14:48:49.180  2465  2465 E ClassManager: 	at java.lang.ClassLoader.loadClass(ClassLoader.java:380)
01-14 14:48:49.181  2465  2465 E ClassManager: 	at java.lang.ClassLoader.loadClass(ClassLoader.java:312)
01-14 14:48:49.181  2465  2465 E ClassManager: 	... 18 more
01-14 14:48:49.194  2465  2465 W ClassManager: com.noahbres.meepmeep.MeepMeep$2 java.lang.ClassNotFoundException: com.noahbres.meepmeep.MeepMeep$2
01-14 14:48:49.195  2465  2465 E ClassManager: java.lang.ClassNotFoundException: com.noahbres.meepmeep.MeepMeep$2
01-14 14:48:49.196  2465  2465 E ClassManager: 	at java.lang.Class.classForName(Native Method)
01-14 14:48:49.197  2465  2465 E ClassManager: 	at java.lang.Class.forName(Class.java:400)
01-14 14:48:49.198  2465  2465 E ClassManager: 	at org.firstinspires.ftc.robotcore.internal.opmode.ClassManager.classNamesToClasses(ClassManager.java:215)
01-14 14:48:49.198  2465  2465 E ClassManager: 	at org.firstinspires.ftc.robotcore.internal.opmode.ClassManager.processAllClasses(ClassManager.java:258)
01-14 14:48:49.199  2465  2465 E ClassManager: 	at com.qualcomm.ftccommon.ClassManagerFactory.processAllClasses(ClassManagerFactory.java:94)
01-14 14:48:49.200  2465  2465 E ClassManager: 	at org.firstinspires.ftc.robotcontroller.internal.FtcRobotControllerActivity.onCreate(FtcRobotControllerActivity.java:356)
01-14 14:48:49.200  2465  2465 E ClassManager: 	at android.app.Activity.performCreate(Activity.java:6709)
01-14 14:48:49.201  2465  2465 E ClassManager: 	at android.app.Instrumentation.callActivityOnCreate(Instrumentation.java:1118)
01-14 14:48:49.202  2465  2465 E ClassManager: 	at android.app.ActivityThread.performLaunchActivity(ActivityThread.java:2619)
01-14 14:48:49.202  2465  2465 E ClassManager: 	at android.app.ActivityThread.handleLaunchActivity(ActivityThread.java:2727)
01-14 14:48:49.203  2465  2465 E ClassManager: 	at android.app.ActivityThread.-wrap12(ActivityThread.java)
01-14 14:48:49.204  2465  2465 E ClassManager: 	at android.app.ActivityThread$H.handleMessage(ActivityThread.java:1478)
01-14 14:48:49.204  2465  2465 E ClassManager: 	at android.os.Handler.dispatchMessage(Handler.java:102)
01-14 14:48:49.205  2465  2465 E ClassManager: 	at android.os.Looper.loop(Looper.java:154)
01-14 14:48:49.205  2465  2465 E ClassManager: 	at android.app.ActivityThread.main(ActivityThread.java:6121)
01-14 14:48:49.206  2465  2465 E ClassManager: 	at java.lang.reflect.Method.invoke(Native Method)
01-14 14:48:49.206  2465  2465 E ClassManager: 	at com.android.internal.os.ZygoteInit$MethodAndArgsCaller.run(ZygoteInit.java:905)
01-14 14:48:49.207  2465  2465 E ClassManager: 	at com.android.internal.os.ZygoteInit.main(ZygoteInit.java:795)
01-14 14:48:49.208  2465  2465 E ClassManager: Caused by: java.lang.ClassNotFoundException: Didn't find class "com.noahbres.meepmeep.MeepMeep$2" on path: DexPathList[[],nativeLibraryDirectories=[/system/lib64, /vendor/lib64]]
01-14 14:48:49.208  2465  2465 E ClassManager: 	at dalvik.system.BaseDexClassLoader.findClass(BaseDexClassLoader.java:56)
01-14 14:48:49.209  2465  2465 E ClassManager: 	at java.lang.ClassLoader.loadClass(ClassLoader.java:380)
01-14 14:48:49.209  2465  2465 E ClassManager: 	at java.lang.ClassLoader.loadClass(ClassLoader.java:312)
01-14 14:48:49.210  2465  2465 E ClassManager: 	... 18 more
01-14 14:48:49.216  2465  2465 W ClassManager: com.noahbres.meepmeep.core.colorscheme.ColorHex java.lang.ClassNotFoundException: com.noahbres.meepmeep.core.colorscheme.ColorHex
01-14 14:48:49.217  2465  2465 E ClassManager: java.lang.ClassNotFoundException: com.noahbres.meepmeep.core.colorscheme.ColorHex
01-14 14:48:49.218  2465  2465 E ClassManager: 	at java.lang.Class.classForName(Native Method)
01-14 14:48:49.218  2465  2465 E ClassManager: 	at java.lang.Class.forName(Class.java:400)
01-14 14:48:49.219  2465  2465 E ClassManager: 	at org.firstinspires.ftc.robotcore.internal.opmode.ClassManager.classNamesToClasses(ClassManager.java:215)
01-14 14:48:49.219  2465  2465 E ClassManager: 	at org.firstinspires.ftc.robotcore.internal.opmode.ClassManager.processAllClasses(ClassManager.java:258)
01-14 14:48:49.220  2465  2465 E ClassManager: 	at com.qualcomm.ftccommon.ClassManagerFactory.processAllClasses(ClassManagerFactory.java:94)
01-14 14:48:49.221  2465  2465 E ClassManager: 	at org.firstinspires.ftc.robotcontroller.internal.FtcRobotControllerActivity.onCreate(FtcRobotControllerActivity.java:356)
01-14 14:48:49.221  2465  2465 E ClassManager: 	at android.app.Activity.performCreate(Activity.java:6709)
01-14 14:48:49.222  2465  2465 E ClassManager: 	at android.app.Instrumentation.callActivityOnCreate(Instrumentation.java:1118)
01-14 14:48:49.222  2465  2465 E ClassManager: 	at android.app.ActivityThread.performLaunchActivity(ActivityThread.java:2619)
01-14 14:48:49.223  2465  2465 E ClassManager: 	at android.app.ActivityThread.handleLaunchActivity(ActivityThread.java:2727)
01-14 14:48:49.223  2465  2465 E ClassManager: 	at android.app.ActivityThread.-wrap12(ActivityThread.java)
01-14 14:48:49.224  2465  2465 E ClassManager: 	at android.app.ActivityThread$H.handleMessage(ActivityThread.java:1478)
01-14 14:48:49.224  2465  2465 E ClassManager: 	at android.os.Handler.dispatchMessage(Handler.java:102)
01-14 14:48:49.225  2465  2465 E ClassManager: 	at android.os.Looper.loop(Looper.java:154)
01-14 14:48:49.225  2465  2465 E ClassManager: 	at android.app.ActivityThread.main(ActivityThread.java:6121)
01-14 14:48:49.226  2465  2465 E ClassManager: 	at java.lang.reflect.Method.invoke(Native Method)
01-14 14:48:49.226  2465  2465 E ClassManager: 	at com.android.internal.os.ZygoteInit$MethodAndArgsCaller.run(ZygoteInit.java:905)
01-14 14:48:49.227  2465  2465 E ClassManager: 	at com.android.internal.os.ZygoteInit.main(ZygoteInit.java:795)
01-14 14:48:49.228  2465  2465 E ClassManager: Caused by: java.lang.ClassNotFoundException: Didn't find class "com.noahbres.meepmeep.core.colorscheme.ColorHex" on path: DexPathList[[],nativeLibraryDirectories=[/system/lib64, /vendor/lib64]]
01-14 14:48:49.228  2465  2465 E ClassManager: 	at dalvik.system.BaseDexClassLoader.findClass(BaseDexClassLoader.java:56)
01-14 14:48:49.229  2465  2465 E ClassManager: 	at java.lang.ClassLoader.loadClass(ClassLoader.java:380)
01-14 14:48:49.230  2465  2465 E ClassManager: 	at java.lang.ClassLoader.loadClass(ClassLoader.java:312)
01-14 14:48:49.230  2465  2465 E ClassManager: 	... 18 more
01-14 14:48:49.236  2465  2465 W ClassManager: com.noahbres.meepmeep.core.entity.AxesEntity java.lang.ClassNotFoundException: com.noahbres.meepmeep.core.entity.AxesEntity
01-14 14:48:49.237  2465  2465 E ClassManager: java.lang.ClassNotFoundException: com.noahbres.meepmeep.core.entity.AxesEntity
01-14 14:48:49.238  2465  2465 E ClassManager: 	at java.lang.Class.classForName(Native Method)
01-14 14:48:49.239  2465  2465 E ClassManager: 	at java.lang.Class.forName(Class.java:400)
01-14 14:48:49.239  2465  2465 E ClassManager: 	at org.firstinspires.ftc.robotcore.internal.opmode.ClassManager.classNamesToClasses(ClassManager.java:215)
01-14 14:48:49.240  2465  2465 E ClassManager: 	at org.firstinspires.ftc.robotcore.internal.opmode.ClassManager.processAllClasses(ClassManager.java:258)
01-14 14:48:49.241  2465  2465 E ClassManager: 	at com.qualcomm.ftccommon.ClassManagerFactory.processAllClasses(ClassManagerFactory.java:94)
01-14 14:48:49.241  2465  2465 E ClassManager: 	at org.firstinspires.ftc.robotcontroller.internal.FtcRobotControllerActivity.onCreate(FtcRobotControllerActivity.java:356)
01-14 14:48:49.242  2465  2465 E ClassManager: 	at android.app.Activity.performCreate(Activity.java:6709)
01-14 14:48:49.242  2465  2465 E ClassManager: 	at android.app.Instrumentation.callActivityOnCreate(Instrumentation.java:1118)
01-14 14:48:49.243  2465  2465 E ClassManager: 	at android.app.ActivityThread.performLaunchActivity(ActivityThread.java:2619)
01-14 14:48:49.244  2465  2465 E ClassManager: 	at android.app.ActivityThread.handleLaunchActivity(ActivityThread.java:2727)
01-14 14:48:49.244  2465  2465 E ClassManager: 	at android.app.ActivityThread.-wrap12(ActivityThread.java)
01-14 14:48:49.245  2465  2465 E ClassManager: 	at android.app.ActivityThread$H.handleMessage(ActivityThread.java:1478)
01-14 14:48:49.245  2465  2465 E ClassManager: 	at android.os.Handler.dispatchMessage(Handler.java:102)
01-14 14:48:49.245  2465  2465 E ClassManager: 	at android.os.Looper.loop(Looper.java:154)
01-14 14:48:49.246  2465  2465 E ClassManager: 	at android.app.ActivityThread.main(ActivityThread.java:6121)
01-14 14:48:49.246  2465  2465 E ClassManager: 	at java.lang.reflect.Method.invoke(Native Method)
01-14 14:48:49.247  2465  2465 E ClassManager: 	at com.android.internal.os.ZygoteInit$MethodAndArgsCaller.run(ZygoteInit.java:905)
01-14 14:48:49.248  2465  2465 E ClassManager: 	at com.android.internal.os.ZygoteInit.main(ZygoteInit.java:795)
01-14 14:48:49.249  2465  2465 E ClassManager: Caused by: java.lang.ClassNotFoundException: Didn't find class "com.noahbres.meepmeep.core.entity.AxesEntity" on path: DexPathList[[],nativeLibraryDirectories=[/system/lib64, /vendor/lib64]]
01-14 14:48:49.249  2465  2465 E ClassManager: 	at dalvik.system.BaseDexClassLoader.findClass(BaseDexClassLoader.java:56)
01-14 14:48:49.250  2465  2465 E ClassManager: 	at java.lang.ClassLoader.loadClass(ClassLoader.java:380)
01-14 14:48:49.250  2465  2465 E ClassManager: 	at java.lang.ClassLoader.loadClass(ClassLoader.java:312)
01-14 14:48:49.250  2465  2465 E ClassManager: 	... 18 more
01-14 14:48:49.255  2465  2465 W ClassManager: com.noahbres.meepmeep.core.entity.CompassEntity java.lang.ClassNotFoundException: com.noahbres.meepmeep.core.entity.CompassEntity
01-14 14:48:49.256  2465  2465 E ClassManager: java.lang.ClassNotFoundException: com.noahbres.meepmeep.core.entity.CompassEntity
01-14 14:48:49.257  2465  2465 E ClassManager: 	at java.lang.Class.classForName(Native Method)
01-14 14:48:49.258  2465  2465 E ClassManager: 	at java.lang.Class.forName(Class.java:400)
01-14 14:48:49.258  2465  2465 E ClassManager: 	at org.firstinspires.ftc.robotcore.internal.opmode.ClassManager.classNamesToClasses(ClassManager.java:215)
01-14 14:48:49.259  2465  2465 E ClassManager: 	at org.firstinspires.ftc.robotcore.internal.opmode.ClassManager.processAllClasses(ClassManager.java:258)
01-14 14:48:49.260  2465  2465 E ClassManager: 	at com.qualcomm.ftccommon.ClassManagerFactory.processAllClasses(ClassManagerFactory.java:94)
01-14 14:48:49.260  2465  2465 E ClassManager: 	at org.firstinspires.ftc.robotcontroller.internal.FtcRobotControllerActivity.onCreate(FtcRobotControllerActivity.java:356)
01-14 14:48:49.261  2465  2465 E ClassManager: 	at android.app.Activity.performCreate(Activity.java:6709)
01-14 14:48:49.261  2465  2465 E ClassManager: 	at android.app.Instrumentation.callActivityOnCreate(Instrumentation.java:1118)
01-14 14:48:49.262  2465  2465 E ClassManager: 	at android.app.ActivityThread.performLaunchActivity(ActivityThread.java:2619)
01-14 14:48:49.262  2465  2465 E ClassManager: 	at android.app.ActivityThread.handleLaunchActivity(ActivityThread.java:2727)
01-14 14:48:49.263  2465  2465 E ClassManager: 	at android.app.ActivityThread.-wrap12(ActivityThread.java)
01-14 14:48:49.264  2465  2465 E ClassManager: 	at android.app.ActivityThread$H.handleMessage(ActivityThread.java:1478)
01-14 14:48:49.264  2465  2465 E ClassManager: 	at android.os.Handler.dispatchMessage(Handler.java:102)
01-14 14:48:49.265  2465  2465 E ClassManager: 	at android.os.Looper.loop(Looper.java:154)
01-14 14:48:49.265  2465  2465 E ClassManager: 	at android.app.ActivityThread.main(ActivityThread.java:6121)
01-14 14:48:49.266  2465  2465 E ClassManager: 	at java.lang.reflect.Method.invoke(Native Method)
01-14 14:48:49.266  2465  2465 E ClassManager: 	at com.android.internal.os.ZygoteInit$MethodAndArgsCaller.run(ZygoteInit.java:905)
01-14 14:48:49.267  2465  2465 E ClassManager: 	at com.android.internal.os.ZygoteInit.main(ZygoteInit.java:795)
01-14 14:48:49.268  2465  2465 E ClassManager: Caused by: java.lang.ClassNotFoundException: Didn't find class "com.noahbres.meepmeep.core.entity.CompassEntity" on path: DexPathList[[],nativeLibraryDirectories=[/system/lib64, /vendor/lib64]]
01-14 14:48:49.269  2465  2465 E ClassManager: 	at dalvik.system.BaseDexClassLoader.findClass(BaseDexClassLoader.java:56)
01-14 14:48:49.269  2465  2465 E ClassManager: 	at java.lang.ClassLoader.loadClass(ClassLoader.java:380)
01-14 14:48:49.270  2465  2465 E ClassManager: 	at java.lang.ClassLoader.loadClass(ClassLoader.java:312)
01-14 14:48:49.270  2465  2465 E ClassManager: 	... 18 more
01-14 14:48:49.274  2465  2465 W ClassManager: com.noahbres.meepmeep.core.ui.MainCanvas java.lang.ClassNotFoundException: com.noahbres.meepmeep.core.ui.MainCanvas
01-14 14:48:49.275  2465  2465 E ClassManager: java.lang.ClassNotFoundException: com.noahbres.meepmeep.core.ui.MainCanvas
01-14 14:48:49.276  2465  2465 E ClassManager: 	at java.lang.Class.classForName(Native Method)
01-14 14:48:49.276  2465  2465 E ClassManager: 	at java.lang.Class.forName(Class.java:400)
01-14 14:48:49.277  2465  2465 E ClassManager: 	at org.firstinspires.ftc.robotcore.internal.opmode.ClassManager.classNamesToClasses(ClassManager.java:215)
01-14 14:48:49.277  2465  2465 E ClassManager: 	at org.firstinspires.ftc.robotcore.internal.opmode.ClassManager.processAllClasses(ClassManager.java:258)
01-14 14:48:49.278  2465  2465 E ClassManager: 	at com.qualcomm.ftccommon.ClassManagerFactory.processAllClasses(ClassManagerFactory.java:94)
01-14 14:48:49.279  2465  2465 E ClassManager: 	at org.firstinspires.ftc.robotcontroller.internal.FtcRobotControllerActivity.onCreate(FtcRobotControllerActivity.java:356)
01-14 14:48:49.279  2465  2465 E ClassManager: 	at android.app.Activity.performCreate(Activity.java:6709)
01-14 14:48:49.280  2465  2465 E ClassManager: 	at android.app.Instrumentation.callActivityOnCreate(Instrumentation.java:1118)
01-14 14:48:49.281  2465  2465 E ClassManager: 	at android.app.ActivityThread.performLaunchActivity(ActivityThread.java:2619)
01-14 14:48:49.281  2465  2465 E ClassManager: 	at android.app.ActivityThread.handleLaunchActivity(ActivityThread.java:2727)
01-14 14:48:49.282  2465  2465 E ClassManager: 	at android.app.ActivityThread.-wrap12(ActivityThread.java)
01-14 14:48:49.282  2465  2465 E ClassManager: 	at android.app.ActivityThread$H.handleMessage(ActivityThread.java:1478)
01-14 14:48:49.283  2465  2465 E ClassManager: 	at android.os.Handler.dispatchMessage(Handler.java:102)
01-14 14:48:49.283  2465  2465 E ClassManager: 	at android.os.Looper.loop(Looper.java:154)
01-14 14:48:49.284  2465  2465 E ClassManager: 	at android.app.ActivityThread.main(ActivityThread.java:6121)
01-14 14:48:49.284  2465  2465 E ClassManager: 	at java.lang.reflect.Method.invoke(Native Method)
01-14 14:48:49.285  2465  2465 E ClassManager: 	at com.android.internal.os.ZygoteInit$MethodAndArgsCaller.run(ZygoteInit.java:905)
01-14 14:48:49.285  2465  2465 E ClassManager: 	at com.android.internal.os.ZygoteInit.main(ZygoteInit.java:795)
01-14 14:48:49.286  2465  2465 E ClassManager: Caused by: java.lang.ClassNotFoundException: Didn't find class "com.noahbres.meepmeep.core.ui.MainCanvas" on path: DexPathList[[],nativeLibraryDirectories=[/system/lib64, /vendor/lib64]]
01-14 14:48:49.287  2465  2465 E ClassManager: 	at dalvik.system.BaseDexClassLoader.findClass(BaseDexClassLoader.java:56)
01-14 14:48:49.287  2465  2465 E ClassManager: 	at java.lang.ClassLoader.loadClass(ClassLoader.java:380)
01-14 14:48:49.288  2465  2465 E ClassManager: 	at java.lang.ClassLoader.loadClass(ClassLoader.java:312)
01-14 14:48:49.288  2465  2465 E ClassManager: 	... 18 more
01-14 14:48:49.292  2465  2465 W ClassManager: com.noahbres.meepmeep.core.ui.WindowFrame$1 java.lang.ClassNotFoundException: com.noahbres.meepmeep.core.ui.WindowFrame$1
01-14 14:48:49.293  2465  2465 E ClassManager: java.lang.ClassNotFoundException: com.noahbres.meepmeep.core.ui.WindowFrame$1
01-14 14:48:49.294  2465  2465 E ClassManager: 	at java.lang.Class.classForName(Native Method)
01-14 14:48:49.294  2465  2465 E ClassManager: 	at java.lang.Class.forName(Class.java:400)
01-14 14:48:49.295  2465  2465 E ClassManager: 	at org.firstinspires.ftc.robotcore.internal.opmode.ClassManager.classNamesToClasses(ClassManager.java:215)
01-14 14:48:49.295  2465  2465 E ClassManager: 	at org.firstinspires.ftc.robotcore.internal.opmode.ClassManager.processAllClasses(ClassManager.java:258)
01-14 14:48:49.296  2465  2465 E ClassManager: 	at com.qualcomm.ftccommon.ClassManagerFactory.processAllClasses(ClassManagerFactory.java:94)
01-14 14:48:49.297  2465  2465 E ClassManager: 	at org.firstinspires.ftc.robotcontroller.internal.FtcRobotControllerActivity.onCreate(FtcRobotControllerActivity.java:356)
01-14 14:48:49.297  2465  2465 E ClassManager: 	at android.app.Activity.performCreate(Activity.java:6709)
01-14 14:48:49.298  2465  2465 E ClassManager: 	at android.app.Instrumentation.callActivityOnCreate(Instrumentation.java:1118)
01-14 14:48:49.298  2465  2465 E ClassManager: 	at android.app.ActivityThread.performLaunchActivity(ActivityThread.java:2619)
01-14 14:48:49.299  2465  2465 E ClassManager: 	at android.app.ActivityThread.handleLaunchActivity(ActivityThread.java:2727)
01-14 14:48:49.299  2465  2465 E ClassManager: 	at android.app.ActivityThread.-wrap12(ActivityThread.java)
01-14 14:48:49.300  2465  2465 E ClassManager: 	at android.app.ActivityThread$H.handleMessage(ActivityThread.java:1478)
01-14 14:48:49.300  2465  2465 E ClassManager: 	at android.os.Handler.dispatchMessage(Handler.java:102)
01-14 14:48:49.301  2465  2465 E ClassManager: 	at android.os.Looper.loop(Looper.java:154)
01-14 14:48:49.301  2465  2465 E ClassManager: 	at android.app.ActivityThread.main(ActivityThread.java:6121)
01-14 14:48:49.302  2465  2465 E ClassManager: 	at java.lang.reflect.Method.invoke(Native Method)
01-14 14:48:49.302  2465  2465 E ClassManager: 	at com.android.internal.os.ZygoteInit$MethodAndArgsCaller.run(ZygoteInit.java:905)
01-14 14:48:49.303  2465  2465 E ClassManager: 	at com.android.internal.os.ZygoteInit.main(ZygoteInit.java:795)
01-14 14:48:49.304  2465  2465 E ClassManager: Caused by: java.lang.ClassNotFoundException: Didn't find class "com.noahbres.meepmeep.core.ui.WindowFrame$1" on path: DexPathList[[],nativeLibraryDirectories=[/system/lib64, /vendor/lib64]]
01-14 14:48:49.305  2465  2465 E ClassManager: 	at dalvik.system.BaseDexClassLoader.findClass(BaseDexClassLoader.java:56)
01-14 14:48:49.305  2465  2465 E ClassManager: 	at java.lang.ClassLoader.loadClass(ClassLoader.java:380)
01-14 14:48:49.305  2465  2465 E ClassManager: 	at java.lang.ClassLoader.loadClass(ClassLoader.java:312)
01-14 14:48:49.306  2465  2465 E ClassManager: 	... 18 more
01-14 14:48:49.319  2465  2465 W ClassManager: com.noahbres.meepmeep.roadrunner.ui.TrajectoryProgressSliderMaster$1 java.lang.ClassNotFoundException: com.noahbres.meepmeep.roadrunner.ui.TrajectoryProgressSliderMaster$1
01-14 14:48:49.320  2465  2465 E ClassManager: java.lang.ClassNotFoundException: com.noahbres.meepmeep.roadrunner.ui.TrajectoryProgressSliderMaster$1
01-14 14:48:49.321  2465  2465 E ClassManager: 	at java.lang.Class.classForName(Native Method)
01-14 14:48:49.321  2465  2465 E ClassManager: 	at java.lang.Class.forName(Class.java:400)
01-14 14:48:49.322  2465  2465 E ClassManager: 	at org.firstinspires.ftc.robotcore.internal.opmode.ClassManager.classNamesToClasses(ClassManager.java:215)
01-14 14:48:49.322  2465  2465 E ClassManager: 	at org.firstinspires.ftc.robotcore.internal.opmode.ClassManager.processAllClasses(ClassManager.java:258)
01-14 14:48:49.323  2465  2465 E ClassManager: 	at com.qualcomm.ftccommon.ClassManagerFactory.processAllClasses(ClassManagerFactory.java:94)
01-14 14:48:49.323  2465  2465 E ClassManager: 	at org.firstinspires.ftc.robotcontroller.internal.FtcRobotControllerActivity.onCreate(FtcRobotControllerActivity.java:356)
01-14 14:48:49.324  2465  2465 E ClassManager: 	at android.app.Activity.performCreate(Activity.java:6709)
01-14 14:48:49.324  2465  2465 E ClassManager: 	at android.app.Instrumentation.callActivityOnCreate(Instrumentation.java:1118)
01-14 14:48:49.324  2465  2465 E ClassManager: 	at android.app.ActivityThread.performLaunchActivity(ActivityThread.java:2619)
01-14 14:48:49.325  2465  2465 E ClassManager: 	at android.app.ActivityThread.handleLaunchActivity(ActivityThread.java:2727)
01-14 14:48:49.325  2465  2465 E ClassManager: 	at android.app.ActivityThread.-wrap12(ActivityThread.java)
01-14 14:48:49.326  2465  2465 E ClassManager: 	at android.app.ActivityThread$H.handleMessage(ActivityThread.java:1478)
01-14 14:48:49.326  2465  2465 E ClassManager: 	at android.os.Handler.dispatchMessage(Handler.java:102)
01-14 14:48:49.327  2465  2465 E ClassManager: 	at android.os.Looper.loop(Looper.java:154)
01-14 14:48:49.327  2465  2465 E ClassManager: 	at android.app.ActivityThread.main(ActivityThread.java:6121)
01-14 14:48:49.328  2465  2465 E ClassManager: 	at java.lang.reflect.Method.invoke(Native Method)
01-14 14:48:49.328  2465  2465 E ClassManager: 	at com.android.internal.os.ZygoteInit$MethodAndArgsCaller.run(ZygoteInit.java:905)
01-14 14:48:49.329  2465  2465 E ClassManager: 	at com.android.internal.os.ZygoteInit.main(ZygoteInit.java:795)
01-14 14:48:49.330  2465  2465 E ClassManager: Caused by: java.lang.ClassNotFoundException: Didn't find class "com.noahbres.meepmeep.roadrunner.ui.TrajectoryProgressSliderMaster$1" on path: DexPathList[[],nativeLibraryDirectories=[/system/lib64, /vendor/lib64]]
01-14 14:48:49.331  2465  2465 E ClassManager: 	at dalvik.system.BaseDexClassLoader.findClass(BaseDexClassLoader.java:56)
01-14 14:48:49.331  2465  2465 E ClassManager: 	at java.lang.ClassLoader.loadClass(ClassLoader.java:380)
01-14 14:48:49.332  2465  2465 E ClassManager: 	at java.lang.ClassLoader.loadClass(ClassLoader.java:312)
01-14 14:48:49.332  2465  2465 E ClassManager: 	... 18 more
01-14 14:48:49.336  2465  2465 W ClassManager: com.noahbres.meepmeep.roadrunner.ui.TrajectoryProgressSubSlider java.lang.ClassNotFoundException: com.noahbres.meepmeep.roadrunner.ui.TrajectoryProgressSubSlider
01-14 14:48:49.337  2465  2465 E ClassManager: java.lang.ClassNotFoundException: com.noahbres.meepmeep.roadrunner.ui.TrajectoryProgressSubSlider
01-14 14:48:49.338  2465  2465 E ClassManager: 	at java.lang.Class.classForName(Native Method)
01-14 14:48:49.339  2465  2465 E ClassManager: 	at java.lang.Class.forName(Class.java:400)
01-14 14:48:49.339  2465  2465 E ClassManager: 	at org.firstinspires.ftc.robotcore.internal.opmode.ClassManager.classNamesToClasses(ClassManager.java:215)
01-14 14:48:49.340  2465  2465 E ClassManager: 	at org.firstinspires.ftc.robotcore.internal.opmode.ClassManager.processAllClasses(ClassManager.java:258)
01-14 14:48:49.340  2465  2465 E ClassManager: 	at com.qualcomm.ftccommon.ClassManagerFactory.processAllClasses(ClassManagerFactory.java:94)
01-14 14:48:49.341  2465  2465 E ClassManager: 	at org.firstinspires.ftc.robotcontroller.internal.FtcRobotControllerActivity.onCreate(FtcRobotControllerActivity.java:356)
01-14 14:48:49.341  2465  2465 E ClassManager: 	at android.app.Activity.performCreate(Activity.java:6709)
01-14 14:48:49.342  2465  2465 E ClassManager: 	at android.app.Instrumentation.callActivityOnCreate(Instrumentation.java:1118)
01-14 14:48:49.342  2465  2465 E ClassManager: 	at android.app.ActivityThread.performLaunchActivity(ActivityThread.java:2619)
01-14 14:48:49.343  2465  2465 E ClassManager: 	at android.app.ActivityThread.handleLaunchActivity(ActivityThread.java:2727)
01-14 14:48:49.343  2465  2465 E ClassManager: 	at android.app.ActivityThread.-wrap12(ActivityThread.java)
01-14 14:48:49.344  2465  2465 E ClassManager: 	at android.app.ActivityThread$H.handleMessage(ActivityThread.java:1478)
01-14 14:48:49.344  2465  2465 E ClassManager: 	at android.os.Handler.dispatchMessage(Handler.java:102)
01-14 14:48:49.345  2465  2465 E ClassManager: 	at android.os.Looper.loop(Looper.java:154)
01-14 14:48:49.345  2465  2465 E ClassManager: 	at android.app.ActivityThread.main(ActivityThread.java:6121)
01-14 14:48:49.346  2465  2465 E ClassManager: 	at java.lang.reflect.Method.invoke(Native Method)
01-14 14:48:49.346  2465  2465 E ClassManager: 	at com.android.internal.os.ZygoteInit$MethodAndArgsCaller.run(ZygoteInit.java:905)
01-14 14:48:49.347  2465  2465 E ClassManager: 	at com.android.internal.os.ZygoteInit.main(ZygoteInit.java:795)
01-14 14:48:49.348  2465  2465 E ClassManager: Caused by: java.lang.ClassNotFoundException: Didn't find class "com.noahbres.meepmeep.roadrunner.ui.TrajectoryProgressSubSlider" on path: DexPathList[[],nativeLibraryDirectories=[/system/lib64, /vendor/lib64]]
01-14 14:48:49.349  2465  2465 E ClassManager: 	at dalvik.system.BaseDexClassLoader.findClass(BaseDexClassLoader.java:56)
01-14 14:48:49.349  2465  2465 E ClassManager: 	at java.lang.ClassLoader.loadClass(ClassLoader.java:380)
01-14 14:48:49.350  2465  2465 E ClassManager: 	at java.lang.ClassLoader.loadClass(ClassLoader.java:312)
01-14 14:48:49.350  2465  2465 E ClassManager: 	... 18 more
01-14 14:48:50.471  2465  2465 W ClassManager: org.firstinspires.ftc.teamcode.ParkAuto_Copy2 java.lang.ClassNotFoundException: org.firstinspires.ftc.teamcode.ParkAuto_Copy2
01-14 14:48:50.472  2465  2465 E ClassManager: java.lang.ClassNotFoundException: org.firstinspires.ftc.teamcode.ParkAuto_Copy2
01-14 14:48:50.472  2465  2465 E ClassManager: 	at java.lang.Class.classForName(Native Method)
01-14 14:48:50.473  2465  2465 E ClassManager: 	at java.lang.Class.forName(Class.java:400)
01-14 14:48:50.474  2465  2465 E ClassManager: 	at org.firstinspires.ftc.robotcore.internal.opmode.ClassManager.classNamesToClasses(ClassManager.java:215)
01-14 14:48:50.474  2465  2465 E ClassManager: 	at org.firstinspires.ftc.robotcore.internal.opmode.ClassManager.processAllClasses(ClassManager.java:258)
01-14 14:48:50.475  2465  2465 E ClassManager: 	at com.qualcomm.ftccommon.ClassManagerFactory.processAllClasses(ClassManagerFactory.java:94)
01-14 14:48:50.475  2465  2465 E ClassManager: 	at org.firstinspires.ftc.robotcontroller.internal.FtcRobotControllerActivity.onCreate(FtcRobotControllerActivity.java:356)
01-14 14:48:50.476  2465  2465 E ClassManager: 	at android.app.Activity.performCreate(Activity.java:6709)
