01-14 14:42:00.045  1871  1871 E ClassManager: 	at com.android.internal.os.ZygoteInit$MethodAndArgsCaller.run(ZygoteInit.java:905)
01-14 14:42:00.045  1871  1871 E ClassManager: 	at com.android.internal.os.ZygoteInit.main(ZygoteInit.java:795)
01-14 14:42:00.047  1871  1871 E ClassManager: Caused by: java.lang.ClassNotFoundException: Didn't find class "com.noahbres.meepmeep.roadrunner.ui.TrajectoryProgressSubSlider" on path: DexPathList[[],nativeLibraryDirectories=[/system/lib64, /vendor/lib64]]
01-14 14:42:00.047  1871  1871 E ClassManager: 	at dalvik.system.BaseDexClassLoader.findClass(BaseDexClassLoader.java:56)
01-14 14:42:00.048  1871  1871 E ClassManager: 	at java.lang.ClassLoader.loadClass(ClassLoader.java:380)
01-14 14:42:00.048  1871  1871 E ClassManager: 	at java.lang.ClassLoader.loadClass(ClassLoader.java:312)
01-14 14:42:00.048  1871  1871 E ClassManager: 	... 18 more
01-14 14:42:00.777  1871  1871 W ClassManager: org.firstinspires.ftc.teamcode.ParkAuto_Copy2 java.lang.ClassNotFoundException: org.firstinspires.ftc.teamcode.ParkAuto_Copy2
01-14 14:42:00.778  1871  1871 E ClassManager: java.lang.ClassNotFoundException: org.firstinspires.ftc.teamcode.ParkAuto_Copy2
01-14 14:42:00.779  1871  1871 E ClassManager: 	at java.lang.Class.classForName(Native Method)
01-14 14:42:00.779  1871  1871 E ClassManager: 	at java.lang.Class.forName(Class.java:400)
01-14 14:42:00.780  1871  1871 E ClassManager: 	at org.firstinspires.ftc.robotcore.internal.opmode.ClassManager.classNamesToClasses(ClassManager.java:215)
01-14 14:42:00.780  1871  1871 E ClassManager: 	at org.firstinspires.ftc.robotcore.internal.opmode.ClassManager.processAllClasses(ClassManager.java:258)
01-14 14:42:00.781  1871  1871 E ClassManager: 	at com.qualcomm.ftccommon.ClassManagerFactory.processAllClasses(ClassManagerFactory.java:94)
01-14 14:42:00.781  1871  1871 E ClassManager: 	at org.firstinspires.ftc.robotcontroller.internal.FtcRobotControllerActivity.onCreate(FtcRobotControllerActivity.java:356)
01-14 14:42:00.781  1871  1871 E ClassManager: 	at android.app.Activity.performCreate(Activity.java:6709)
01-14 14:42:00.782  1871  1871 E ClassManager: 	at android.app.Instrumentation.callActivityOnCreate(Instrumentation.java:1118)
01-14 14:42:00.782  1871  1871 E ClassManager: 	at android.app.ActivityThread.performLaunchActivity(ActivityThread.java:2619)
01-14 14:42:00.782  1871  1871 E ClassManager: 	at android.app.ActivityThread.handleLaunchActivity(ActivityThread.java:2727)
01-14 14:42:00.783  1871  1871 E ClassManager: 	at android.app.ActivityThread.-wrap12(ActivityThread.java)
01-14 14:42:00.783  1871  1871 E ClassManager: 	at android.app.ActivityThread$H.handleMessage(ActivityThread.java:1478)
01-14 14:42:00.784  1871  1871 E ClassManager: 	at android.os.Handler.dispatchMessage(Handler.java:102)
01-14 14:42:00.784  1871  1871 E ClassManager: 	at android.os.Looper.loop(Looper.java:154)
01-14 14:42:00.785  1871  1871 E ClassManager: 	at android.app.ActivityThread.main(ActivityThread.java:6121)
01-14 14:42:00.785  1871  1871 E ClassManager: 	at java.lang.reflect.Method.invoke(Native Method)
01-14 14:42:00.785  1871  1871 E ClassManager: 	at com.android.internal.os.ZygoteInit$MethodAndArgsCaller.run(ZygoteInit.java:905)
01-14 14:42:00.785  1871  1871 E ClassManager: 	at com.android.internal.os.ZygoteInit.main(ZygoteInit.java:795)
01-14 14:42:00.787  1871  1871 E ClassManager: Caused by: java.lang.ClassNotFoundException: Didn't find class "org.firstinspires.ftc.teamcode.ParkAuto_Copy2" on path: DexPathList[[],nativeLibraryDirectories=[/system/lib64, /vendor/lib64]]
01-14 14:42:00.788  1871  1871 E ClassManager: 	at dalvik.system.BaseDexClassLoader.findClass(BaseDexClassLoader.java:56)
01-14 14:42:00.789  1871  1871 E ClassManager: 	at java.lang.ClassLoader.loadClass(ClassLoader.java:380)
01-14 14:42:00.789  1871  1871 E ClassManager: 	at java.lang.ClassLoader.loadClass(ClassLoader.java:312)
01-14 14:42:00.790  1871  1871 E ClassManager: 	... 18 more
01-14 14:42:00.791  1871  1871 W ClassManager: org.firstinspires.ftc.teamcode.ParkAuto_Copy java.lang.ClassNotFoundException: org.firstinspires.ftc.teamcode.ParkAuto_Copy
01-14 14:42:00.792  1871  1871 E ClassManager: java.lang.ClassNotFoundException: org.firstinspires.ftc.teamcode.ParkAuto_Copy
01-14 14:42:00.792  1871  1871 E ClassManager: 	at java.lang.Class.classForName(Native Method)
01-14 14:42:00.792  1871  1871 E ClassManager: 	at java.lang.Class.forName(Class.java:400)
01-14 14:42:00.793  1871  1871 E ClassManager: 	at org.firstinspires.ftc.robotcore.internal.opmode.ClassManager.classNamesToClasses(ClassManager.java:215)
01-14 14:42:00.794  1871  1871 E ClassManager: 	at org.firstinspires.ftc.robotcore.internal.opmode.ClassManager.processAllClasses(ClassManager.java:258)
01-14 14:42:00.794  1871  1871 E ClassManager: 	at com.qualcomm.ftccommon.ClassManagerFactory.processAllClasses(ClassManagerFactory.java:94)
01-14 14:42:00.795  1871  1871 E ClassManager: 	at org.firstinspires.ftc.robotcontroller.internal.FtcRobotControllerActivity.onCreate(FtcRobotControllerActivity.java:356)
01-14 14:42:00.795  1871  1871 E ClassManager: 	at android.app.Activity.performCreate(Activity.java:6709)
01-14 14:42:00.795  1871  1871 E ClassManager: 	at android.app.Instrumentation.callActivityOnCreate(Instrumentation.java:1118)
01-14 14:42:00.795  1871  1871 E ClassManager: 	at android.app.ActivityThread.performLaunchActivity(ActivityThread.java:2619)
01-14 14:42:00.796  1871  1871 E ClassManager: 	at android.app.ActivityThread.handleLaunchActivity(ActivityThread.java:2727)
01-14 14:42:00.796  1871  1871 E ClassManager: 	at android.app.ActivityThread.-wrap12(ActivityThread.java)
01-14 14:42:00.797  1871  1871 E ClassManager: 	at android.app.ActivityThread$H.handleMessage(ActivityThread.java:1478)
01-14 14:42:00.797  1871  1871 E ClassManager: 	at android.os.Handler.dispatchMessage(Handler.java:102)
01-14 14:42:00.797  1871  1871 E ClassManager: 	at android.os.Looper.loop(Looper.java:154)
01-14 14:42:00.798  1871  1871 E ClassManager: 	at android.app.ActivityThread.main(ActivityThread.java:6121)
01-14 14:42:00.798  1871  1871 E ClassManager: 	at java.lang.reflect.Method.invoke(Native Method)
01-14 14:42:00.798  1871  1871 E ClassManager: 	at com.android.internal.os.ZygoteInit$MethodAndArgsCaller.run(ZygoteInit.java:905)
01-14 14:42:00.798  1871  1871 E ClassManager: 	at com.android.internal.os.ZygoteInit.main(ZygoteInit.java:795)
01-14 14:42:00.799  1871  1871 E ClassManager: Caused by: java.lang.ClassNotFoundException: Didn't find class "org.firstinspires.ftc.teamcode.ParkAuto_Copy" on path: DexPathList[[],nativeLibraryDirectories=[/system/lib64, /vendor/lib64]]
01-14 14:42:00.800  1871  1871 E ClassManager: 	at dalvik.system.BaseDexClassLoader.findClass(BaseDexClassLoader.java:56)
01-14 14:42:00.800  1871  1871 E ClassManager: 	at java.lang.ClassLoader.loadClass(ClassLoader.java:380)
01-14 14:42:00.801  1871  1871 E ClassManager: 	at java.lang.ClassLoader.loadClass(ClassLoader.java:312)
01-14 14:42:00.801  1871  1871 E ClassManager: 	... 18 more
01-14 14:42:00.802  1871  1871 W ClassManager: org.firstinspires.ftc.teamcode.ParkAuto java.lang.ClassNotFoundException: org.firstinspires.ftc.teamcode.ParkAuto
01-14 14:42:00.803  1871  1871 E ClassManager: java.lang.ClassNotFoundException: org.firstinspires.ftc.teamcode.ParkAuto
01-14 14:42:00.804  1871  1871 E ClassManager: 	at java.lang.Class.classForName(Native Method)
01-14 14:42:00.804  1871  1871 E ClassManager: 	at java.lang.Class.forName(Class.java:400)
01-14 14:42:00.804  1871  1871 E ClassManager: 	at org.firstinspires.ftc.robotcore.internal.opmode.ClassManager.classNamesToClasses(ClassManager.java:215)
01-14 14:42:00.805  1871  1871 E ClassManager: 	at org.firstinspires.ftc.robotcore.internal.opmode.ClassManager.processAllClasses(ClassManager.java:258)
01-14 14:42:00.805  1871  1871 E ClassManager: 	at com.qualcomm.ftccommon.ClassManagerFactory.processAllClasses(ClassManagerFactory.java:94)
01-14 14:42:00.805  1871  1871 E ClassManager: 	at org.firstinspires.ftc.robotcontroller.internal.FtcRobotControllerActivity.onCreate(FtcRobotControllerActivity.java:356)
01-14 14:42:00.806  1871  1871 E ClassManager: 	at android.app.Activity.performCreate(Activity.java:6709)
01-14 14:42:00.806  1871  1871 E ClassManager: 	at android.app.Instrumentation.callActivityOnCreate(Instrumentation.java:1118)
01-14 14:42:00.807  1871  1871 E ClassManager: 	at android.app.ActivityThread.performLaunchActivity(ActivityThread.java:2619)
01-14 14:42:00.807  1871  1871 E ClassManager: 	at android.app.ActivityThread.handleLaunchActivity(ActivityThread.java:2727)
01-14 14:42:00.808  1871  1871 E ClassManager: 	at android.app.ActivityThread.-wrap12(ActivityThread.java)
01-14 14:42:00.808  1871  1871 E ClassManager: 	at android.app.ActivityThread$H.handleMessage(ActivityThread.java:1478)
01-14 14:42:00.808  1871  1871 E ClassManager: 	at android.os.Handler.dispatchMessage(Handler.java:102)
01-14 14:42:00.809  1871  1871 E ClassManager: 	at android.os.Looper.loop(Looper.java:154)
01-14 14:42:00.809  1871  1871 E ClassManager: 	at android.app.ActivityThread.main(ActivityThread.java:6121)
01-14 14:42:00.809  1871  1871 E ClassManager: 	at java.lang.reflect.Method.invoke(Native Method)
01-14 14:42:00.810  1871  1871 E ClassManager: 	at com.android.internal.os.ZygoteInit$MethodAndArgsCaller.run(ZygoteInit.java:905)
01-14 14:42:00.810  1871  1871 E ClassManager: 	at com.android.internal.os.ZygoteInit.main(ZygoteInit.java:795)
01-14 14:42:00.811  1871  1871 E ClassManager: Caused by: java.lang.ClassNotFoundException: Didn't find class "org.firstinspires.ftc.teamcode.ParkAuto" on path: DexPathList[[],nativeLibraryDirectories=[/system/lib64, /vendor/lib64]]
01-14 14:42:00.811  1871  1871 E ClassManager: 	at dalvik.system.BaseDexClassLoader.findClass(BaseDexClassLoader.java:56)
01-14 14:42:00.812  1871  1871 E ClassManager: 	at java.lang.ClassLoader.loadClass(ClassLoader.java:380)
01-14 14:42:00.812  1871  1871 E ClassManager: 	at java.lang.ClassLoader.loadClass(ClassLoader.java:312)
01-14 14:42:00.812  1871  1871 E ClassManager: 	... 18 more
01-14 14:42:03.150  1871  1871 V UpdateUI: Network: inactive, disconnected
01-14 14:42:03.150  1871  1871 V ServiceStarter: attempting to start service FtcRobotControllerWatchdogService
01-14 14:42:03.153  1871  1871 V ServiceStarter: started service FtcRobotControllerWatchdogService
01-14 14:42:03.171  1871  1871 I RobotCore: App info: version=8.0.0 appId=com.qualcomm.ftcrobotcontroller
01-14 14:42:03.171  1871  1871 I RobotCore: Android Device: maker=REV Robotics model=Control Hub v1.0 sdk=25 serial=34eaabd94876f4c4
01-14 14:42:03.171  1871  1871 V AndroidBoard: REV Control Hub contains REV3328
01-14 14:42:03.171  1871  1871 V AndroidBoard: Communicating with embedded REV hub via /dev/ttyS1
01-14 14:42:04.160  1871  1871 I ReflectionConfig: Config class: org.firstinspires.ftc.teamcode.drive.DriveConstants
01-14 14:42:04.162  1871  1871 I ReflectionConfig: Config class: org.firstinspires.ftc.teamcode.drive.SampleMecanumDrive
01-14 14:42:04.163  1871  1871 I ReflectionConfig: Config class: org.firstinspires.ftc.teamcode.drive.StandardTrackingWheelLocalizer
01-14 14:42:04.165  1871  1871 I ReflectionConfig: Config class: org.firstinspires.ftc.teamcode.trajectorysequence.TrajectorySequenceRunner
01-14 14:42:04.224  1871  1871 V RCActivity: onStart()
01-14 14:42:04.229  1871  1871 V RCActivity: onResume()
01-14 14:42:04.249  1871  1871 V NetDiscover_prefremrc: onSharedPreferenceChanged(name=App Restrictions, value=AAAAAA==
01-14 14:42:04.249  1871  1871 V NetDiscover_prefremrc: )
01-14 14:42:04.264  1871  1871 V FtcRobotControllerWatchdogService: onCreate()
01-14 14:42:04.264  1871  1871 V FtcRobotControllerWatchdogService: onStartCommand() intent=Intent { cmp=com.qualcomm.ftcrobotcontroller/org.firstinspires.ftc.ftccommon.internal.FtcRobotControllerWatchdogService } flags=0x0 startId=1
01-14 14:42:04.265  1871  1871 V FtcRobotControllerWatchdogService: shouldAutoLauchRobotController() result=true
01-14 14:42:04.267  1871  1871 V FTCService: onCreate()
01-14 14:42:04.305  1871  1871 W art     : Before Android 4.1, method double java.util.concurrent.ThreadLocalRandom.internalNextDouble(double, double) would have incorrectly overridden the package-private method in java.util.Random
01-14 14:42:04.305  1871  1871 W art     : Before Android 4.1, method int java.util.concurrent.ThreadLocalRandom.internalNextInt(int, int) would have incorrectly overridden the package-private method in java.util.Random
01-14 14:42:04.305  1871  1871 W art     : Before Android 4.1, method long java.util.concurrent.ThreadLocalRandom.internalNextLong(long, long) would have incorrectly overridden the package-private method in java.util.Random
01-14 14:42:04.340  1871  1871 V FTCService: onBind()
01-14 14:42:04.383  1871  1871 V CoreRobotWebServer: creating NanoHTTPD(8080)
01-14 14:42:04.386  1871  1871 V WebSocketManager: Registered broadcast-only namespace progress
01-14 14:42:04.404  1871  1871 V WebSocketManager: Registered handler for namespace ControlHubUpdater
01-14 14:42:04.405  1871  1871 V RobotCore: Getting network assistant of type: RCWIRELESSAP
01-14 14:42:04.407  1871  1871 I RobotControllerAccessPointAssistant: Enabling network services
01-14 14:42:04.409  1871  1871 I RobotControllerAccessPointAssistant: Sending SSID and password to AP service
01-14 14:42:04.410  1871  1871 I RobotCore: Hydroflouric9421
01-14 14:42:04.410  1871  1871 D RobotControllerAccessPointAssistant: setNetworkProperties(deviceName=9421-RC, password=Hydroflouric9421, ApChannel=null) sendSettingsIndividually=false
01-14 14:42:04.411  1871  1871 I NetDiscover_ControlHubNameManager: Robot controller name: 9421-RC
01-14 14:42:04.411  1871  1871 I ControlHubPasswordManager: Robot controller password: Hydroflouric9421
01-14 14:42:04.411  1871  1871 D RobotControllerAccessPointAssistant: Sending bulk settings broadcast intent
01-14 14:42:04.481  1871  1927 I OpenGLRenderer: Initialized EGL, version 1.4
01-14 14:42:04.481  1871  1927 D OpenGLRenderer: Swap behavior 1
01-14 14:42:04.486  1871  1871 I RobotControllerAccessPointAssistant: Wi-Fi state change:, wifiApState: 13
01-14 14:42:04.486  1871  1871 I FTCService: onNetworkConnectionEvent: CONNECTION_INFO_AVAILABLE
01-14 14:42:04.486  1871  1871 I RobotCore: Hydroflouric9421
01-14 14:42:04.486  1871  1871 I FTCService: Network Connection Passphrase: Hydroflouric9421
01-14 14:42:04.487  1871  1871 V CoreRobotWebServer: starting port=8080
01-14 14:42:04.498  1871  1871 V RobotCore: Getting network assistant of type: RCWIRELESSAP
01-14 14:42:04.499  1871  1871 V CoreRobotWebServer: started port=8080
01-14 14:42:04.499  1871  1871 V FTCService: RCActivity.controllerService=bound
01-14 14:42:04.499  1871  1871 V UpdateUI: Network: active, disconnected
01-14 14:42:04.501  1871  1871 V RobotCore: Robot Status: stopped
01-14 14:42:04.506  1871  1932 V TooTallWebSocketServer: Started WebSocket server on port 8081
01-14 14:42:04.509  1871  1935 V RobotCore: thread: 'RobotSetupRunnable.run()' starting...
01-14 14:42:04.509  1871  1935 V FTCService: Processing robot setup
01-14 14:42:04.510  1871  1935 V RobotCore: Robot Status: stopped, scanning for USB devices
01-14 14:42:04.510  1871  1935 I AppAliveNotifier: Telling the OS to set the RC alive notification timeout to 10 seconds
01-14 14:42:04.530  1871  1871 V WebSocketManager: Registered handler for namespace ONBOTJAVA
01-14 14:42:04.572  1871  1927 I [Gralloc]:  ion device open success! fd = 92
01-14 14:42:04.654  1871  1871 V AppUtil : rootActivity=PermissionValidatorWrapper destroyed
01-14 14:42:04.655  1871  1871 V AppUtil : rootActivity=FtcRobotControllerActivity
01-14 14:42:04.655  1871  1871 I PermissionValidatorActivity: Lifecycle onDestroy : b76eb4
01-14 14:42:09.517  1871  1935 V RobotCore: EventLoopManager state is NOT_STARTED
01-14 14:42:09.518  1871  1935 V FTCService: Waiting for a connection to a Wi-Fi service
01-14 14:42:09.518  1871  1935 V RobotCore: Robot Status: stopped, waiting for network to become active
01-14 14:42:09.520  1871  1935 I RobotControllerAccessPointAssistant: Wi-Fi AP is enabled
01-14 14:42:09.520  1871  1935 V CoreRobotWebServer: Asked an already running WebServer to start
01-14 14:42:09.521  1871  1935 V RobotCore: Robot Status: stopped, starting robot
01-14 14:42:09.521  1871  1935 V Robocol : EventLoopManager.start()
01-14 14:42:09.521  1871  1935 V RobotCore: Getting network assistant of type: RCWIRELESSAP
01-14 14:42:09.522  1871  1935 I RobotControllerAccessPointAssistant: Wi-Fi AP is enabled
01-14 14:42:09.522  1871  1935 V Robocol : Spoofing a Network Connection event...
01-14 14:42:09.522  1871  1935 I EventLoopManager: onNetworkConnectionEvent: CONNECTION_INFO_AVAILABLE
01-14 14:42:09.522  1871  1935 I Robocol : Received network connection event
01-14 14:42:09.523  1871  1935 I RobotControllerAccessPointAssistant: Wi-Fi AP is enabled
01-14 14:42:09.523  1871  1935 I NetworkConnectionHandler: Handling new network connection infomation, connected: true setup needed: true
01-14 14:42:09.524  1871  1935 I RobotControllerAccessPointAssistant: Wi-Fi AP is enabled
01-14 14:42:12.559  1871  1942 V RobotCore: thread: 'SetupRunnable.run()' starting...
01-14 14:42:12.559  1871  1935 V RobotCore: EventLoopManager state is STOPPED
01-14 14:42:12.560  1871  1935 V Robocol : eventLoop=FtcEventLoop
01-14 14:42:12.560  1871  1935 V RobotCore: EventLoopManager state is INIT
01-14 14:42:12.561  1871  1935 V RobotCore: Robot Status: initializing, starting robot
01-14 14:42:12.561  1871  1935 I FtcEventLoop: ======= INIT START =======
01-14 14:42:12.561  1871  1935 V OpmodeRegistration: registered {DefaultOpMode} as {$Stop$Robot$}
01-14 14:42:12.564  1871  1942 D Robocol : RobocolDatagramSocket listening addr=/192.168.43.1:20884 cbRec=65520 cbSend=106496 msRecTO=300
01-14 14:42:12.565  1871  1942 V Robocol : RecvLoopRunnable created
01-14 14:42:12.567  1871  1944 V Robocol : CommandProcessor started
01-14 14:42:12.567  1871  1943 V Robocol : PacketProcessor started
01-14 14:42:12.569  1871  1935 V OpmodeRegistration: registered instance as {meeeeee}
01-14 14:42:12.570  1871  1942 V PeerDiscovery: Starting peer discovery remote: /192.168.43.1 local: /192.168.43.1
01-14 14:42:12.571  1871  1942 V PeerDiscovery: No need for initiating peer discovery, we are the Robot Controller
01-14 14:42:12.571  1871  1942 V RobotCore: Setup complete
01-14 14:42:12.571  1871  1942 V RobotCore: thread: ...terminating 'SetupRunnable.run()'
01-14 14:42:12.572  1871  1935 V OpmodeRegistration: registered instance as {Enable/Disable Dashboard}
01-14 14:42:12.573  1871  1935 D OpmodeRegistration: registered instance {com.acmerobotics.dashboard.FtcDashboard$7@78c7e1c} as {Enable/Disable Dashboard}
01-14 14:42:12.573  1871  1945 V RobotCore: thread: 'RecvLoopRunnable.run()' starting...
01-14 14:42:12.614  1871  1935 V OpmodeRegistration: registered {Auto_TerminalParkLeft} as {Auto_TerminalParkLeft}
01-14 14:42:12.614  1871  1935 V OpmodeRegistration: registered {Auto_TerminalParkRight} as {Auto_TerminalParkRight}
01-14 14:42:12.614  1871  1935 V OpmodeRegistration: registered {Auto_Deposit_RIGHT} as {Auto_Deposit_RIGHT}
01-14 14:42:12.615  1871  1935 V OpmodeRegistration: registered {OdometryCalibration} as {Odometry System Calibration}
01-14 14:42:12.615  1871  1935 V OpmodeRegistration: registered {Auto_Deposit_LEFT} as {Auto_Deposit_LEFT}
01-14 14:42:12.616  1871  1935 V OpmodeRegistration: registered {Auto_ServoTesting} as {Auto_ServoTesting}
01-14 14:42:12.616  1871  1935 V OpmodeRegistration: registered {tuningTeleOp} as {tuningTeleOp}
01-14 14:42:12.617  1871  1935 V OpmodeRegistration: registered {MyOdometryOpmode} as {My Odometry OpMode}
01-14 14:42:12.618  1871  1935 V OpmodeRegistration: registered {GlobalCoordinatePositionUpdateSample} as {Global Coordinate Position Test}
01-14 14:42:12.618  1871  1935 V OpmodeRegistration: registered {testTeleOp} as {testTeleOp}
01-14 14:42:12.619  1871  1935 V OpmodeRegistration: registered {testAuto} as {testAuto}
01-14 14:42:12.619  1871  1935 V OpmodeRegistration: registered {LocalizationTest} as {LocalizationTest}
01-14 14:42:12.620  1871  1935 V OpmodeRegistration: registered {Auto_CVPark} as {Auto_CVPark}
01-14 14:42:12.680  1871  1935 V FtcEventLoop: Ensuring that the embedded Control Hub module is set up correctly
01-14 14:42:12.685  1871  1935 V RobotCore: Creating REV Robotics USB Expansion Hub Portal [(embedded)]
01-14 14:42:12.686  1871  1935 V LynxUsb : creating new [(embedded)]: 0x0d75f37b
01-14 14:42:12.689  1871  1935 V FtDeviceManager: createDeviceInfoList(): 0 USB devices
01-14 14:42:12.689  1871  1935 V RobotUsbManagerCombining: FTDI driver failed to open USB device with serial number (embedded) (returned null device)
01-14 14:42:12.690  1871  1935 V SerialPortNative: [SerialPort.cpp:150] opened(/dev/ttyS1): fd=90
01-14 14:42:12.691  1871  1935 V RobotUsbDeviceTTY: opening serial=(embedded) file=/dev/ttyS1
01-14 14:42:12.687  1871  1871 I pRunnable.run(): type=1400 audit(0.0:250): avc: denied { read } for name="ttyS1" dev="tmpfs" ino=7272 scontext=u:r:untrusted_app:s0:c512,c768 tcontext=u:object_r:serial_device:s0 tclass=chr_file permissive=1
01-14 14:42:12.692  1871  1935 V LynxUsb : armDevice() serial=(embedded)...
01-14 14:42:12.692  1871  1935 V LynxUsb : resetDevice() serial=(embedded)
01-14 14:42:12.687  1871  1871 I pRunnable.run(): type=1400 audit(0.0:251): avc: denied { write } for name="ttyS1" dev="tmpfs" ino=7272 scontext=u:r:untrusted_app:s0:c512,c768 tcontext=u:object_r:serial_device:s0 tclass=chr_file permissive=1
01-14 14:42:12.693  1871  1935 V LynxModule: resetting embedded usb device: isPresent: was=true
01-14 14:42:12.687  1871  1871 I pRunnable.run(): type=1400 audit(0.0:252): avc: denied { open } for path="/dev/ttyS1" dev="tmpfs" ino=7272 scontext=u:r:untrusted_app:s0:c512,c768 tcontext=u:object_r:serial_device:s0 tclass=chr_file permissive=1
01-14 14:42:12.687  1871  1871 I pRunnable.run(): type=1400 audit(0.0:253): avc: denied { ioctl } for path="/dev/ttyS1" dev="tmpfs" ino=7272 ioctlcmd=5401 scontext=u:r:untrusted_app:s0:c512,c768 tcontext=u:object_r:serial_device:s0 tclass=chr_file permissive=1
01-14 14:42:12.687  1871  1871 I pRunnable.run(): type=1400 audit(0.0:254): avc: denied { read } for name="value" dev="sysfs" ino=13327 scontext=u:r:untrusted_app:s0:c512,c768 tcontext=u:object_r:sysfs:s0 tclass=file permissive=1
01-14 14:42:12.687  1871  1871 I pRunnable.run(): type=1400 audit(0.0:255): avc: denied { open } for path="/sys/devices/pinctrl.26/gpio/gpio50/value" dev="sysfs" ino=13327 scontext=u:r:untrusted_app:s0:c512,c768 tcontext=u:object_r:sysfs:s0 tclass=file permissive=1
01-14 14:42:12.691  1871  1871 I pRunnable.run(): type=1400 audit(0.0:256): avc: denied { getattr } for path="/sys/devices/pinctrl.26/gpio/gpio50/value" dev="sysfs" ino=13327 scontext=u:r:untrusted_app:s0:c512,c768 tcontext=u:object_r:sysfs:s0 tclass=file permissive=1
01-14 14:42:12.691  1871  1871 I pRunnable.run(): type=1400 audit(0.0:257): avc: denied { write } for name="value" dev="sysfs" ino=16649 scontext=u:r:untrusted_app:s0:c512,c768 tcontext=u:object_r:sysfs:s0 tclass=file permissive=1
01-14 14:42:12.875  1871  1945 E Robocol : exception SocketTimeoutException(Receive timed out): no packet received [java.net.PlainDatagramSocketImpl.receive0(Native Method)]
01-14 14:42:13.049  1871  1935 V LynxUsb : ...done armDevice()
01-14 14:42:13.050  1871  1935 V LynxUsb : 0x0d46a1d6 on 0x0d75f37b: new delegate to [(embedded)]
01-14 14:42:13.050  1871  1947 V RobotCore: thread: 'lynx incoming datagrams' starting...
01-14 14:42:13.057  1871  1935 V LynxUsb : addConfiguredModule() module#=173
01-14 14:42:13.058  1871  1935 V LynxModule: pingAndQueryKnownInterfaces mod=173
01-14 14:42:13.060  1871  1947 V LynxUsb : synchronization gained: serial=(embedded)
01-14 14:42:13.082  1871  1935 V LynxModule: mod#=173 queryInterface(DEKA)=54 commands starting at 4096
01-14 14:42:13.094  1871  1935 V LynxModule: sending LynxFtdiResetControlCommand(true) wasInterrupted=false
01-14 14:42:13.099  1871  1935 V LynxModule: sendLEDPatternSteps(): steps=[Step(color=65280, msDuration=1000)]
01-14 14:42:13.103  1871  1935 V LynxModule: setAsControlHubEmbeddedModule(mod=173)
01-14 14:42:13.103  1871  1935 V EmbeddedControlHubModule: setting embedded module
01-14 14:42:13.103  1871  1935 V LynxModule: sending LynxFtdiResetControlCommand(false) wasInterrupted=false
01-14 14:42:13.105  1871  1935 V LynxModule: close(#173)
01-14 14:42:13.107  1871  1935 V LynxUsb : Verified that the embedded Control Hub module has the correct address
01-14 14:42:13.108  1871  1935 V LynxUsb : addConfiguredModule() module#=173
01-14 14:42:13.108  1871  1935 V LynxModule: pingAndQueryKnownInterfaces mod=173
01-14 14:42:13.121  1871  1935 V LynxModule: mod#=173 queryInterface(DEKA)=54 commands starting at 4096
01-14 14:42:13.130  1871  1935 V LynxModule: sending LynxFtdiResetControlCommand(true) wasInterrupted=false
01-14 14:42:13.134  1871  1935 V LynxModule: sendLEDPatternSteps(): steps=[Step(color=65280, msDuration=1000)]
01-14 14:42:13.138  1871  1935 V LynxModule: setAsControlHubEmbeddedModule(mod=173)
01-14 14:42:13.138  1871  1935 V EmbeddedControlHubModule: setting embedded module
01-14 14:42:13.138  1871  1935 I RobotCore: LynxFirmwareVersionManager: LynxI2cDeviceSynchV2
01-14 14:42:13.139  1871  1935 V LynxI2cDeviceSynch: initializeHardware() mod#=173
01-14 14:42:13.140  1871  1935 V BHI260IMU: Suppressing I2C warnings while we check for a BHI260AP IMU
01-14 14:42:13.144  1871  1935 V BHI260IMU: No BHI260AP IMU found
01-14 14:42:13.144  1871  1935 V LynxModule: sending LynxFtdiResetControlCommand(false) wasInterrupted=false
01-14 14:42:13.146  1871  1935 V LynxModule: close(#173)
01-14 14:42:13.147  1871  1935 V HardwareFactory: createHardwareMap()
01-14 14:42:13.147  1871  1935 V EmbeddedControlHubModule: clearing embedded module
01-14 14:42:13.161  1871  1935 V ReadXMLFileHandler: embedded lynx USB device is already present
01-14 14:42:13.161  1871  1935 V RobotCore: Creating REV Robotics USB Expansion Hub Portal [(embedded)]
01-14 14:42:13.162  1871  1935 V LynxUsb : using existing [(embedded)]: 0x0d75f37b
01-14 14:42:13.162  1871  1935 V LynxUsb : 0x002295f6 on 0x0d75f37b: new delegate to [(embedded)]
01-14 14:42:13.162  1871  1935 V RobotCore: Creating Lynx Module - mod=173 parent=true
01-14 14:42:13.164  1871  1935 V RobotCore: Creating Lynx Module - mod=3 parent=false
01-14 14:42:13.165  1871  1935 V LynxUsb : addConfiguredModule() module#=173
01-14 14:42:13.165  1871  1935 V LynxModule: pingAndQueryKnownInterfaces mod=173
01-14 14:42:13.176  1871  1935 V LynxModule: mod#=173 queryInterface(DEKA)=54 commands starting at 4096
01-14 14:42:13.185  1871  1935 V LynxModule: sending LynxFtdiResetControlCommand(true) wasInterrupted=false
01-14 14:42:13.189  1871  1935 V LynxModule: sendLEDPatternSteps(): steps=[Step(color=65280, msDuration=1000)]
01-14 14:42:13.192  1871  1950 V LynxModule: received status: LynxGetModuleStatusResponse(status=0x02 alerts=0x00: Reset)
01-14 14:42:13.193  1871  1950 W HubPowerCycle: Expansion Hub 173 regained power after a complete power loss. No user Op Mode was running.
01-14 14:42:13.193  1871  1950 V LynxModule: resendCurrentPattern()
01-14 14:42:13.193  1871  1950 V LynxModule: sendLEDPatternSteps(): steps=[Step(color=65280, msDuration=1000)]
01-14 14:42:13.195  1871  1935 V LynxModule: setAsControlHubEmbeddedModule(mod=173)
01-14 14:42:13.195  1871  1935 V EmbeddedControlHubModule: setting embedded module
01-14 14:42:13.195  1871  1935 V LynxUsb : addConfiguredModule() module#=3
01-14 14:42:13.196  1871  1935 V LynxModule: pingAndQueryKnownInterfaces mod=3
01-14 14:42:13.213  1871  1935 V LynxModule: mod#=3 queryInterface(DEKA)=54 commands starting at 4096
01-14 14:42:13.220  1871  1935 V LynxModule: sending LynxFtdiResetControlCommand(true) wasInterrupted=false
01-14 14:42:13.226  1871  1935 V LynxModule: sendLEDPatternSteps(): steps=[Step(color=65280, msDuration=4500), Step(color=0, msDuration=500), Step(color=255, msDuration=500), Step(color=0, msDuration=500), Step(color=255, msDuration=500), Step(color=0, msDuration=500), Step(color=255, msDuration=500), Step(color=0, msDuration=500)]
01-14 14:42:13.228  1871  1951 V LynxModule: received status: LynxGetModuleStatusResponse(status=0x05 alerts=0x00: KeepAliveTimeout|FailSafe)
01-14 14:42:13.228  1871  1951 V LynxModule: resendCurrentPattern()
01-14 14:42:13.229  1871  1951 V LynxModule: sendLEDPatternSteps(): steps=[Step(color=65280, msDuration=4500), Step(color=0, msDuration=500), Step(color=255, msDuration=500), Step(color=0, msDuration=500), Step(color=255, msDuration=500), Step(color=0, msDuration=500), Step(color=255, msDuration=500), Step(color=0, msDuration=500)]
01-14 14:42:13.238  1871  1935 V LynxMotor: initializeHardware() mod#=173
01-14 14:42:13.276  1871  1943 D RobotCore: system telemetry: key=$System$None$ msg=""
01-14 14:42:13.277  1871  1943 V PeerDiscovery: new remote peer discovered: 192.168.43.16
01-14 14:42:13.277  1871  1943 V NetworkConnectionHandler: starting sending loop
01-14 14:42:13.278  1871  1953 V Robocol : sending CMD_NOTIFY_ROBOT_STATE(7), attempt: 0
01-14 14:42:13.278  1871  1935 V RobotCore: DcMotorImpl(type=goBILDA5202SeriesMotor)
01-14 14:42:13.279  1871  1935 V RobotCore: DcMotorImpl(type=goBILDA5202SeriesMotor)
01-14 14:42:13.279  1871  1935 V RobotCore: DcMotorImpl(type=goBILDA5202SeriesMotor)
01-14 14:42:13.279  1871  1953 V Robocol : sending CMD_NOTIFY_ROBOT_STATE(8), attempt: 0
01-14 14:42:13.279  1871  1935 V RobotCore: DcMotorImpl(type=goBILDA5202SeriesMotor)
01-14 14:42:13.280  1871  1953 V Robocol : sending CMD_NOTIFY_ROBOT_STATE(9), attempt: 0
01-14 14:42:13.280  1871  1935 V LynxServoController: initializeHardware() mod#=173
01-14 14:42:13.280  1871  1953 V Robocol : sending CMD_NOTIFY_ACTIVE_CONFIGURATION(11), attempt: 0
01-14 14:42:13.282  1871  1953 V Robocol : sending CMD_NOTIFY_USER_DEVICE_LIST(12), attempt: 0
01-14 14:42:13.287  1871  1953 V Robocol : sending CMD_NOTIFY_OP_MODE_LIST(13), attempt: 0
01-14 14:42:13.296  1871  1943 V UpdateUI: Network: active, connected
01-14 14:42:13.296  1871  1943 D FTCService: Sending user device types and preferences to driver station
01-14 14:42:13.306  1871  1935 V LynxVoltageSensor: initializeHardware() mod#=173
01-14 14:42:13.307  1871  1935 V LynxAnalogInputController: initializeHardware() mod#=173
01-14 14:42:13.308  1871  1935 V LynxDigitalChannelController: initializeHardware() mod#=173
01-14 14:42:13.315  1871  1943 V NetDiscover_prefremrc: sendAllPreferences()
01-14 14:42:13.315  1871  1943 V NetDiscover_prefremrc: sending RC pref name=pref_wifip2p_remote_channel_change_works value=false
01-14 14:42:13.318  1871  1953 V Robocol : sending CMD_NOTIFY_USER_DEVICE_LIST(17), attempt: 0
01-14 14:42:13.322  1871  1943 V NetDiscover_prefremrc: sending RC pref name=pref_device_name value=9421-RC
01-14 14:42:13.323  1871  1943 V NetDiscover_prefremrc: sending RC pref name=pref_warn_about_incorrect_clocks value=true
01-14 14:42:13.324  1871  1943 V NetDiscover_prefremrc: sending RC pref name=pref_warn_about_obsolete_software value=true
01-14 14:42:13.324  1871  1943 V NetDiscover_prefremrc: sending RC pref name=pref_has_speaker value=false
01-14 14:42:13.325  1871  1943 V NetDiscover_prefremrc: sending RC pref name=pref_warn_about_2_4_ghz_band value=true
01-14 14:42:13.327  1871  1943 V NetDiscover_prefremrc: sending RC pref name=pref_has_independent_phone_battery value=false
01-14 14:42:13.327  1871  1943 V NetDiscover_prefremrc: sending RC pref name=pref_app_theme value=red
01-14 14:42:13.328  1871  1943 V NetDiscover_prefremrc: sending RC pref name=pref_warn_about_mismatched_app_versions value=true
01-14 14:42:13.328  1871  1943 V NetDiscover_prefremrc: sending RC pref name=pref_sound_on_off value=false
01-14 14:42:13.328  1871  1935 V RobotCore: Creating user sensor REV internal IMU (BNO055) - on Lynx module=173 bus=0
01-14 14:42:13.329  1871  1935 V RobotCore: Creating I2cDeviceSynch (Lynx) - mod=173 bus=0
01-14 14:42:13.329  1871  1943 V NetworkConnectionHandler: Peer connection established
01-14 14:42:13.329  1871  1935 I RobotCore: LynxFirmwareVersionManager: LynxI2cDeviceSynchV2
01-14 14:42:13.329  1871  1935 V LynxI2cDeviceSynch: initializeHardware() mod#=173
01-14 14:42:13.331  1871  1943 V Robocol : packet processing took 55.4ms: type=PEER_DISCOVERY
01-14 14:42:13.332  1871  1935 V LynxMotor: initializeHardware() mod#=3
01-14 14:42:13.358  1871  1953 V Robocol : sending CMD_ROBOT_CONTROLLER_PREFERENCE(18), attempt: 0
01-14 14:42:13.358  1871  1953 V Robocol : sending CMD_ROBOT_CONTROLLER_PREFERENCE(19), attempt: 0
01-14 14:42:13.359  1871  1953 V Robocol : sending CMD_ROBOT_CONTROLLER_PREFERENCE(20), attempt: 0
01-14 14:42:13.360  1871  1953 V Robocol : sending CMD_ROBOT_CONTROLLER_PREFERENCE(21), attempt: 0
01-14 14:42:13.361  1871  1953 V Robocol : sending CMD_ROBOT_CONTROLLER_PREFERENCE(22), attempt: 0
01-14 14:42:13.362  1871  1953 V Robocol : sending CMD_ROBOT_CONTROLLER_PREFERENCE(23), attempt: 0
01-14 14:42:13.362  1871  1956 V SoundInfo: construct(0x0da1f2fb)
01-14 14:42:13.362  1871  1953 V Robocol : sending CMD_ROBOT_CONTROLLER_PREFERENCE(24), attempt: 0
01-14 14:42:13.364  1871  1945 V EventLoopManager: Setting authoritative wall clock based on connected DS.
01-14 14:42:13.364  1871  1953 V Robocol : sending CMD_ROBOT_CONTROLLER_PREFERENCE(25), attempt: 0
01-14 14:42:13.364  1871  1945 D Uvc     : [time.cpp:64] Java_org_firstinspires_ftc_robotcore_internal_system_AppUtil_nativeSetCurrentTimeMillis()...
01-14 14:42:13.360  1871  1945 I JniTime : [time.cpp:83] settimeofday() succeeded
01-14 14:42:13.360  1871  1945 D Uvc     : [time.cpp:64] ...Java_org_firstinspires_ftc_robotcore_internal_system_AppUtil_nativeSetCurrentTimeMillis()
01-14 14:42:13.360  1871  1953 V Robocol : sending CMD_ROBOT_CONTROLLER_PREFERENCE(26), attempt: 0
01-14 14:42:13.361  1871  1953 V Robocol : sending CMD_ROBOT_CONTROLLER_PREFERENCE(27), attempt: 0
01-14 14:42:13.361  1871  1945 V AppUtil : attempted to set timezone: before=America/New_York after=America/New_York
01-14 14:42:13.364  1871  1943 V Robocol : received command: CMD_REQUEST_ACTIVE_CONFIG(10001) 
01-14 14:42:13.365  1871  1943 V Robocol : received command: CMD_REQUEST_USER_DEVICE_TYPES(10002) 
01-14 14:42:13.366  1871  1943 V Robocol : received command: CMD_REQUEST_OP_MODE_LIST(10003) 
01-14 14:42:13.367  1871  1943 V Robocol : received command: CMD_ROBOT_CONTROLLER_PREFERENCE(10004) {"booleanValue":true,"prefName":"pref_ds_supports_5_ghz"}
01-14 14:42:13.370  1871  1943 V Robocol : received command: CMD_ROBOT_CONTROLLER_PREFERENCE(10005) {"intValue":21,"prefName":"pref_dh_os_version_code"}
01-14 14:42:13.372  1871  1955 E WVMExtractor: Failed to open libwvm.so: dlopen failed: "/system/vendor/lib64/libwvm.so" is 32-bit instead of 64-bit
01-14 14:42:13.389  1871  1955 I MediaCodec: callingProcessName:com.qualcomm.ftcrobotcontroller
01-14 14:42:13.392  1871  1962 I ACodec  : onAllocateComponent:6752 mSoftCodecPref:0 componentName:
01-14 14:42:13.394  1871  1935 V RobotCore: DcMotorImpl(type=goBILDA5202SeriesMotor)
01-14 14:42:13.394  1871  1935 V RobotCore: DcMotorImpl(type=Motor)
01-14 14:42:13.394  1871  1962 I ACodec  : onAllocateComponent:6783 mSoftCodecPref:0 componentName:OMX.google.raw.decoder
01-14 14:42:13.394  1871  1935 V RobotCore: DcMotorImpl(type=Motor)
01-14 14:42:13.395  1871  1935 V RobotCore: DcMotorImpl(type=Motor)
01-14 14:42:13.395  1871  1935 V LynxServoController: initializeHardware() mod#=3
01-14 14:42:13.427  1871  1897 D SoundPlayer: onLoadComplete(samp=1|ms=757, samp=1)=0
01-14 14:42:13.429  1871  1956 W AudioTrack: AUDIO_OUTPUT_FLAG_FAST denied by client; transfer 4, track 48000 Hz, output 44100 Hz
01-14 14:42:13.432  1871  1935 V LynxVoltageSensor: initializeHardware() mod#=3
01-14 14:42:13.433  1871  1935 V LynxAnalogInputController: initializeHardware() mod#=3
01-14 14:42:13.434  1871  1935 V LynxDigitalChannelController: initializeHardware() mod#=3
01-14 14:42:13.434  1871  1956 D SoundPlayer: playing volume=0.000000 samp=1|ms=757
01-14 14:42:13.469  1871  1935 V RobotCore: Creating Webcam [SN0001]
01-14 14:42:13.470  1871  1935 V CameraManager: construct(hash=0x075190eb|inst#=0)
01-14 14:42:13.471  1871  1935 D libusb  : [ 0.000228] [0000078f] libusb: debug [op_init] sysfs(/sys/bus/usb/devices) available
01-14 14:42:13.471  1871  1935 D libusb  : [ 0.000299] [0000078f] libusb: debug [op_init] sysfs can relate devices
01-14 14:42:13.471  1871  1935 D libusb  : [ 0.000317] [0000078f] libusb: debug [op_init] sysfs has complete descriptors
01-14 14:42:13.471  1871  1935 D libusb  : [ 0.000333] [0000078f] libusb: debug [op_init] sysfs has serial numbers
01-14 14:42:13.472  1871  1935 V UvcContext: construct(pointer=0x6fa5f78ae0|inst#=0)
01-14 14:42:13.473  1871  1953 V Robocol : sending CMD_PLAY_SOUND(44), attempt: 0
01-14 14:42:13.478  1871  1935 I RobotCore: ========= Device Information ===================================================
01-14 14:42:13.478  1871  1935 I RobotCore: Type                                               Name                           Connection
01-14 14:42:13.479  1871  1935 I RobotCore: Motor                                              FR                             USB (embedded); module 173; port 3
01-14 14:42:13.479  1871  1935 I RobotCore: Motor                                              BR                             USB (embedded); module 173; port 1
01-14 14:42:13.480  1871  1935 I RobotCore: Motor                                              R_ODO                          USB (embedded); module 3; port 1
01-14 14:42:13.480  1871  1935 I RobotCore: Motor                                              L_ODO                          USB (embedded); module 3; port 3
01-14 14:42:13.481  1871  1935 I RobotCore: REV Robotics USB Expansion Hub Portal              Control Hub Portal             USB (embedded)
01-14 14:42:13.481  1871  1935 I RobotCore: Servo                                              wrist                          USB (embedded); module 173; port 2
01-14 14:42:13.481  1871  1935 I RobotCore: Motor                                              FL                             USB (embedded); module 173; port 2
01-14 14:42:13.482  1871  1935 I RobotCore: Expansion Hub DC Motor Controller                  Expansion Hub 3                USB (embedded); module 3
01-14 14:42:13.482  1871  1935 I RobotCore: Expansion Hub Servo Controller                     Expansion Hub 3                USB (embedded); module 3
01-14 14:42:13.483  1871  1935 I RobotCore: Expansion Hub Voltage Sensor                       Expansion Hub 3                USB (embedded); module 3
01-14 14:42:13.483  1871  1935 I RobotCore: Expansion Hub Analog Input Controller              Expansion Hub 3                USB (embedded); module 3
01-14 14:42:13.484  1871  1935 I RobotCore: Expansion Hub Digital Channel Controller           Expansion Hub 3                USB (embedded); module 3
01-14 14:42:13.488  1871  1935 I RobotCore: Expansion Hub (HW: 20, Maj: 1, Min: 8, Eng: 2)     Expansion Hub 3                USB (embedded); module 3
01-14 14:42:13.489  1871  1935 I RobotCore: Servo                                              claw                           USB (embedded); module 173; port 3
01-14 14:42:13.489  1871  1935 I RobotCore: Servo                                              claw                           USB (embedded); module 3; port 2
01-14 14:42:13.489  1871  1935 I RobotCore: Motor                                              slides                         USB (embedded); module 3; port 0
01-14 14:42:13.490  1871  1935 I RobotCore: REV internal IMU (BNO055)                          imu                            USB (embedded); module 173; bus 0; addr7=0x00
01-14 14:42:13.490  1871  1935 I RobotCore: Expansion Hub DC Motor Controller                  Control Hub                    USB (embedded); module 173
01-14 14:42:13.491  1871  1935 I RobotCore: Expansion Hub Servo Controller                     Control Hub                    USB (embedded); module 173
01-14 14:42:13.491  1871  1935 I RobotCore: Expansion Hub Voltage Sensor                       Control Hub                    USB (embedded); module 173
01-14 14:42:13.491  1871  1935 I RobotCore: Expansion Hub Analog Input Controller              Control Hub                    USB (embedded); module 173
01-14 14:42:13.492  1871  1935 I RobotCore: Expansion Hub Digital Channel Controller           Control Hub                    USB (embedded); module 173
01-14 14:42:13.496  1871  1935 I RobotCore: Expansion Hub (HW: 20, Maj: 1, Min: 8, Eng: 2)     Control Hub                    USB (embedded); module 173
01-14 14:42:13.496  1871  1935 I RobotCore: Motor                                              F_ODO                          USB (embedded); module 3; port 2
01-14 14:42:13.497  1871  1935 I RobotCore: Servo                                              elbow1                         USB (embedded); module 173; port 0
01-14 14:42:13.497  1871  1935 I RobotCore: Motor                                              BL                             USB (embedded); module 173; port 0
01-14 14:42:13.503  1871  1935 I RobotCore: Sonix Technology Co., Ltd. USB Camera              Webcam1                        USB (SN0001)
01-14 14:42:13.503  1871  1935 I RobotCore: Servo                                              elbow2                         USB (embedded); module 173; port 1
01-14 14:42:13.508  1871  1935 I RobotCore: LynxFirmwareVersionManager: LynxI2cDeviceSynchV2
01-14 14:42:13.508  1871  1935 V LynxI2cDeviceSynch: initializeHardware() mod#=3
01-14 14:42:13.508  1871  1935 V BNO055  : Suppressing I2C warnings while we check for a BNO055 IMU
01-14 14:42:13.513  1871  1935 V BNO055  : Found BNO055 IMU
01-14 14:42:13.514  1871  1953 V Robocol : sending CMD_NOTIFY_ROBOT_STATE(7), attempt: 1
01-14 14:42:13.514  1871  1953 V Robocol : sending CMD_NOTIFY_ROBOT_STATE(8), attempt: 1
01-14 14:42:13.515  1871  1953 V Robocol : sending CMD_NOTIFY_ROBOT_STATE(9), attempt: 1
01-14 14:42:13.516  1871  1953 V Robocol : sending CMD_NOTIFY_ACTIVE_CONFIGURATION(11), attempt: 1
01-14 14:42:13.517  1871  1953 V Robocol : sending CMD_NOTIFY_USER_DEVICE_LIST(12), attempt: 1
01-14 14:42:13.517  1871  1935 I RobotCore: LynxFirmwareVersionManager: LynxI2cDeviceSynchV2
01-14 14:42:13.517  1871  1935 V LynxI2cDeviceSynch: initializeHardware() mod#=173
01-14 14:42:13.517  1871  1935 V BNO055  : Suppressing I2C warnings while we check for a BNO055 IMU
01-14 14:42:13.518  1871  1953 V Robocol : sending CMD_NOTIFY_OP_MODE_LIST(13), attempt: 1
01-14 14:42:13.523  1871  1935 V BNO055  : Found BNO055 IMU
01-14 14:42:13.532  1871  1935 V LynxUsb : 0x0d46a1d6 on 0x0d75f37b: releasing delegate to [(embedded)]
01-14 14:42:13.532  1871  1935 I FtcEventLoop: ======= INIT FINISH =======
01-14 14:42:13.532  1871  1935 V RobotCore: EventLoopManager state is RUNNING
01-14 14:42:13.533  1871  1935 V RobotCore: Robot Status: running, starting robot
01-14 14:42:13.535  1871  1935 V RobotCore: Robot Status: running
01-14 14:42:13.540  1871  1935 D FTCService: Detecting Wi-Fi reset
01-14 14:42:13.540  1871  1968 V RobotCore: thread: 'opmode loop()' starting...
01-14 14:42:13.541  1871  1935 D RobotControllerAccessPointAssistant: detectWifiReset button=false
01-14 14:42:13.542  1871  1935 V RobotCore: thread: ...terminating 'RobotSetupRunnable.run()'
01-14 14:42:13.554  1871  1953 V Robocol : sending CMD_NOTIFY_USER_DEVICE_LIST(17), attempt: 1
01-14 14:42:13.556  1871  1953 V Robocol : sending CMD_NOTIFY_ROBOT_STATE(50), attempt: 0
01-14 14:42:13.557  1871  1953 V Robocol : sending CMD_SHOW_TOAST(51), attempt: 0
01-14 14:42:13.557  1871  1953 V Robocol : sending CMD_NOTIFY_ACTIVE_CONFIGURATION(53), attempt: 0
01-14 14:42:13.593  1871  1953 V Robocol : sending CMD_NOTIFY_USER_DEVICE_LIST(60), attempt: 0
01-14 14:42:13.596  1871  1953 V Robocol : sending CMD_NOTIFY_OP_MODE_LIST(63), attempt: 0
01-14 14:42:13.615  1871  1956 V SoundInfo: construct(0x024691bf)
01-14 14:42:13.666  1871  1955 I MediaCodec: callingProcessName:com.qualcomm.ftcrobotcontroller
01-14 14:42:13.668  1871  1973 I ACodec  : onAllocateComponent:6752 mSoftCodecPref:0 componentName:
01-14 14:42:13.669  1871  1973 I ACodec  : onAllocateComponent:6783 mSoftCodecPref:0 componentName:OMX.google.raw.decoder
01-14 14:42:13.719  1871  1897 D SoundPlayer: onLoadComplete(samp=2|ms=4506, samp=2)=0
01-14 14:42:14.057  1871  1968 I RobotCore: Attempting to switch to op mode $Stop$Robot$
01-14 14:42:14.113  1871  1953 V Robocol : sending CMD_NOTIFY_INIT_OP_MODE(82), attempt: 0
01-14 14:42:14.186  1871  1976 W AudioTrack: AUDIO_OUTPUT_FLAG_FAST denied by client; transfer 4, track 48000 Hz, output 44100 Hz
01-14 14:42:14.189  1871  1976 D SoundPlayer: playing volume=0.000000 samp=2|ms=4506
01-14 14:42:14.193  1871  1953 V Robocol : sending CMD_PLAY_SOUND(84), attempt: 0
01-14 14:42:15.281  1871  1943 V Robocol : received command: CMD_INIT_OP_MODE(10068) $Stop$Robot$
01-14 14:42:15.294  1871  1968 I RobotCore: Attempting to switch to op mode $Stop$Robot$
01-14 14:42:15.354  1871  1953 V Robocol : sending CMD_NOTIFY_INIT_OP_MODE(107), attempt: 0
01-14 14:42:19.080  1871  1943 V Robocol : received command: CMD_SET_MATCH_NUMBER(10125) 0
01-14 14:42:19.082  1871  1943 V Robocol : received command: CMD_INIT_OP_MODE(10126) Auto_Deposit_LEFT
01-14 14:42:19.117  1871  1944 I RobotCore: ******************** START - OPMODE Auto_Deposit_LEFT ********************
01-14 14:42:19.121  1871  1968 I RobotCore: Attempting to switch to op mode Auto_Deposit_LEFT
01-14 14:42:19.333  1871  1985 V RobotCore: thread: 'LinearOpMode main' starting...
01-14 14:42:19.353  1871  1953 V Robocol : sending CMD_NOTIFY_INIT_OP_MODE(171), attempt: 0
01-14 14:42:19.451  1871  1985 I System.out: OpenCvCameraBase ctor: EasyOpenCV version 1.5.3
01-14 14:42:19.473  1871  1953 V Robocol : sending CMD_STREAM_CHANGE(174), attempt: 0
01-14 14:42:19.478  1871  1871 D OpenCvViewport: surfaceCreated()
01-14 14:42:19.478  1871  1871 D OpenCvViewport: ...surfaceCreated()
01-14 14:42:19.478  1871  1871 D OpenCvViewport: surfaceChanged()
01-14 14:42:19.478  1871  1871 D OpenCvViewport: CheckState(): user requested that we deactivate
01-14 14:42:19.478  1871  1871 D OpenCvViewport: CheckState(): already deactivated
01-14 14:42:19.478  1871  1871 D OpenCvViewport: ...surfaceChanged()
01-14 14:42:22.921  1871  1943 V Robocol : received command: CMD_RUN_OP_MODE(10172) Auto_Deposit_LEFT
01-14 14:42:22.954  1871  1953 V Robocol : sending CMD_NOTIFY_RUN_OP_MODE(211), attempt: 0
01-14 14:42:38.001  1871  1943 V Robocol : received command: CMD_INIT_OP_MODE(10351) $Stop$Robot$
01-14 14:42:38.016  1871  1944 I RobotCore: ******************** STOP - OPMODE /storage/emulated/0/FIRST/matchlogs/Match-0-Auto_Deposit_LEFT.txt ********************
01-14 14:42:38.032  1871  1992 I RobotCore: saving match logcat to /storage/emulated/0/FIRST/matchlogs/Match-0-Auto_Deposit_LEFT.txt
01-14 14:42:38.032  1871  1992 I RobotCore: logging command line: exec logcat -d -T '1-14 14:42:19.000' -f '/storage/emulated/0/FIRST/matchlogs/Match-0-Auto_Deposit_LEFT.txt' -n4 -v threadtime UsbRequestJNI:S UsbRequest:S art:W ThreadPool:W System:W ExtendedExtractor:W OMXClient:W MediaPlayer:W dalvikvm:W  *:V
01-14 14:42:38.033  1871  1985 D RobotCore: LinearOpMode received an InterruptedException; shutting down this linear op mode
01-14 14:42:38.038  1871  1985 V RobotCore: thread: ...terminating 'LinearOpMode main'
01-14 14:42:38.041  1871  1968 I RobotCore: Attempting to switch to op mode $Stop$Robot$
01-14 14:42:38.044  1871  1871 D OpenCvViewport: surfaceDestroyed()
01-14 14:42:38.045  1871  1871 D OpenCvViewport: CheckState(): lifecycle mandates deactivation regardless of user
01-14 14:42:38.045  1871  1871 D OpenCvViewport: CheckState(): already deactivated
01-14 14:42:38.045  1871  1871 D OpenCvViewport: ...surfaceDestroyed()
01-14 14:42:38.073  1871  1953 V Robocol : sending CMD_STREAM_CHANGE(393), attempt: 0
01-14 14:42:38.100  1871  1992 I RobotCore: Done running exec logcat -d -T '1-14 14:42:19.000' -f '/storage/emulated/0/FIRST/matchlogs/Match-0-Auto_Deposit_LEFT.txt' -n4 -v threadtime UsbRequestJNI:S UsbRequest:S art:W ThreadPool:W System:W ExtendedExtractor:W OMXClient:W MediaPlayer:W dalvikvm:W  *:V
01-14 14:42:38.101  1871  1992 I RobotCore: exiting match logcat for /storage/emulated/0/FIRST/matchlogs/Match-0-Auto_Deposit_LEFT.txt
01-14 14:42:38.113  1871  1953 V Robocol : sending CMD_NOTIFY_INIT_OP_MODE(396), attempt: 0
01-14 14:42:38.160  1871  1943 V Robocol : received command: CMD_RUN_OP_MODE(10359) $Stop$Robot$
01-14 14:42:38.194  1871  1953 V Robocol : sending CMD_NOTIFY_RUN_OP_MODE(401), attempt: 0
01-14 14:43:05.563  1871  1943 V Robocol : received command: CMD_SET_MATCH_NUMBER(10733) 0
01-14 14:43:05.565  1871  1943 V Robocol : received command: CMD_INIT_OP_MODE(10734) Auto_Deposit_LEFT
01-14 14:43:05.582  1871  1944 I RobotCore: ******************** START - OPMODE Auto_Deposit_LEFT ********************
01-14 14:43:05.585  1871  1968 I RobotCore: Attempting to switch to op mode Auto_Deposit_LEFT
01-14 14:43:05.814  1871  2006 V RobotCore: thread: 'LinearOpMode main' starting...
01-14 14:43:05.833  1871  1953 V Robocol : sending CMD_NOTIFY_INIT_OP_MODE(784), attempt: 0
01-14 14:43:05.898  1871  2006 I System.out: OpenCvCameraBase ctor: EasyOpenCV version 1.5.3
01-14 14:43:05.913  1871  1953 V Robocol : sending CMD_STREAM_CHANGE(786), attempt: 0
01-14 14:43:05.931  1871  1871 D OpenCvViewport: surfaceCreated()
01-14 14:43:05.931  1871  1871 D OpenCvViewport: ...surfaceCreated()
01-14 14:43:05.931  1871  1871 D OpenCvViewport: surfaceChanged()
