01-14 14:49:35.397  2585  2585 D OpenCvViewport: CheckState(): user requested that we deactivate
01-14 14:49:35.397  2585  2585 D OpenCvViewport: CheckState(): already deactivated
01-14 14:49:35.397  2585  2585 D OpenCvViewport: ...surfaceChanged()
01-14 14:49:35.801  2585  2656 V Robocol : received command: CMD_RUN_OP_MODE(10651) Auto_Deposit_LEFT
01-14 14:49:35.834  2585  2665 V Robocol : sending CMD_NOTIFY_RUN_OP_MODE(691), attempt: 0
01-14 14:49:47.485  2585  2656 V Robocol : received command: CMD_INIT_OP_MODE(11095) $Stop$Robot$
01-14 14:49:47.496  2585  2657 I RobotCore: ******************** STOP - OPMODE /storage/emulated/0/FIRST/matchlogs/Match-0-Auto_Deposit_LEFT.txt ********************
01-14 14:49:47.510  2585  2703 I RobotCore: saving match logcat to /storage/emulated/0/FIRST/matchlogs/Match-0-Auto_Deposit_LEFT.txt
01-14 14:49:47.510  2585  2703 I RobotCore: logging command line: exec logcat -d -T '1-14 14:49:35.000' -f '/storage/emulated/0/FIRST/matchlogs/Match-0-Auto_Deposit_LEFT.txt' -n4 -v threadtime UsbRequestJNI:S UsbRequest:S art:W ThreadPool:W System:W ExtendedExtractor:W OMXClient:W MediaPlayer:W dalvikvm:W  *:V
01-14 14:49:47.511  2585  2698 D RobotCore: LinearOpMode received an InterruptedException; shutting down this linear op mode
01-14 14:49:47.511  2585  2698 V RobotCore: thread: ...terminating 'LinearOpMode main'
01-14 14:49:47.516  2585  2680 I RobotCore: Attempting to switch to op mode $Stop$Robot$
01-14 14:49:47.523  2585  2585 D OpenCvViewport: surfaceDestroyed()
01-14 14:49:47.523  2585  2585 D OpenCvViewport: CheckState(): lifecycle mandates deactivation regardless of user
01-14 14:49:47.523  2585  2585 D OpenCvViewport: CheckState(): already deactivated
01-14 14:49:47.523  2585  2585 D OpenCvViewport: ...surfaceDestroyed()
01-14 14:49:47.553  2585  2665 V Robocol : sending CMD_STREAM_CHANGE(1138), attempt: 0
01-14 14:49:47.582  2585  2703 I RobotCore: Done running exec logcat -d -T '1-14 14:49:35.000' -f '/storage/emulated/0/FIRST/matchlogs/Match-0-Auto_Deposit_LEFT.txt' -n4 -v threadtime UsbRequestJNI:S UsbRequest:S art:W ThreadPool:W System:W ExtendedExtractor:W OMXClient:W MediaPlayer:W dalvikvm:W  *:V
01-14 14:49:47.582  2585  2703 I RobotCore: exiting match logcat for /storage/emulated/0/FIRST/matchlogs/Match-0-Auto_Deposit_LEFT.txt
01-14 14:49:47.593  2585  2665 V Robocol : sending CMD_NOTIFY_INIT_OP_MODE(1142), attempt: 0
01-14 14:49:47.640  2585  2656 V Robocol : received command: CMD_RUN_OP_MODE(11107) $Stop$Robot$
01-14 14:49:47.674  2585  2665 V Robocol : sending CMD_NOTIFY_RUN_OP_MODE(1150), attempt: 0
01-14 14:53:33.570  2735  2735 I ps      : type=1400 audit(0.0:403): avc: denied { getattr } for path="/proc/1" dev="proc" ino=5188 scontext=u:r:untrusted_app:s0:c512,c768 tcontext=u:r:init:s0 tclass=dir permissive=1
01-14 14:53:33.570  2735  2735 I ps      : type=1400 audit(0.0:404): avc: denied { search } for name="1" dev="proc" ino=5188 scontext=u:r:untrusted_app:s0:c512,c768 tcontext=u:r:init:s0 tclass=dir permissive=1
01-14 14:53:33.570  2735  2735 I ps      : type=1400 audit(0.0:405): avc: denied { read } for name="cmdline" dev="proc" ino=8077 scontext=u:r:untrusted_app:s0:c512,c768 tcontext=u:r:init:s0 tclass=file permissive=1
01-14 14:53:33.570  2735  2735 I ps      : type=1400 audit(0.0:406): avc: denied { open } for path="/proc/1/cmdline" dev="proc" ino=8077 scontext=u:r:untrusted_app:s0:c512,c768 tcontext=u:r:init:s0 tclass=file permissive=1
01-14 14:53:33.570  2735  2735 I ps      : type=1400 audit(0.0:407): avc: denied { read } for name="cmdline" dev="proc" ino=11296 scontext=u:r:untrusted_app:s0:c512,c768 tcontext=u:r:kernel:s0 tclass=file permissive=1
01-14 14:53:33.570  2735  2735 I ps      : type=1400 audit(0.0:408): avc: denied { open } for path="/proc/2/cmdline" dev="proc" ino=11296 scontext=u:r:untrusted_app:s0:c512,c768 tcontext=u:r:kernel:s0 tclass=file permissive=1
01-14 14:55:40.177  2585  2656 V Robocol : received command: CMD_INIT_OP_MODE(25278) $Stop$Robot$
01-14 14:55:40.187  2585  2680 I RobotCore: Attempting to switch to op mode $Stop$Robot$
01-14 14:55:40.233  2585  2665 V Robocol : sending CMD_NOTIFY_INIT_OP_MODE(15324), attempt: 0
01-14 14:55:40.337  2585  2656 V Robocol : received command: CMD_RUN_OP_MODE(25287) $Stop$Robot$
01-14 14:55:40.354  2585  2665 V Robocol : sending CMD_NOTIFY_RUN_OP_MODE(15331), attempt: 0
01-14 14:55:42.777  2585  2656 V Robocol : received command: CMD_SET_MATCH_NUMBER(25354) 0
01-14 14:55:42.779  2585  2656 V Robocol : received command: CMD_INIT_OP_MODE(25355) testTeleOp
01-14 14:55:42.799  2585  2657 I RobotCore: ******************** START - OPMODE testTeleOp ********************
01-14 14:55:42.802  2585  2680 I RobotCore: Attempting to switch to op mode testTeleOp
01-14 14:55:42.993  2585  2753 V RobotCore: thread: 'LinearOpMode main' starting...
01-14 14:55:42.993  2585  2665 V Robocol : sending CMD_NOTIFY_INIT_OP_MODE(15407), attempt: 0
01-14 14:55:43.074  2585  2753 I System.out: OpenCvCameraBase ctor: EasyOpenCV version 1.5.3
01-14 14:55:43.112  2585  2585 D OpenCvViewport: surfaceCreated()
01-14 14:55:43.112  2585  2585 D OpenCvViewport: ...surfaceCreated()
01-14 14:55:43.112  2585  2585 D OpenCvViewport: surfaceChanged()
01-14 14:55:43.112  2585  2585 D OpenCvViewport: CheckState(): user requested that we deactivate
01-14 14:55:43.112  2585  2585 D OpenCvViewport: CheckState(): already deactivated
01-14 14:55:43.112  2585  2585 D OpenCvViewport: ...surfaceChanged()
01-14 14:55:43.113  2585  2665 V Robocol : sending CMD_STREAM_CHANGE(15410), attempt: 0
01-14 14:55:43.937  2585  2656 V Robocol : received command: CMD_RUN_OP_MODE(25377) testTeleOp
01-14 14:55:43.954  2585  2665 V Robocol : sending CMD_NOTIFY_RUN_OP_MODE(15423), attempt: 0
01-14 14:57:34.022  2585  2656 V Robocol : received command: CMD_INIT_OP_MODE(30634) $Stop$Robot$
01-14 14:57:34.034  2585  2657 I RobotCore: ******************** STOP - OPMODE /storage/emulated/0/FIRST/matchlogs/Match-0-testTeleOp.txt ********************
01-14 14:57:34.042  2585  2753 D LinearOpModeHelper: User runOpModeMethod exited
01-14 14:57:34.043  2585  2758 I RobotCore: saving match logcat to /storage/emulated/0/FIRST/matchlogs/Match-0-testTeleOp.txt
01-14 14:57:34.043  2585  2758 I RobotCore: logging command line: exec logcat -d -T '1-14 14:55:42.000' -f '/storage/emulated/0/FIRST/matchlogs/Match-0-testTeleOp.txt' -n4 -v threadtime UsbRequestJNI:S UsbRequest:S art:W ThreadPool:W System:W ExtendedExtractor:W OMXClient:W MediaPlayer:W dalvikvm:W  *:V
01-14 14:57:34.044  2585  2753 V RobotCore: thread: ...terminating 'LinearOpMode main'
01-14 14:57:34.047  2585  2680 I RobotCore: Attempting to switch to op mode $Stop$Robot$
01-14 14:57:34.050  2585  2585 D OpenCvViewport: surfaceDestroyed()
01-14 14:57:34.050  2585  2585 D OpenCvViewport: CheckState(): lifecycle mandates deactivation regardless of user
01-14 14:57:34.050  2585  2585 D OpenCvViewport: CheckState(): already deactivated
01-14 14:57:34.050  2585  2585 D OpenCvViewport: ...surfaceDestroyed()
01-14 14:57:34.053  2759  2759 I sh      : type=1400 audit(0.0:412): avc: denied { read } for name="/" dev="rootfs" ino=1 scontext=u:r:untrusted_app:s0:c512,c768 tcontext=u:object_r:rootfs:s0 tclass=dir permissive=1
01-14 14:57:34.053  2759  2759 I sh      : type=1400 audit(0.0:413): avc: denied { open } for path="/" dev="rootfs" ino=1 scontext=u:r:untrusted_app:s0:c512,c768 tcontext=u:object_r:rootfs:s0 tclass=dir permissive=1
01-14 14:57:34.073  2585  2665 V Robocol : sending CMD_STREAM_CHANGE(20684), attempt: 0
01-14 14:57:34.074  2585  2665 V Robocol : sending CMD_NOTIFY_INIT_OP_MODE(20687), attempt: 0
01-14 14:57:34.084  2585  2758 I RobotCore: Done running exec logcat -d -T '1-14 14:55:42.000' -f '/storage/emulated/0/FIRST/matchlogs/Match-0-testTeleOp.txt' -n4 -v threadtime UsbRequestJNI:S UsbRequest:S art:W ThreadPool:W System:W ExtendedExtractor:W OMXClient:W MediaPlayer:W dalvikvm:W  *:V
01-14 14:57:34.084  2585  2758 I RobotCore: exiting match logcat for /storage/emulated/0/FIRST/matchlogs/Match-0-testTeleOp.txt
01-14 14:57:34.103  2585  2656 V Robocol : received command: CMD_RUN_OP_MODE(30644) $Stop$Robot$
01-14 14:57:34.113  2585  2665 V Robocol : sending CMD_NOTIFY_RUN_OP_MODE(20694), attempt: 0
01-14 14:57:39.622  2585  2656 V EventLoopManager: synthetic gamepad received: id=-2 user=TWO atRest=true 
01-14 14:57:41.422  2585  2656 V EventLoopManager: synthetic gamepad received: id=-2 user=ONE atRest=true 
--------- beginning of main
12-31 19:00:14.406   975   975 V OnBotJavaService: onCreate()
12-31 19:00:14.406   975   975 V OnBotJavaService: onStartCommand() intent=Intent { cmp=com.qualcomm.ftcrobotcontroller/org.firstinspires.ftc.onbotjava.OnBotJavaService } flags=0x0 startId=1
12-31 19:00:14.407   975   975 V OnBotJava: OnBotJavaManager::static
12-31 19:00:15.096   975   975 V OnBotJava: ctor()...
12-31 19:00:15.098   975   975 V OnBotJava: ...ctor()
12-31 19:00:15.103   975   975 V RCActivity: Permissions validated already
12-31 19:00:15.103   975   975 V RCActivity: onCreate()
12-31 19:00:15.105   975   975 V RCActivity: rootActivity is of class PermissionValidatorWrapper
12-31 19:00:15.105   975   975 V RCActivity: launchActivity is of class class org.firstinspires.ftc.robotcontroller.internal.PermissionValidatorWrapper
12-31 19:00:15.103   975   975 I robotcontroller: type=1400 audit(0.0:99): avc: denied { read } for name="direction" dev="sysfs" ino=16606 scontext=u:r:untrusted_app:s0:c512,c768 tcontext=u:object_r:sysfs:s0 tclass=file permissive=1
12-31 19:00:15.103   975   975 I robotcontroller: type=1400 audit(0.0:100): avc: denied { open } for path="/sys/devices/pinctrl.26/gpio/gpio50/direction" dev="sysfs" ino=16606 scontext=u:r:untrusted_app:s0:c512,c768 tcontext=u:object_r:sysfs:s0 tclass=file permissive=1
12-31 19:00:15.103   975   975 I robotcontroller: type=1400 audit(0.0:101): avc: denied { getattr } for path="/sys/devices/pinctrl.26/gpio/gpio50/direction" dev="sysfs" ino=16606 scontext=u:r:untrusted_app:s0:c512,c768 tcontext=u:object_r:sysfs:s0 tclass=file permissive=1
12-31 19:00:15.106   975   975 I robotcontroller: type=1400 audit(0.0:102): avc: denied { write } for name="value" dev="sysfs" ino=13327 scontext=u:r:untrusted_app:s0:c512,c768 tcontext=u:object_r:sysfs:s0 tclass=file permissive=1
12-31 19:00:15.113   975  1084 V CallbackLooper: thread=69
12-31 19:00:15.118   975   975 V NetDiscover_wifiDirectAgent: doStart()...
12-31 19:00:15.123   975   975 V NetDiscover_wifiDirectAgent: ...doStart()
12-31 19:00:15.123   975   975 V NetDiscover_prefremrc: ----- all preferences -----
12-31 19:00:15.123   975   975 V NetDiscover_prefremrc: name='android.permission.READ_PHONE_STATE' value=false
12-31 19:00:15.124   975   975 V NetDiscover_prefremrc: name='pref_autostarted_robot_controller' value=true
12-31 19:00:15.124   975   975 V NetDiscover_prefremrc: name='pref_warn_about_obsolete_software' value=true
12-31 19:00:15.124   975   975 V NetDiscover_prefremrc: name='pref_has_independent_phone_battery' value=false
12-31 19:00:15.124   975   975 V NetDiscover_prefremrc: name='android.permission.CAMERA' value=false
12-31 19:00:15.124   975   975 V NetDiscover_prefremrc: name='pref_wifip2p_remote_channel_change_works' value=false
12-31 19:00:15.124   975   975 V NetDiscover_prefremrc: name='pref_hardware_config_filename' value={"isDirty":false,"location":"LOCAL_STORAGE","name":"Big Bird test config","resourceId":0}
12-31 19:00:15.125   975   975 V NetDiscover_prefremrc: name='pref_warn_about_mismatched_app_versions' value=true
12-31 19:00:15.125   975   975 V NetDiscover_prefremrc: name='pref_sound_on_off' value=false
12-31 19:00:15.125   975   975 V NetDiscover_prefremrc: name='pref_ftc_season_year_of_current_rc_new' value=2022
12-31 19:00:15.125   975   975 V NetDiscover_prefremrc: name='App Restrictions' value=AAAAAA==
12-31 19:00:15.125   975   975 V NetDiscover_prefremrc:     
12-31 19:00:15.125   975   975 V NetDiscover_prefremrc: name='pref_warn_about_incorrect_clocks' value=true
12-31 19:00:15.125   975   975 V NetDiscover_prefremrc: name='android.permission.ACCESS_COARSE_LOCATION' value=false
12-31 19:00:15.126   975   975 V NetDiscover_prefremrc: name='pref_has_speaker' value=false
12-31 19:00:15.126   975   975 V NetDiscover_prefremrc: name='android.permission.WRITE_EXTERNAL_STORAGE' value=false
12-31 19:00:15.126   975   975 V NetDiscover_prefremrc: name='pref_connection_owner_password' value=Hydroflouric9421
12-31 19:00:15.126   975   975 V NetDiscover_prefremrc: name='pref_pairing_kind' value=RCWIRELESSAP
12-31 19:00:15.126   975   975 V NetDiscover_prefremrc: name='pref_device_name_internal' value=9421-RC
12-31 19:00:15.126   975   975 V NetDiscover_prefremrc: name='pref_app_theme' value=red
12-31 19:00:15.127   975   975 V NetDiscover_prefremrc: name='android.permission.ACCESS_FINE_LOCATION' value=false
12-31 19:00:15.127   975   975 V NetDiscover_prefremrc: name='pref_device_name' value=9421-RC
12-31 19:00:15.127   975   975 V NetDiscover_prefremrc: name='pref_warn_about_2_4_ghz_band' value=true
12-31 19:00:15.127   975   975 V NetDiscover_prefremrc: name='android.permission.READ_EXTERNAL_STORAGE' value=false
12-31 19:00:15.127   975   975 V NetDiscover_prefremrc: name='pref_device_name_tracking' value=WIFIAP
12-31 19:00:15.127   975   975 V NetDiscover_prefremrc: name='pref_rc_connected' value=true
12-31 19:00:15.133   975   975 V Robocol : SendOnceRunnable created
12-31 19:00:15.135   975   975 V NetDiscover_prefremrc: doStart()...
12-31 19:00:15.135   975   975 V NetDiscover_prefremrc: ...doStart()
12-31 19:00:15.178   975   975 W System  : ClassLoader referenced unknown path: /system/app/webview/lib/arm64
12-31 19:00:15.180   975   975 D ApplicationLoaders: ignored Vulkan layer search path /system/app/webview/lib/arm64:/system/app/webview/webview.apk!/lib/arm64-v8a:/system/lib64:/vendor/lib64 for namespace 0x78e1fe40f0
12-31 19:00:15.183   975   975 I WebViewFactory: Loading com.android.webview version 52.0.2743.100 (code 275610050)
12-31 19:00:15.271   975   975 I cr_LibraryLoader: Time to load native libraries: 54 ms (timestamps 5216-5270)
12-31 19:00:15.271   975   975 I cr_LibraryLoader: Expected native library version number "52.0.2743.100", actual native library version number "52.0.2743.100"
12-31 19:00:15.328   975   975 V WebViewChromiumFactoryProvider: Binding Chromium to main looper Looper (main, tid 1) {1c77d55}
12-31 19:00:15.328   975   975 I cr_LibraryLoader: Expected native library version number "52.0.2743.100", actual native library version number "52.0.2743.100"
12-31 19:00:15.365   975   975 I chromium: [INFO:library_loader_hooks.cc(143)] Chromium logging enabled: level = 0, default verbosity = 0
12-31 19:00:15.386   975   975 I cr_BrowserStartup: Initializing chromium process, singleProcess=true
12-31 19:00:15.457   975   975 I mali_so : [File] : hardware/rockchip/driver/./src/base/arch/arch_011_udd/base_arch_main.c; [Line] : 565; [Func] : deal_with_version_affairs_rk_ext;
12-31 19:00:15.457   975   975 I mali_so : arm_release_ver of this mali_so is 'r7p0-00rel1', rk_so_ver is '1@2' for 3328h_android_7.1, built at '15:47:51', on 'Jun 28 2017'.
12-31 19:00:15.457   975   975 I mali_so : [File] : hardware/rockchip/driver/./src/base/arch/arch_011_udd/base_arch_main.c; [Line] : 578; [Func] : deal_with_version_affairs_rk_ext;
12-31 19:00:15.457   975   975 I mali_so : mali_ver_property has been set to 'r7p0-00rel1-5-1@2', to return.
12-31 19:00:15.548   975   975 I cr_DRP  : No DRP key due to exception:java.lang.ClassNotFoundException: com.android.webview.chromium.Drp
12-31 19:00:15.616   975   975 W cr_AwContents: onDetachedFromWindow called when already detached. Ignoring
12-31 19:00:15.948   975   975 W System  : ClassLoader referenced unknown path: 
12-31 19:00:16.189   975   975 W ClassManager: com.journeyapps.barcodescanner.ScanContract java.lang.ClassNotFoundException: com.journeyapps.barcodescanner.ScanContract
12-31 19:00:16.193   975   975 E ClassManager: java.lang.ClassNotFoundException: com.journeyapps.barcodescanner.ScanContract
12-31 19:00:16.195   975   975 E ClassManager: 	at java.lang.Class.classForName(Native Method)
12-31 19:00:16.196   975   975 E ClassManager: 	at java.lang.Class.forName(Class.java:400)
12-31 19:00:16.199   975   975 E ClassManager: 	at org.firstinspires.ftc.robotcore.internal.opmode.ClassManager.classNamesToClasses(ClassManager.java:215)
12-31 19:00:16.202   975   975 E ClassManager: 	at org.firstinspires.ftc.robotcore.internal.opmode.ClassManager.processAllClasses(ClassManager.java:258)
12-31 19:00:16.204   975   975 E ClassManager: 	at com.qualcomm.ftccommon.ClassManagerFactory.processAllClasses(ClassManagerFactory.java:94)
12-31 19:00:16.207   975   975 E ClassManager: 	at org.firstinspires.ftc.robotcontroller.internal.FtcRobotControllerActivity.onCreate(FtcRobotControllerActivity.java:356)
12-31 19:00:16.208   975   975 E ClassManager: 	at android.app.Activity.performCreate(Activity.java:6709)
12-31 19:00:16.209   975   975 E ClassManager: 	at android.app.Instrumentation.callActivityOnCreate(Instrumentation.java:1118)
12-31 19:00:16.210   975   975 E ClassManager: 	at android.app.ActivityThread.performLaunchActivity(ActivityThread.java:2619)
12-31 19:00:16.211   975   975 E ClassManager: 	at android.app.ActivityThread.handleLaunchActivity(ActivityThread.java:2727)
12-31 19:00:16.212   975   975 E ClassManager: 	at android.app.ActivityThread.-wrap12(ActivityThread.java)
12-31 19:00:16.213   975   975 E ClassManager: 	at android.app.ActivityThread$H.handleMessage(ActivityThread.java:1478)
12-31 19:00:16.214   975   975 E ClassManager: 	at android.os.Handler.dispatchMessage(Handler.java:102)
12-31 19:00:16.215   975   975 E ClassManager: 	at android.os.Looper.loop(Looper.java:154)
12-31 19:00:16.216   975   975 E ClassManager: 	at android.app.ActivityThread.main(ActivityThread.java:6121)
12-31 19:00:16.217   975   975 E ClassManager: 	at java.lang.reflect.Method.invoke(Native Method)
12-31 19:00:16.218   975   975 E ClassManager: 	at com.android.internal.os.ZygoteInit$MethodAndArgsCaller.run(ZygoteInit.java:905)
12-31 19:00:16.220   975   975 E ClassManager: 	at com.android.internal.os.ZygoteInit.main(ZygoteInit.java:795)
12-31 19:00:16.222   975   975 E ClassManager: Caused by: java.lang.ClassNotFoundException: Didn't find class "com.journeyapps.barcodescanner.ScanContract" on path: DexPathList[[],nativeLibraryDirectories=[/system/lib64, /vendor/lib64]]
12-31 19:00:16.223   975   975 E ClassManager: 	at dalvik.system.BaseDexClassLoader.findClass(BaseDexClassLoader.java:56)
12-31 19:00:16.223   975   975 E ClassManager: 	at java.lang.ClassLoader.loadClass(ClassLoader.java:380)
12-31 19:00:16.224   975   975 E ClassManager: 	at java.lang.ClassLoader.loadClass(ClassLoader.java:312)
12-31 19:00:16.224   975   975 E ClassManager: 	... 18 more
12-31 19:00:16.237   975   975 W ClassManager: com.noahbres.meepmeep.MeepMeep$2 java.lang.ClassNotFoundException: com.noahbres.meepmeep.MeepMeep$2
12-31 19:00:16.237   975   975 E ClassManager: java.lang.ClassNotFoundException: com.noahbres.meepmeep.MeepMeep$2
12-31 19:00:16.238   975   975 E ClassManager: 	at java.lang.Class.classForName(Native Method)
12-31 19:00:16.239   975   975 E ClassManager: 	at java.lang.Class.forName(Class.java:400)
12-31 19:00:16.239   975   975 E ClassManager: 	at org.firstinspires.ftc.robotcore.internal.opmode.ClassManager.classNamesToClasses(ClassManager.java:215)
12-31 19:00:16.240   975   975 E ClassManager: 	at org.firstinspires.ftc.robotcore.internal.opmode.ClassManager.processAllClasses(ClassManager.java:258)
12-31 19:00:16.241   975   975 E ClassManager: 	at com.qualcomm.ftccommon.ClassManagerFactory.processAllClasses(ClassManagerFactory.java:94)
12-31 19:00:16.241   975   975 E ClassManager: 	at org.firstinspires.ftc.robotcontroller.internal.FtcRobotControllerActivity.onCreate(FtcRobotControllerActivity.java:356)
12-31 19:00:16.242   975   975 E ClassManager: 	at android.app.Activity.performCreate(Activity.java:6709)
12-31 19:00:16.243   975   975 E ClassManager: 	at android.app.Instrumentation.callActivityOnCreate(Instrumentation.java:1118)
12-31 19:00:16.244   975   975 E ClassManager: 	at android.app.ActivityThread.performLaunchActivity(ActivityThread.java:2619)
12-31 19:00:16.245   975   975 E ClassManager: 	at android.app.ActivityThread.handleLaunchActivity(ActivityThread.java:2727)
12-31 19:00:16.245   975   975 E ClassManager: 	at android.app.ActivityThread.-wrap12(ActivityThread.java)
12-31 19:00:16.246   975   975 E ClassManager: 	at android.app.ActivityThread$H.handleMessage(ActivityThread.java:1478)
12-31 19:00:16.246   975   975 E ClassManager: 	at android.os.Handler.dispatchMessage(Handler.java:102)
12-31 19:00:16.247   975   975 E ClassManager: 	at android.os.Looper.loop(Looper.java:154)
12-31 19:00:16.247   975   975 E ClassManager: 	at android.app.ActivityThread.main(ActivityThread.java:6121)
12-31 19:00:16.248   975   975 E ClassManager: 	at java.lang.reflect.Method.invoke(Native Method)
12-31 19:00:16.249   975   975 E ClassManager: 	at com.android.internal.os.ZygoteInit$MethodAndArgsCaller.run(ZygoteInit.java:905)
12-31 19:00:16.249   975   975 E ClassManager: 	at com.android.internal.os.ZygoteInit.main(ZygoteInit.java:795)
12-31 19:00:16.250   975   975 E ClassManager: Caused by: java.lang.ClassNotFoundException: Didn't find class "com.noahbres.meepmeep.MeepMeep$2" on path: DexPathList[[],nativeLibraryDirectories=[/system/lib64, /vendor/lib64]]
12-31 19:00:16.251   975   975 E ClassManager: 	at dalvik.system.BaseDexClassLoader.findClass(BaseDexClassLoader.java:56)
12-31 19:00:16.251   975   975 E ClassManager: 	at java.lang.ClassLoader.loadClass(ClassLoader.java:380)
12-31 19:00:16.252   975   975 E ClassManager: 	at java.lang.ClassLoader.loadClass(ClassLoader.java:312)
12-31 19:00:16.252   975   975 E ClassManager: 	... 18 more
12-31 19:00:16.260   975   975 W ClassManager: com.noahbres.meepmeep.core.colorscheme.ColorHex java.lang.ClassNotFoundException: com.noahbres.meepmeep.core.colorscheme.ColorHex
12-31 19:00:16.261   975   975 E ClassManager: java.lang.ClassNotFoundException: com.noahbres.meepmeep.core.colorscheme.ColorHex
12-31 19:00:16.262   975   975 E ClassManager: 	at java.lang.Class.classForName(Native Method)
12-31 19:00:16.262   975   975 E ClassManager: 	at java.lang.Class.forName(Class.java:400)
12-31 19:00:16.263   975   975 E ClassManager: 	at org.firstinspires.ftc.robotcore.internal.opmode.ClassManager.classNamesToClasses(ClassManager.java:215)
12-31 19:00:16.264   975   975 E ClassManager: 	at org.firstinspires.ftc.robotcore.internal.opmode.ClassManager.processAllClasses(ClassManager.java:258)
12-31 19:00:16.264   975   975 E ClassManager: 	at com.qualcomm.ftccommon.ClassManagerFactory.processAllClasses(ClassManagerFactory.java:94)
12-31 19:00:16.265   975   975 E ClassManager: 	at org.firstinspires.ftc.robotcontroller.internal.FtcRobotControllerActivity.onCreate(FtcRobotControllerActivity.java:356)
12-31 19:00:16.265   975   975 E ClassManager: 	at android.app.Activity.performCreate(Activity.java:6709)
12-31 19:00:16.266   975   975 E ClassManager: 	at android.app.Instrumentation.callActivityOnCreate(Instrumentation.java:1118)
12-31 19:00:16.266   975   975 E ClassManager: 	at android.app.ActivityThread.performLaunchActivity(ActivityThread.java:2619)
12-31 19:00:16.267   975   975 E ClassManager: 	at android.app.ActivityThread.handleLaunchActivity(ActivityThread.java:2727)
12-31 19:00:16.268   975   975 E ClassManager: 	at android.app.ActivityThread.-wrap12(ActivityThread.java)
12-31 19:00:16.269   975   975 E ClassManager: 	at android.app.ActivityThread$H.handleMessage(ActivityThread.java:1478)
12-31 19:00:16.269   975   975 E ClassManager: 	at android.os.Handler.dispatchMessage(Handler.java:102)
12-31 19:00:16.270   975   975 E ClassManager: 	at android.os.Looper.loop(Looper.java:154)
12-31 19:00:16.271   975   975 E ClassManager: 	at android.app.ActivityThread.main(ActivityThread.java:6121)
12-31 19:00:16.271   975   975 E ClassManager: 	at java.lang.reflect.Method.invoke(Native Method)
12-31 19:00:16.272   975   975 E ClassManager: 	at com.android.internal.os.ZygoteInit$MethodAndArgsCaller.run(ZygoteInit.java:905)
12-31 19:00:16.272   975   975 E ClassManager: 	at com.android.internal.os.ZygoteInit.main(ZygoteInit.java:795)
12-31 19:00:16.273   975   975 E ClassManager: Caused by: java.lang.ClassNotFoundException: Didn't find class "com.noahbres.meepmeep.core.colorscheme.ColorHex" on path: DexPathList[[],nativeLibraryDirectories=[/system/lib64, /vendor/lib64]]
12-31 19:00:16.274   975   975 E ClassManager: 	at dalvik.system.BaseDexClassLoader.findClass(BaseDexClassLoader.java:56)
12-31 19:00:16.275   975   975 E ClassManager: 	at java.lang.ClassLoader.loadClass(ClassLoader.java:380)
12-31 19:00:16.275   975   975 E ClassManager: 	at java.lang.ClassLoader.loadClass(ClassLoader.java:312)
12-31 19:00:16.276   975   975 E ClassManager: 	... 18 more
12-31 19:00:16.281   975   975 W ClassManager: com.noahbres.meepmeep.core.entity.AxesEntity java.lang.ClassNotFoundException: com.noahbres.meepmeep.core.entity.AxesEntity
12-31 19:00:16.282   975   975 E ClassManager: java.lang.ClassNotFoundException: com.noahbres.meepmeep.core.entity.AxesEntity
12-31 19:00:16.283   975   975 E ClassManager: 	at java.lang.Class.classForName(Native Method)
12-31 19:00:16.283   975   975 E ClassManager: 	at java.lang.Class.forName(Class.java:400)
12-31 19:00:16.284   975   975 E ClassManager: 	at org.firstinspires.ftc.robotcore.internal.opmode.ClassManager.classNamesToClasses(ClassManager.java:215)
12-31 19:00:16.284   975   975 E ClassManager: 	at org.firstinspires.ftc.robotcore.internal.opmode.ClassManager.processAllClasses(ClassManager.java:258)
12-31 19:00:16.285   975   975 E ClassManager: 	at com.qualcomm.ftccommon.ClassManagerFactory.processAllClasses(ClassManagerFactory.java:94)
12-31 19:00:16.285   975   975 E ClassManager: 	at org.firstinspires.ftc.robotcontroller.internal.FtcRobotControllerActivity.onCreate(FtcRobotControllerActivity.java:356)
12-31 19:00:16.286   975   975 E ClassManager: 	at android.app.Activity.performCreate(Activity.java:6709)
12-31 19:00:16.286   975   975 E ClassManager: 	at android.app.Instrumentation.callActivityOnCreate(Instrumentation.java:1118)
12-31 19:00:16.287   975   975 E ClassManager: 	at android.app.ActivityThread.performLaunchActivity(ActivityThread.java:2619)
12-31 19:00:16.287   975   975 E ClassManager: 	at android.app.ActivityThread.handleLaunchActivity(ActivityThread.java:2727)
12-31 19:00:16.288   975   975 E ClassManager: 	at android.app.ActivityThread.-wrap12(ActivityThread.java)
12-31 19:00:16.288   975   975 E ClassManager: 	at android.app.ActivityThread$H.handleMessage(ActivityThread.java:1478)
12-31 19:00:16.288   975   975 E ClassManager: 	at android.os.Handler.dispatchMessage(Handler.java:102)
12-31 19:00:16.289   975   975 E ClassManager: 	at android.os.Looper.loop(Looper.java:154)
12-31 19:00:16.289   975   975 E ClassManager: 	at android.app.ActivityThread.main(ActivityThread.java:6121)
12-31 19:00:16.290   975   975 E ClassManager: 	at java.lang.reflect.Method.invoke(Native Method)
12-31 19:00:16.290   975   975 E ClassManager: 	at com.android.internal.os.ZygoteInit$MethodAndArgsCaller.run(ZygoteInit.java:905)
12-31 19:00:16.291   975   975 E ClassManager: 	at com.android.internal.os.ZygoteInit.main(ZygoteInit.java:795)
12-31 19:00:16.292   975   975 E ClassManager: Caused by: java.lang.ClassNotFoundException: Didn't find class "com.noahbres.meepmeep.core.entity.AxesEntity" on path: DexPathList[[],nativeLibraryDirectories=[/system/lib64, /vendor/lib64]]
12-31 19:00:16.292   975   975 E ClassManager: 	at dalvik.system.BaseDexClassLoader.findClass(BaseDexClassLoader.java:56)
12-31 19:00:16.293   975   975 E ClassManager: 	at java.lang.ClassLoader.loadClass(ClassLoader.java:380)
12-31 19:00:16.293   975   975 E ClassManager: 	at java.lang.ClassLoader.loadClass(ClassLoader.java:312)
12-31 19:00:16.293   975   975 E ClassManager: 	... 18 more
12-31 19:00:16.298   975   975 W ClassManager: com.noahbres.meepmeep.core.entity.CompassEntity java.lang.ClassNotFoundException: com.noahbres.meepmeep.core.entity.CompassEntity
12-31 19:00:16.299   975   975 E ClassManager: java.lang.ClassNotFoundException: com.noahbres.meepmeep.core.entity.CompassEntity
12-31 19:00:16.299   975   975 E ClassManager: 	at java.lang.Class.classForName(Native Method)
12-31 19:00:16.300   975   975 E ClassManager: 	at java.lang.Class.forName(Class.java:400)
12-31 19:00:16.300   975   975 E ClassManager: 	at org.firstinspires.ftc.robotcore.internal.opmode.ClassManager.classNamesToClasses(ClassManager.java:215)
12-31 19:00:16.301   975   975 E ClassManager: 	at org.firstinspires.ftc.robotcore.internal.opmode.ClassManager.processAllClasses(ClassManager.java:258)
12-31 19:00:16.301   975   975 E ClassManager: 	at com.qualcomm.ftccommon.ClassManagerFactory.processAllClasses(ClassManagerFactory.java:94)
12-31 19:00:16.302   975   975 E ClassManager: 	at org.firstinspires.ftc.robotcontroller.internal.FtcRobotControllerActivity.onCreate(FtcRobotControllerActivity.java:356)
12-31 19:00:16.302   975   975 E ClassManager: 	at android.app.Activity.performCreate(Activity.java:6709)
12-31 19:00:16.302   975   975 E ClassManager: 	at android.app.Instrumentation.callActivityOnCreate(Instrumentation.java:1118)
12-31 19:00:16.303   975   975 E ClassManager: 	at android.app.ActivityThread.performLaunchActivity(ActivityThread.java:2619)
12-31 19:00:16.304   975   975 E ClassManager: 	at android.app.ActivityThread.handleLaunchActivity(ActivityThread.java:2727)
12-31 19:00:16.304   975   975 E ClassManager: 	at android.app.ActivityThread.-wrap12(ActivityThread.java)
12-31 19:00:16.305   975   975 E ClassManager: 	at android.app.ActivityThread$H.handleMessage(ActivityThread.java:1478)
12-31 19:00:16.305   975   975 E ClassManager: 	at android.os.Handler.dispatchMessage(Handler.java:102)
12-31 19:00:16.305   975   975 E ClassManager: 	at android.os.Looper.loop(Looper.java:154)
12-31 19:00:16.306   975   975 E ClassManager: 	at android.app.ActivityThread.main(ActivityThread.java:6121)
12-31 19:00:16.306   975   975 E ClassManager: 	at java.lang.reflect.Method.invoke(Native Method)
12-31 19:00:16.307   975   975 E ClassManager: 	at com.android.internal.os.ZygoteInit$MethodAndArgsCaller.run(ZygoteInit.java:905)
12-31 19:00:16.307   975   975 E ClassManager: 	at com.android.internal.os.ZygoteInit.main(ZygoteInit.java:795)
12-31 19:00:16.308   975   975 E ClassManager: Caused by: java.lang.ClassNotFoundException: Didn't find class "com.noahbres.meepmeep.core.entity.CompassEntity" on path: DexPathList[[],nativeLibraryDirectories=[/system/lib64, /vendor/lib64]]
12-31 19:00:16.309   975   975 E ClassManager: 	at dalvik.system.BaseDexClassLoader.findClass(BaseDexClassLoader.java:56)
12-31 19:00:16.309   975   975 E ClassManager: 	at java.lang.ClassLoader.loadClass(ClassLoader.java:380)
12-31 19:00:16.309   975   975 E ClassManager: 	at java.lang.ClassLoader.loadClass(ClassLoader.java:312)
12-31 19:00:16.310   975   975 E ClassManager: 	... 18 more
12-31 19:00:16.314   975   975 W ClassManager: com.noahbres.meepmeep.core.ui.MainCanvas java.lang.ClassNotFoundException: com.noahbres.meepmeep.core.ui.MainCanvas
12-31 19:00:16.315   975   975 E ClassManager: java.lang.ClassNotFoundException: com.noahbres.meepmeep.core.ui.MainCanvas
12-31 19:00:16.315   975   975 E ClassManager: 	at java.lang.Class.classForName(Native Method)
12-31 19:00:16.316   975   975 E ClassManager: 	at java.lang.Class.forName(Class.java:400)
12-31 19:00:16.316   975   975 E ClassManager: 	at org.firstinspires.ftc.robotcore.internal.opmode.ClassManager.classNamesToClasses(ClassManager.java:215)
12-31 19:00:16.317   975   975 E ClassManager: 	at org.firstinspires.ftc.robotcore.internal.opmode.ClassManager.processAllClasses(ClassManager.java:258)
12-31 19:00:16.318   975   975 E ClassManager: 	at com.qualcomm.ftccommon.ClassManagerFactory.processAllClasses(ClassManagerFactory.java:94)
12-31 19:00:16.318   975   975 E ClassManager: 	at org.firstinspires.ftc.robotcontroller.internal.FtcRobotControllerActivity.onCreate(FtcRobotControllerActivity.java:356)
12-31 19:00:16.319   975   975 E ClassManager: 	at android.app.Activity.performCreate(Activity.java:6709)
12-31 19:00:16.319   975   975 E ClassManager: 	at android.app.Instrumentation.callActivityOnCreate(Instrumentation.java:1118)
12-31 19:00:16.320   975   975 E ClassManager: 	at android.app.ActivityThread.performLaunchActivity(ActivityThread.java:2619)
12-31 19:00:16.320   975   975 E ClassManager: 	at android.app.ActivityThread.handleLaunchActivity(ActivityThread.java:2727)
12-31 19:00:16.321   975   975 E ClassManager: 	at android.app.ActivityThread.-wrap12(ActivityThread.java)
12-31 19:00:16.321   975   975 E ClassManager: 	at android.app.ActivityThread$H.handleMessage(ActivityThread.java:1478)
12-31 19:00:16.321   975   975 E ClassManager: 	at android.os.Handler.dispatchMessage(Handler.java:102)
12-31 19:00:16.322   975   975 E ClassManager: 	at android.os.Looper.loop(Looper.java:154)
12-31 19:00:16.322   975   975 E ClassManager: 	at android.app.ActivityThread.main(ActivityThread.java:6121)
12-31 19:00:16.323   975   975 E ClassManager: 	at java.lang.reflect.Method.invoke(Native Method)
12-31 19:00:16.323   975   975 E ClassManager: 	at com.android.internal.os.ZygoteInit$MethodAndArgsCaller.run(ZygoteInit.java:905)
12-31 19:00:16.324   975   975 E ClassManager: 	at com.android.internal.os.ZygoteInit.main(ZygoteInit.java:795)
12-31 19:00:16.325   975   975 E ClassManager: Caused by: java.lang.ClassNotFoundException: Didn't find class "com.noahbres.meepmeep.core.ui.MainCanvas" on path: DexPathList[[],nativeLibraryDirectories=[/system/lib64, /vendor/lib64]]
12-31 19:00:16.325   975   975 E ClassManager: 	at dalvik.system.BaseDexClassLoader.findClass(BaseDexClassLoader.java:56)
12-31 19:00:16.326   975   975 E ClassManager: 	at java.lang.ClassLoader.loadClass(ClassLoader.java:380)
12-31 19:00:16.326   975   975 E ClassManager: 	at java.lang.ClassLoader.loadClass(ClassLoader.java:312)
12-31 19:00:16.326   975   975 E ClassManager: 	... 18 more
12-31 19:00:16.330   975   975 W ClassManager: com.noahbres.meepmeep.core.ui.WindowFrame$1 java.lang.ClassNotFoundException: com.noahbres.meepmeep.core.ui.WindowFrame$1
12-31 19:00:16.331   975   975 E ClassManager: java.lang.ClassNotFoundException: com.noahbres.meepmeep.core.ui.WindowFrame$1
12-31 19:00:16.332   975   975 E ClassManager: 	at java.lang.Class.classForName(Native Method)
12-31 19:00:16.332   975   975 E ClassManager: 	at java.lang.Class.forName(Class.java:400)
12-31 19:00:16.333   975   975 E ClassManager: 	at org.firstinspires.ftc.robotcore.internal.opmode.ClassManager.classNamesToClasses(ClassManager.java:215)
12-31 19:00:16.333   975   975 E ClassManager: 	at org.firstinspires.ftc.robotcore.internal.opmode.ClassManager.processAllClasses(ClassManager.java:258)
12-31 19:00:16.334   975   975 E ClassManager: 	at com.qualcomm.ftccommon.ClassManagerFactory.processAllClasses(ClassManagerFactory.java:94)
12-31 19:00:16.334   975   975 E ClassManager: 	at org.firstinspires.ftc.robotcontroller.internal.FtcRobotControllerActivity.onCreate(FtcRobotControllerActivity.java:356)
12-31 19:00:16.335   975   975 E ClassManager: 	at android.app.Activity.performCreate(Activity.java:6709)
12-31 19:00:16.335   975   975 E ClassManager: 	at android.app.Instrumentation.callActivityOnCreate(Instrumentation.java:1118)
12-31 19:00:16.336   975   975 E ClassManager: 	at android.app.ActivityThread.performLaunchActivity(ActivityThread.java:2619)
12-31 19:00:16.336   975   975 E ClassManager: 	at android.app.ActivityThread.handleLaunchActivity(ActivityThread.java:2727)
12-31 19:00:16.337   975   975 E ClassManager: 	at android.app.ActivityThread.-wrap12(ActivityThread.java)
12-31 19:00:16.337   975   975 E ClassManager: 	at android.app.ActivityThread$H.handleMessage(ActivityThread.java:1478)
12-31 19:00:16.338   975   975 E ClassManager: 	at android.os.Handler.dispatchMessage(Handler.java:102)
12-31 19:00:16.338   975   975 E ClassManager: 	at android.os.Looper.loop(Looper.java:154)
12-31 19:00:16.339   975   975 E ClassManager: 	at android.app.ActivityThread.main(ActivityThread.java:6121)
12-31 19:00:16.339   975   975 E ClassManager: 	at java.lang.reflect.Method.invoke(Native Method)
12-31 19:00:16.340   975   975 E ClassManager: 	at com.android.internal.os.ZygoteInit$MethodAndArgsCaller.run(ZygoteInit.java:905)
12-31 19:00:16.341   975   975 E ClassManager: 	at com.android.internal.os.ZygoteInit.main(ZygoteInit.java:795)
12-31 19:00:16.342   975   975 E ClassManager: Caused by: java.lang.ClassNotFoundException: Didn't find class "com.noahbres.meepmeep.core.ui.WindowFrame$1" on path: DexPathList[[],nativeLibraryDirectories=[/system/lib64, /vendor/lib64]]
12-31 19:00:16.342   975   975 E ClassManager: 	at dalvik.system.BaseDexClassLoader.findClass(BaseDexClassLoader.java:56)
12-31 19:00:16.343   975   975 E ClassManager: 	at java.lang.ClassLoader.loadClass(ClassLoader.java:380)
12-31 19:00:16.343   975   975 E ClassManager: 	at java.lang.ClassLoader.loadClass(ClassLoader.java:312)
12-31 19:00:16.343   975   975 E ClassManager: 	... 18 more
12-31 19:00:16.357   975   975 W ClassManager: com.noahbres.meepmeep.roadrunner.ui.TrajectoryProgressSliderMaster$1 java.lang.ClassNotFoundException: com.noahbres.meepmeep.roadrunner.ui.TrajectoryProgressSliderMaster$1
12-31 19:00:16.358   975   975 E ClassManager: java.lang.ClassNotFoundException: com.noahbres.meepmeep.roadrunner.ui.TrajectoryProgressSliderMaster$1
12-31 19:00:16.359   975   975 E ClassManager: 	at java.lang.Class.classForName(Native Method)
12-31 19:00:16.359   975   975 E ClassManager: 	at java.lang.Class.forName(Class.java:400)
12-31 19:00:16.360   975   975 E ClassManager: 	at org.firstinspires.ftc.robotcore.internal.opmode.ClassManager.classNamesToClasses(ClassManager.java:215)
12-31 19:00:16.360   975   975 E ClassManager: 	at org.firstinspires.ftc.robotcore.internal.opmode.ClassManager.processAllClasses(ClassManager.java:258)
12-31 19:00:16.361   975   975 E ClassManager: 	at com.qualcomm.ftccommon.ClassManagerFactory.processAllClasses(ClassManagerFactory.java:94)
12-31 19:00:16.362   975   975 E ClassManager: 	at org.firstinspires.ftc.robotcontroller.internal.FtcRobotControllerActivity.onCreate(FtcRobotControllerActivity.java:356)
12-31 19:00:16.362   975   975 E ClassManager: 	at android.app.Activity.performCreate(Activity.java:6709)
12-31 19:00:16.362   975   975 E ClassManager: 	at android.app.Instrumentation.callActivityOnCreate(Instrumentation.java:1118)
12-31 19:00:16.363   975   975 E ClassManager: 	at android.app.ActivityThread.performLaunchActivity(ActivityThread.java:2619)
12-31 19:00:16.363   975   975 E ClassManager: 	at android.app.ActivityThread.handleLaunchActivity(ActivityThread.java:2727)
12-31 19:00:16.364   975   975 E ClassManager: 	at android.app.ActivityThread.-wrap12(ActivityThread.java)
12-31 19:00:16.364   975   975 E ClassManager: 	at android.app.ActivityThread$H.handleMessage(ActivityThread.java:1478)
12-31 19:00:16.365   975   975 E ClassManager: 	at android.os.Handler.dispatchMessage(Handler.java:102)
12-31 19:00:16.365   975   975 E ClassManager: 	at android.os.Looper.loop(Looper.java:154)
12-31 19:00:16.365   975   975 E ClassManager: 	at android.app.ActivityThread.main(ActivityThread.java:6121)
12-31 19:00:16.366   975   975 E ClassManager: 	at java.lang.reflect.Method.invoke(Native Method)
12-31 19:00:16.366   975   975 E ClassManager: 	at com.android.internal.os.ZygoteInit$MethodAndArgsCaller.run(ZygoteInit.java:905)
12-31 19:00:16.367   975   975 E ClassManager: 	at com.android.internal.os.ZygoteInit.main(ZygoteInit.java:795)
12-31 19:00:16.368   975   975 E ClassManager: Caused by: java.lang.ClassNotFoundException: Didn't find class "com.noahbres.meepmeep.roadrunner.ui.TrajectoryProgressSliderMaster$1" on path: DexPathList[[],nativeLibraryDirectories=[/system/lib64, /vendor/lib64]]
12-31 19:00:16.369   975   975 E ClassManager: 	at dalvik.system.BaseDexClassLoader.findClass(BaseDexClassLoader.java:56)
12-31 19:00:16.369   975   975 E ClassManager: 	at java.lang.ClassLoader.loadClass(ClassLoader.java:380)
12-31 19:00:16.369   975   975 E ClassManager: 	at java.lang.ClassLoader.loadClass(ClassLoader.java:312)
12-31 19:00:16.370   975   975 E ClassManager: 	... 18 more
12-31 19:00:16.374   975   975 W ClassManager: com.noahbres.meepmeep.roadrunner.ui.TrajectoryProgressSubSlider java.lang.ClassNotFoundException: com.noahbres.meepmeep.roadrunner.ui.TrajectoryProgressSubSlider
12-31 19:00:16.375   975   975 E ClassManager: java.lang.ClassNotFoundException: com.noahbres.meepmeep.roadrunner.ui.TrajectoryProgressSubSlider
12-31 19:00:16.375   975   975 E ClassManager: 	at java.lang.Class.classForName(Native Method)
12-31 19:00:16.376   975   975 E ClassManager: 	at java.lang.Class.forName(Class.java:400)
12-31 19:00:16.376   975   975 E ClassManager: 	at org.firstinspires.ftc.robotcore.internal.opmode.ClassManager.classNamesToClasses(ClassManager.java:215)
12-31 19:00:16.377   975   975 E ClassManager: 	at org.firstinspires.ftc.robotcore.internal.opmode.ClassManager.processAllClasses(ClassManager.java:258)
12-31 19:00:16.377   975   975 E ClassManager: 	at com.qualcomm.ftccommon.ClassManagerFactory.processAllClasses(ClassManagerFactory.java:94)
12-31 19:00:16.378   975   975 E ClassManager: 	at org.firstinspires.ftc.robotcontroller.internal.FtcRobotControllerActivity.onCreate(FtcRobotControllerActivity.java:356)
12-31 19:00:16.379   975   975 E ClassManager: 	at android.app.Activity.performCreate(Activity.java:6709)
12-31 19:00:16.379   975   975 E ClassManager: 	at android.app.Instrumentation.callActivityOnCreate(Instrumentation.java:1118)
12-31 19:00:16.379   975   975 E ClassManager: 	at android.app.ActivityThread.performLaunchActivity(ActivityThread.java:2619)
12-31 19:00:16.380   975   975 E ClassManager: 	at android.app.ActivityThread.handleLaunchActivity(ActivityThread.java:2727)
12-31 19:00:16.380   975   975 E ClassManager: 	at android.app.ActivityThread.-wrap12(ActivityThread.java)
12-31 19:00:16.381   975   975 E ClassManager: 	at android.app.ActivityThread$H.handleMessage(ActivityThread.java:1478)
12-31 19:00:16.381   975   975 E ClassManager: 	at android.os.Handler.dispatchMessage(Handler.java:102)
12-31 19:00:16.382   975   975 E ClassManager: 	at android.os.Looper.loop(Looper.java:154)
12-31 19:00:16.382   975   975 E ClassManager: 	at android.app.ActivityThread.main(ActivityThread.java:6121)
12-31 19:00:16.382   975   975 E ClassManager: 	at java.lang.reflect.Method.invoke(Native Method)
12-31 19:00:16.383   975   975 E ClassManager: 	at com.android.internal.os.ZygoteInit$MethodAndArgsCaller.run(ZygoteInit.java:905)
12-31 19:00:16.384   975   975 E ClassManager: 	at com.android.internal.os.ZygoteInit.main(ZygoteInit.java:795)
12-31 19:00:16.385   975   975 E ClassManager: Caused by: java.lang.ClassNotFoundException: Didn't find class "com.noahbres.meepmeep.roadrunner.ui.TrajectoryProgressSubSlider" on path: DexPathList[[],nativeLibraryDirectories=[/system/lib64, /vendor/lib64]]
12-31 19:00:16.385   975   975 E ClassManager: 	at dalvik.system.BaseDexClassLoader.findClass(BaseDexClassLoader.java:56)
12-31 19:00:16.386   975   975 E ClassManager: 	at java.lang.ClassLoader.loadClass(ClassLoader.java:380)
12-31 19:00:16.386   975   975 E ClassManager: 	at java.lang.ClassLoader.loadClass(ClassLoader.java:312)
12-31 19:00:16.386   975   975 E ClassManager: 	... 18 more
12-31 19:00:17.442   975   975 W ClassManager: org.firstinspires.ftc.teamcode.ParkAuto_Copy2 java.lang.ClassNotFoundException: org.firstinspires.ftc.teamcode.ParkAuto_Copy2
12-31 19:00:17.443   975   975 E ClassManager: java.lang.ClassNotFoundException: org.firstinspires.ftc.teamcode.ParkAuto_Copy2
12-31 19:00:17.444   975   975 E ClassManager: 	at java.lang.Class.classForName(Native Method)
12-31 19:00:17.444   975   975 E ClassManager: 	at java.lang.Class.forName(Class.java:400)
12-31 19:00:17.445   975   975 E ClassManager: 	at org.firstinspires.ftc.robotcore.internal.opmode.ClassManager.classNamesToClasses(ClassManager.java:215)
12-31 19:00:17.446   975   975 E ClassManager: 	at org.firstinspires.ftc.robotcore.internal.opmode.ClassManager.processAllClasses(ClassManager.java:258)
12-31 19:00:17.446   975   975 E ClassManager: 	at com.qualcomm.ftccommon.ClassManagerFactory.processAllClasses(ClassManagerFactory.java:94)
12-31 19:00:17.447   975   975 E ClassManager: 	at org.firstinspires.ftc.robotcontroller.internal.FtcRobotControllerActivity.onCreate(FtcRobotControllerActivity.java:356)
12-31 19:00:17.447   975   975 E ClassManager: 	at android.app.Activity.performCreate(Activity.java:6709)
12-31 19:00:17.448   975   975 E ClassManager: 	at android.app.Instrumentation.callActivityOnCreate(Instrumentation.java:1118)
12-31 19:00:17.448   975   975 E ClassManager: 	at android.app.ActivityThread.performLaunchActivity(ActivityThread.java:2619)
12-31 19:00:17.449   975   975 E ClassManager: 	at android.app.ActivityThread.handleLaunchActivity(ActivityThread.java:2727)
12-31 19:00:17.449   975   975 E ClassManager: 	at android.app.ActivityThread.-wrap12(ActivityThread.java)
12-31 19:00:17.450   975   975 E ClassManager: 	at android.app.ActivityThread$H.handleMessage(ActivityThread.java:1478)
12-31 19:00:17.450   975   975 E ClassManager: 	at android.os.Handler.dispatchMessage(Handler.java:102)
12-31 19:00:17.451   975   975 E ClassManager: 	at android.os.Looper.loop(Looper.java:154)
12-31 19:00:17.451   975   975 E ClassManager: 	at android.app.ActivityThread.main(ActivityThread.java:6121)
12-31 19:00:17.452   975   975 E ClassManager: 	at java.lang.reflect.Method.invoke(Native Method)
12-31 19:00:17.452   975   975 E ClassManager: 	at com.android.internal.os.ZygoteInit$MethodAndArgsCaller.run(ZygoteInit.java:905)
12-31 19:00:17.452   975   975 E ClassManager: 	at com.android.internal.os.ZygoteInit.main(ZygoteInit.java:795)
12-31 19:00:17.453   975   975 E ClassManager: Caused by: java.lang.ClassNotFoundException: Didn't find class "org.firstinspires.ftc.teamcode.ParkAuto_Copy2" on path: DexPathList[[],nativeLibraryDirectories=[/system/lib64, /vendor/lib64]]
12-31 19:00:17.454   975   975 E ClassManager: 	at dalvik.system.BaseDexClassLoader.findClass(BaseDexClassLoader.java:56)
12-31 19:00:17.455   975   975 E ClassManager: 	at java.lang.ClassLoader.loadClass(ClassLoader.java:380)
12-31 19:00:17.456   975   975 E ClassManager: 	at java.lang.ClassLoader.loadClass(ClassLoader.java:312)
12-31 19:00:17.457   975   975 E ClassManager: 	... 18 more
12-31 19:00:17.458   975   975 W ClassManager: org.firstinspires.ftc.teamcode.ParkAuto_Copy java.lang.ClassNotFoundException: org.firstinspires.ftc.teamcode.ParkAuto_Copy
12-31 19:00:17.459   975   975 E ClassManager: java.lang.ClassNotFoundException: org.firstinspires.ftc.teamcode.ParkAuto_Copy
12-31 19:00:17.459   975   975 E ClassManager: 	at java.lang.Class.classForName(Native Method)
12-31 19:00:17.460   975   975 E ClassManager: 	at java.lang.Class.forName(Class.java:400)
12-31 19:00:17.460   975   975 E ClassManager: 	at org.firstinspires.ftc.robotcore.internal.opmode.ClassManager.classNamesToClasses(ClassManager.java:215)
12-31 19:00:17.461   975   975 E ClassManager: 	at org.firstinspires.ftc.robotcore.internal.opmode.ClassManager.processAllClasses(ClassManager.java:258)
12-31 19:00:17.461   975   975 E ClassManager: 	at com.qualcomm.ftccommon.ClassManagerFactory.processAllClasses(ClassManagerFactory.java:94)
12-31 19:00:17.461   975   975 E ClassManager: 	at org.firstinspires.ftc.robotcontroller.internal.FtcRobotControllerActivity.onCreate(FtcRobotControllerActivity.java:356)
12-31 19:00:17.462   975   975 E ClassManager: 	at android.app.Activity.performCreate(Activity.java:6709)
12-31 19:00:17.462   975   975 E ClassManager: 	at android.app.Instrumentation.callActivityOnCreate(Instrumentation.java:1118)
12-31 19:00:17.463   975   975 E ClassManager: 	at android.app.ActivityThread.performLaunchActivity(ActivityThread.java:2619)
12-31 19:00:17.463   975   975 E ClassManager: 	at android.app.ActivityThread.handleLaunchActivity(ActivityThread.java:2727)
12-31 19:00:17.464   975   975 E ClassManager: 	at android.app.ActivityThread.-wrap12(ActivityThread.java)
12-31 19:00:17.464   975   975 E ClassManager: 	at android.app.ActivityThread$H.handleMessage(ActivityThread.java:1478)
12-31 19:00:17.465   975   975 E ClassManager: 	at android.os.Handler.dispatchMessage(Handler.java:102)
12-31 19:00:17.465   975   975 E ClassManager: 	at android.os.Looper.loop(Looper.java:154)
12-31 19:00:17.465   975   975 E ClassManager: 	at android.app.ActivityThread.main(ActivityThread.java:6121)
12-31 19:00:17.466   975   975 E ClassManager: 	at java.lang.reflect.Method.invoke(Native Method)
12-31 19:00:17.466   975   975 E ClassManager: 	at com.android.internal.os.ZygoteInit$MethodAndArgsCaller.run(ZygoteInit.java:905)
12-31 19:00:17.467   975   975 E ClassManager: 	at com.android.internal.os.ZygoteInit.main(ZygoteInit.java:795)
12-31 19:00:17.468   975   975 E ClassManager: Caused by: java.lang.ClassNotFoundException: Didn't find class "org.firstinspires.ftc.teamcode.ParkAuto_Copy" on path: DexPathList[[],nativeLibraryDirectories=[/system/lib64, /vendor/lib64]]
12-31 19:00:17.468   975   975 E ClassManager: 	at dalvik.system.BaseDexClassLoader.findClass(BaseDexClassLoader.java:56)
12-31 19:00:17.468   975   975 E ClassManager: 	at java.lang.ClassLoader.loadClass(ClassLoader.java:380)
12-31 19:00:17.469   975   975 E ClassManager: 	at java.lang.ClassLoader.loadClass(ClassLoader.java:312)
12-31 19:00:17.469   975   975 E ClassManager: 	... 18 more
