01-14 14:49:07.024  2585  2585 E ClassManager: 	at android.app.Instrumentation.callActivityOnCreate(Instrumentation.java:1118)
01-14 14:49:07.024  2585  2585 E ClassManager: 	at android.app.ActivityThread.performLaunchActivity(ActivityThread.java:2619)
01-14 14:49:07.025  2585  2585 E ClassManager: 	at android.app.ActivityThread.handleLaunchActivity(ActivityThread.java:2727)
01-14 14:49:07.025  2585  2585 E ClassManager: 	at android.app.ActivityThread.-wrap12(ActivityThread.java)
01-14 14:49:07.025  2585  2585 E ClassManager: 	at android.app.ActivityThread$H.handleMessage(ActivityThread.java:1478)
01-14 14:49:07.026  2585  2585 E ClassManager: 	at android.os.Handler.dispatchMessage(Handler.java:102)
01-14 14:49:07.026  2585  2585 E ClassManager: 	at android.os.Looper.loop(Looper.java:154)
01-14 14:49:07.026  2585  2585 E ClassManager: 	at android.app.ActivityThread.main(ActivityThread.java:6121)
01-14 14:49:07.027  2585  2585 E ClassManager: 	at java.lang.reflect.Method.invoke(Native Method)
01-14 14:49:07.027  2585  2585 E ClassManager: 	at com.android.internal.os.ZygoteInit$MethodAndArgsCaller.run(ZygoteInit.java:905)
01-14 14:49:07.028  2585  2585 E ClassManager: 	at com.android.internal.os.ZygoteInit.main(ZygoteInit.java:795)
01-14 14:49:07.029  2585  2585 E ClassManager: Caused by: java.lang.ClassNotFoundException: Didn't find class "com.noahbres.meepmeep.roadrunner.ui.TrajectoryProgressSliderMaster$1" on path: DexPathList[[],nativeLibraryDirectories=[/system/lib64, /vendor/lib64]]
01-14 14:49:07.029  2585  2585 E ClassManager: 	at dalvik.system.BaseDexClassLoader.findClass(BaseDexClassLoader.java:56)
01-14 14:49:07.029  2585  2585 E ClassManager: 	at java.lang.ClassLoader.loadClass(ClassLoader.java:380)
01-14 14:49:07.030  2585  2585 E ClassManager: 	at java.lang.ClassLoader.loadClass(ClassLoader.java:312)
01-14 14:49:07.030  2585  2585 E ClassManager: 	... 18 more
01-14 14:49:07.034  2585  2585 W ClassManager: com.noahbres.meepmeep.roadrunner.ui.TrajectoryProgressSubSlider java.lang.ClassNotFoundException: com.noahbres.meepmeep.roadrunner.ui.TrajectoryProgressSubSlider
01-14 14:49:07.034  2585  2585 E ClassManager: java.lang.ClassNotFoundException: com.noahbres.meepmeep.roadrunner.ui.TrajectoryProgressSubSlider
01-14 14:49:07.035  2585  2585 E ClassManager: 	at java.lang.Class.classForName(Native Method)
01-14 14:49:07.035  2585  2585 E ClassManager: 	at java.lang.Class.forName(Class.java:400)
01-14 14:49:07.036  2585  2585 E ClassManager: 	at org.firstinspires.ftc.robotcore.internal.opmode.ClassManager.classNamesToClasses(ClassManager.java:215)
01-14 14:49:07.036  2585  2585 E ClassManager: 	at org.firstinspires.ftc.robotcore.internal.opmode.ClassManager.processAllClasses(ClassManager.java:258)
01-14 14:49:07.037  2585  2585 E ClassManager: 	at com.qualcomm.ftccommon.ClassManagerFactory.processAllClasses(ClassManagerFactory.java:94)
01-14 14:49:07.037  2585  2585 E ClassManager: 	at org.firstinspires.ftc.robotcontroller.internal.FtcRobotControllerActivity.onCreate(FtcRobotControllerActivity.java:356)
01-14 14:49:07.038  2585  2585 E ClassManager: 	at android.app.Activity.performCreate(Activity.java:6709)
01-14 14:49:07.038  2585  2585 E ClassManager: 	at android.app.Instrumentation.callActivityOnCreate(Instrumentation.java:1118)
01-14 14:49:07.038  2585  2585 E ClassManager: 	at android.app.ActivityThread.performLaunchActivity(ActivityThread.java:2619)
01-14 14:49:07.038  2585  2585 E ClassManager: 	at android.app.ActivityThread.handleLaunchActivity(ActivityThread.java:2727)
01-14 14:49:07.039  2585  2585 E ClassManager: 	at android.app.ActivityThread.-wrap12(ActivityThread.java)
01-14 14:49:07.039  2585  2585 E ClassManager: 	at android.app.ActivityThread$H.handleMessage(ActivityThread.java:1478)
01-14 14:49:07.039  2585  2585 E ClassManager: 	at android.os.Handler.dispatchMessage(Handler.java:102)
01-14 14:49:07.040  2585  2585 E ClassManager: 	at android.os.Looper.loop(Looper.java:154)
01-14 14:49:07.040  2585  2585 E ClassManager: 	at android.app.ActivityThread.main(ActivityThread.java:6121)
01-14 14:49:07.041  2585  2585 E ClassManager: 	at java.lang.reflect.Method.invoke(Native Method)
01-14 14:49:07.041  2585  2585 E ClassManager: 	at com.android.internal.os.ZygoteInit$MethodAndArgsCaller.run(ZygoteInit.java:905)
01-14 14:49:07.042  2585  2585 E ClassManager: 	at com.android.internal.os.ZygoteInit.main(ZygoteInit.java:795)
01-14 14:49:07.043  2585  2585 E ClassManager: Caused by: java.lang.ClassNotFoundException: Didn't find class "com.noahbres.meepmeep.roadrunner.ui.TrajectoryProgressSubSlider" on path: DexPathList[[],nativeLibraryDirectories=[/system/lib64, /vendor/lib64]]
01-14 14:49:07.043  2585  2585 E ClassManager: 	at dalvik.system.BaseDexClassLoader.findClass(BaseDexClassLoader.java:56)
01-14 14:49:07.043  2585  2585 E ClassManager: 	at java.lang.ClassLoader.loadClass(ClassLoader.java:380)
01-14 14:49:07.044  2585  2585 E ClassManager: 	at java.lang.ClassLoader.loadClass(ClassLoader.java:312)
01-14 14:49:07.044  2585  2585 E ClassManager: 	... 18 more
01-14 14:49:07.770  2585  2585 W ClassManager: org.firstinspires.ftc.teamcode.ParkAuto_Copy2 java.lang.ClassNotFoundException: org.firstinspires.ftc.teamcode.ParkAuto_Copy2
01-14 14:49:07.771  2585  2585 E ClassManager: java.lang.ClassNotFoundException: org.firstinspires.ftc.teamcode.ParkAuto_Copy2
01-14 14:49:07.771  2585  2585 E ClassManager: 	at java.lang.Class.classForName(Native Method)
01-14 14:49:07.771  2585  2585 E ClassManager: 	at java.lang.Class.forName(Class.java:400)
01-14 14:49:07.772  2585  2585 E ClassManager: 	at org.firstinspires.ftc.robotcore.internal.opmode.ClassManager.classNamesToClasses(ClassManager.java:215)
01-14 14:49:07.773  2585  2585 E ClassManager: 	at org.firstinspires.ftc.robotcore.internal.opmode.ClassManager.processAllClasses(ClassManager.java:258)
01-14 14:49:07.773  2585  2585 E ClassManager: 	at com.qualcomm.ftccommon.ClassManagerFactory.processAllClasses(ClassManagerFactory.java:94)
01-14 14:49:07.774  2585  2585 E ClassManager: 	at org.firstinspires.ftc.robotcontroller.internal.FtcRobotControllerActivity.onCreate(FtcRobotControllerActivity.java:356)
01-14 14:49:07.774  2585  2585 E ClassManager: 	at android.app.Activity.performCreate(Activity.java:6709)
01-14 14:49:07.775  2585  2585 E ClassManager: 	at android.app.Instrumentation.callActivityOnCreate(Instrumentation.java:1118)
01-14 14:49:07.775  2585  2585 E ClassManager: 	at android.app.ActivityThread.performLaunchActivity(ActivityThread.java:2619)
01-14 14:49:07.775  2585  2585 E ClassManager: 	at android.app.ActivityThread.handleLaunchActivity(ActivityThread.java:2727)
01-14 14:49:07.776  2585  2585 E ClassManager: 	at android.app.ActivityThread.-wrap12(ActivityThread.java)
01-14 14:49:07.776  2585  2585 E ClassManager: 	at android.app.ActivityThread$H.handleMessage(ActivityThread.java:1478)
01-14 14:49:07.777  2585  2585 E ClassManager: 	at android.os.Handler.dispatchMessage(Handler.java:102)
01-14 14:49:07.777  2585  2585 E ClassManager: 	at android.os.Looper.loop(Looper.java:154)
01-14 14:49:07.778  2585  2585 E ClassManager: 	at android.app.ActivityThread.main(ActivityThread.java:6121)
01-14 14:49:07.778  2585  2585 E ClassManager: 	at java.lang.reflect.Method.invoke(Native Method)
01-14 14:49:07.778  2585  2585 E ClassManager: 	at com.android.internal.os.ZygoteInit$MethodAndArgsCaller.run(ZygoteInit.java:905)
01-14 14:49:07.778  2585  2585 E ClassManager: 	at com.android.internal.os.ZygoteInit.main(ZygoteInit.java:795)
01-14 14:49:07.780  2585  2585 E ClassManager: Caused by: java.lang.ClassNotFoundException: Didn't find class "org.firstinspires.ftc.teamcode.ParkAuto_Copy2" on path: DexPathList[[],nativeLibraryDirectories=[/system/lib64, /vendor/lib64]]
01-14 14:49:07.780  2585  2585 E ClassManager: 	at dalvik.system.BaseDexClassLoader.findClass(BaseDexClassLoader.java:56)
01-14 14:49:07.780  2585  2585 E ClassManager: 	at java.lang.ClassLoader.loadClass(ClassLoader.java:380)
01-14 14:49:07.781  2585  2585 E ClassManager: 	at java.lang.ClassLoader.loadClass(ClassLoader.java:312)
01-14 14:49:07.782  2585  2585 E ClassManager: 	... 18 more
01-14 14:49:07.783  2585  2585 W ClassManager: org.firstinspires.ftc.teamcode.ParkAuto_Copy java.lang.ClassNotFoundException: org.firstinspires.ftc.teamcode.ParkAuto_Copy
01-14 14:49:07.784  2585  2585 E ClassManager: java.lang.ClassNotFoundException: org.firstinspires.ftc.teamcode.ParkAuto_Copy
01-14 14:49:07.784  2585  2585 E ClassManager: 	at java.lang.Class.classForName(Native Method)
01-14 14:49:07.784  2585  2585 E ClassManager: 	at java.lang.Class.forName(Class.java:400)
01-14 14:49:07.785  2585  2585 E ClassManager: 	at org.firstinspires.ftc.robotcore.internal.opmode.ClassManager.classNamesToClasses(ClassManager.java:215)
01-14 14:49:07.785  2585  2585 E ClassManager: 	at org.firstinspires.ftc.robotcore.internal.opmode.ClassManager.processAllClasses(ClassManager.java:258)
01-14 14:49:07.785  2585  2585 E ClassManager: 	at com.qualcomm.ftccommon.ClassManagerFactory.processAllClasses(ClassManagerFactory.java:94)
01-14 14:49:07.786  2585  2585 E ClassManager: 	at org.firstinspires.ftc.robotcontroller.internal.FtcRobotControllerActivity.onCreate(FtcRobotControllerActivity.java:356)
01-14 14:49:07.786  2585  2585 E ClassManager: 	at android.app.Activity.performCreate(Activity.java:6709)
01-14 14:49:07.787  2585  2585 E ClassManager: 	at android.app.Instrumentation.callActivityOnCreate(Instrumentation.java:1118)
01-14 14:49:07.787  2585  2585 E ClassManager: 	at android.app.ActivityThread.performLaunchActivity(ActivityThread.java:2619)
01-14 14:49:07.788  2585  2585 E ClassManager: 	at android.app.ActivityThread.handleLaunchActivity(ActivityThread.java:2727)
01-14 14:49:07.788  2585  2585 E ClassManager: 	at android.app.ActivityThread.-wrap12(ActivityThread.java)
01-14 14:49:07.789  2585  2585 E ClassManager: 	at android.app.ActivityThread$H.handleMessage(ActivityThread.java:1478)
01-14 14:49:07.789  2585  2585 E ClassManager: 	at android.os.Handler.dispatchMessage(Handler.java:102)
01-14 14:49:07.789  2585  2585 E ClassManager: 	at android.os.Looper.loop(Looper.java:154)
01-14 14:49:07.789  2585  2585 E ClassManager: 	at android.app.ActivityThread.main(ActivityThread.java:6121)
01-14 14:49:07.790  2585  2585 E ClassManager: 	at java.lang.reflect.Method.invoke(Native Method)
01-14 14:49:07.790  2585  2585 E ClassManager: 	at com.android.internal.os.ZygoteInit$MethodAndArgsCaller.run(ZygoteInit.java:905)
01-14 14:49:07.791  2585  2585 E ClassManager: 	at com.android.internal.os.ZygoteInit.main(ZygoteInit.java:795)
01-14 14:49:07.792  2585  2585 E ClassManager: Caused by: java.lang.ClassNotFoundException: Didn't find class "org.firstinspires.ftc.teamcode.ParkAuto_Copy" on path: DexPathList[[],nativeLibraryDirectories=[/system/lib64, /vendor/lib64]]
01-14 14:49:07.792  2585  2585 E ClassManager: 	at dalvik.system.BaseDexClassLoader.findClass(BaseDexClassLoader.java:56)
01-14 14:49:07.792  2585  2585 E ClassManager: 	at java.lang.ClassLoader.loadClass(ClassLoader.java:380)
01-14 14:49:07.793  2585  2585 E ClassManager: 	at java.lang.ClassLoader.loadClass(ClassLoader.java:312)
01-14 14:49:07.793  2585  2585 E ClassManager: 	... 18 more
01-14 14:49:07.794  2585  2585 W ClassManager: org.firstinspires.ftc.teamcode.ParkAuto java.lang.ClassNotFoundException: org.firstinspires.ftc.teamcode.ParkAuto
01-14 14:49:07.795  2585  2585 E ClassManager: java.lang.ClassNotFoundException: org.firstinspires.ftc.teamcode.ParkAuto
01-14 14:49:07.795  2585  2585 E ClassManager: 	at java.lang.Class.classForName(Native Method)
01-14 14:49:07.796  2585  2585 E ClassManager: 	at java.lang.Class.forName(Class.java:400)
01-14 14:49:07.796  2585  2585 E ClassManager: 	at org.firstinspires.ftc.robotcore.internal.opmode.ClassManager.classNamesToClasses(ClassManager.java:215)
01-14 14:49:07.797  2585  2585 E ClassManager: 	at org.firstinspires.ftc.robotcore.internal.opmode.ClassManager.processAllClasses(ClassManager.java:258)
01-14 14:49:07.797  2585  2585 E ClassManager: 	at com.qualcomm.ftccommon.ClassManagerFactory.processAllClasses(ClassManagerFactory.java:94)
01-14 14:49:07.798  2585  2585 E ClassManager: 	at org.firstinspires.ftc.robotcontroller.internal.FtcRobotControllerActivity.onCreate(FtcRobotControllerActivity.java:356)
01-14 14:49:07.798  2585  2585 E ClassManager: 	at android.app.Activity.performCreate(Activity.java:6709)
01-14 14:49:07.798  2585  2585 E ClassManager: 	at android.app.Instrumentation.callActivityOnCreate(Instrumentation.java:1118)
01-14 14:49:07.799  2585  2585 E ClassManager: 	at android.app.ActivityThread.performLaunchActivity(ActivityThread.java:2619)
01-14 14:49:07.799  2585  2585 E ClassManager: 	at android.app.ActivityThread.handleLaunchActivity(ActivityThread.java:2727)
01-14 14:49:07.799  2585  2585 E ClassManager: 	at android.app.ActivityThread.-wrap12(ActivityThread.java)
01-14 14:49:07.799  2585  2585 E ClassManager: 	at android.app.ActivityThread$H.handleMessage(ActivityThread.java:1478)
01-14 14:49:07.800  2585  2585 E ClassManager: 	at android.os.Handler.dispatchMessage(Handler.java:102)
01-14 14:49:07.800  2585  2585 E ClassManager: 	at android.os.Looper.loop(Looper.java:154)
01-14 14:49:07.801  2585  2585 E ClassManager: 	at android.app.ActivityThread.main(ActivityThread.java:6121)
01-14 14:49:07.801  2585  2585 E ClassManager: 	at java.lang.reflect.Method.invoke(Native Method)
01-14 14:49:07.802  2585  2585 E ClassManager: 	at com.android.internal.os.ZygoteInit$MethodAndArgsCaller.run(ZygoteInit.java:905)
01-14 14:49:07.802  2585  2585 E ClassManager: 	at com.android.internal.os.ZygoteInit.main(ZygoteInit.java:795)
01-14 14:49:07.803  2585  2585 E ClassManager: Caused by: java.lang.ClassNotFoundException: Didn't find class "org.firstinspires.ftc.teamcode.ParkAuto" on path: DexPathList[[],nativeLibraryDirectories=[/system/lib64, /vendor/lib64]]
01-14 14:49:07.803  2585  2585 E ClassManager: 	at dalvik.system.BaseDexClassLoader.findClass(BaseDexClassLoader.java:56)
01-14 14:49:07.804  2585  2585 E ClassManager: 	at java.lang.ClassLoader.loadClass(ClassLoader.java:380)
01-14 14:49:07.804  2585  2585 E ClassManager: 	at java.lang.ClassLoader.loadClass(ClassLoader.java:312)
01-14 14:49:07.804  2585  2585 E ClassManager: 	... 18 more
01-14 14:49:10.157  2585  2585 V UpdateUI: Network: inactive, disconnected
01-14 14:49:10.158  2585  2585 V ServiceStarter: attempting to start service FtcRobotControllerWatchdogService
01-14 14:49:10.160  2585  2585 V ServiceStarter: started service FtcRobotControllerWatchdogService
01-14 14:49:10.178  2585  2585 I RobotCore: App info: version=8.0.0 appId=com.qualcomm.ftcrobotcontroller
01-14 14:49:10.178  2585  2585 I RobotCore: Android Device: maker=REV Robotics model=Control Hub v1.0 sdk=25 serial=34eaabd94876f4c4
01-14 14:49:10.178  2585  2585 V AndroidBoard: REV Control Hub contains REV3328
01-14 14:49:10.178  2585  2585 V AndroidBoard: Communicating with embedded REV hub via /dev/ttyS1
01-14 14:49:11.172  2585  2585 I ReflectionConfig: Config class: org.firstinspires.ftc.teamcode.drive.DriveConstants
01-14 14:49:11.174  2585  2585 I ReflectionConfig: Config class: org.firstinspires.ftc.teamcode.drive.SampleMecanumDrive
01-14 14:49:11.175  2585  2585 I ReflectionConfig: Config class: org.firstinspires.ftc.teamcode.drive.StandardTrackingWheelLocalizer
01-14 14:49:11.178  2585  2585 I ReflectionConfig: Config class: org.firstinspires.ftc.teamcode.trajectorysequence.TrajectorySequenceRunner
01-14 14:49:11.239  2585  2585 V RCActivity: onStart()
01-14 14:49:11.244  2585  2585 V RCActivity: onResume()
01-14 14:49:11.265  2585  2585 V NetDiscover_prefremrc: onSharedPreferenceChanged(name=App Restrictions, value=AAAAAA==
01-14 14:49:11.265  2585  2585 V NetDiscover_prefremrc: )
01-14 14:49:11.281  2585  2585 V FtcRobotControllerWatchdogService: onCreate()
01-14 14:49:11.281  2585  2585 V FtcRobotControllerWatchdogService: onStartCommand() intent=Intent { cmp=com.qualcomm.ftcrobotcontroller/org.firstinspires.ftc.ftccommon.internal.FtcRobotControllerWatchdogService } flags=0x0 startId=1
01-14 14:49:11.282  2585  2585 V FtcRobotControllerWatchdogService: shouldAutoLauchRobotController() result=true
01-14 14:49:11.304  2585  2585 V FTCService: onCreate()
01-14 14:49:11.345  2585  2585 W art     : Before Android 4.1, method double java.util.concurrent.ThreadLocalRandom.internalNextDouble(double, double) would have incorrectly overridden the package-private method in java.util.Random
01-14 14:49:11.345  2585  2585 W art     : Before Android 4.1, method int java.util.concurrent.ThreadLocalRandom.internalNextInt(int, int) would have incorrectly overridden the package-private method in java.util.Random
01-14 14:49:11.345  2585  2585 W art     : Before Android 4.1, method long java.util.concurrent.ThreadLocalRandom.internalNextLong(long, long) would have incorrectly overridden the package-private method in java.util.Random
01-14 14:49:11.381  2585  2585 V FTCService: onBind()
01-14 14:49:11.414  2585  2585 V CoreRobotWebServer: creating NanoHTTPD(8080)
01-14 14:49:11.416  2585  2585 V WebSocketManager: Registered broadcast-only namespace progress
01-14 14:49:11.423  2585  2585 V WebSocketManager: Registered handler for namespace ControlHubUpdater
01-14 14:49:11.424  2585  2585 V RobotCore: Getting network assistant of type: RCWIRELESSAP
01-14 14:49:11.426  2585  2585 I RobotControllerAccessPointAssistant: Enabling network services
01-14 14:49:11.428  2585  2585 I RobotControllerAccessPointAssistant: Sending SSID and password to AP service
01-14 14:49:11.429  2585  2585 I RobotCore: Hydroflouric9421
01-14 14:49:11.430  2585  2585 D RobotControllerAccessPointAssistant: setNetworkProperties(deviceName=9421-RC, password=Hydroflouric9421, ApChannel=null) sendSettingsIndividually=false
01-14 14:49:11.430  2585  2585 I NetDiscover_ControlHubNameManager: Robot controller name: 9421-RC
01-14 14:49:11.430  2585  2585 I ControlHubPasswordManager: Robot controller password: Hydroflouric9421
01-14 14:49:11.430  2585  2585 D RobotControllerAccessPointAssistant: Sending bulk settings broadcast intent
01-14 14:49:11.486  2585  2640 I OpenGLRenderer: Initialized EGL, version 1.4
01-14 14:49:11.487  2585  2640 D OpenGLRenderer: Swap behavior 1
01-14 14:49:11.493  2585  2585 I RobotControllerAccessPointAssistant: Wi-Fi state change:, wifiApState: 13
01-14 14:49:11.493  2585  2585 I FTCService: onNetworkConnectionEvent: CONNECTION_INFO_AVAILABLE
01-14 14:49:11.494  2585  2585 I RobotCore: Hydroflouric9421
01-14 14:49:11.494  2585  2585 I FTCService: Network Connection Passphrase: Hydroflouric9421
01-14 14:49:11.494  2585  2585 V CoreRobotWebServer: starting port=8080
01-14 14:49:11.505  2585  2585 V RobotCore: Getting network assistant of type: RCWIRELESSAP
01-14 14:49:11.506  2585  2585 V CoreRobotWebServer: started port=8080
01-14 14:49:11.506  2585  2585 V FTCService: RCActivity.controllerService=bound
01-14 14:49:11.507  2585  2585 V UpdateUI: Network: active, disconnected
01-14 14:49:11.509  2585  2585 V RobotCore: Robot Status: stopped
01-14 14:49:11.518  2585  2645 V TooTallWebSocketServer: Started WebSocket server on port 8081
01-14 14:49:11.522  2585  2648 V RobotCore: thread: 'RobotSetupRunnable.run()' starting...
01-14 14:49:11.522  2585  2648 V FTCService: Processing robot setup
01-14 14:49:11.523  2585  2648 V RobotCore: Robot Status: stopped, scanning for USB devices
01-14 14:49:11.523  2585  2648 I AppAliveNotifier: Telling the OS to set the RC alive notification timeout to 10 seconds
01-14 14:49:11.550  2585  2585 V WebSocketManager: Registered handler for namespace ONBOTJAVA
01-14 14:49:11.604  2585  2640 I [Gralloc]:  ion device open success! fd = 92
01-14 14:49:11.675  2585  2585 V AppUtil : rootActivity=PermissionValidatorWrapper destroyed
01-14 14:49:11.676  2585  2585 V AppUtil : rootActivity=FtcRobotControllerActivity
01-14 14:49:11.676  2585  2585 I PermissionValidatorActivity: Lifecycle onDestroy : b76eb4
01-14 14:49:16.533  2585  2648 V RobotCore: EventLoopManager state is NOT_STARTED
01-14 14:49:16.534  2585  2648 V FTCService: Waiting for a connection to a Wi-Fi service
01-14 14:49:16.534  2585  2648 V RobotCore: Robot Status: stopped, waiting for network to become active
01-14 14:49:16.536  2585  2648 I RobotControllerAccessPointAssistant: Wi-Fi AP is enabled
01-14 14:49:16.536  2585  2648 V CoreRobotWebServer: Asked an already running WebServer to start
01-14 14:49:16.536  2585  2648 V RobotCore: Robot Status: stopped, starting robot
01-14 14:49:16.537  2585  2648 V Robocol : EventLoopManager.start()
01-14 14:49:16.537  2585  2648 V RobotCore: Getting network assistant of type: RCWIRELESSAP
01-14 14:49:16.538  2585  2648 I RobotControllerAccessPointAssistant: Wi-Fi AP is enabled
01-14 14:49:16.538  2585  2648 V Robocol : Spoofing a Network Connection event...
01-14 14:49:16.538  2585  2648 I EventLoopManager: onNetworkConnectionEvent: CONNECTION_INFO_AVAILABLE
01-14 14:49:16.538  2585  2648 I Robocol : Received network connection event
01-14 14:49:16.539  2585  2648 I RobotControllerAccessPointAssistant: Wi-Fi AP is enabled
01-14 14:49:16.539  2585  2648 I NetworkConnectionHandler: Handling new network connection infomation, connected: true setup needed: true
01-14 14:49:16.540  2585  2648 I RobotControllerAccessPointAssistant: Wi-Fi AP is enabled
01-14 14:49:19.575  2585  2655 V RobotCore: thread: 'SetupRunnable.run()' starting...
01-14 14:49:19.575  2585  2648 V RobotCore: EventLoopManager state is STOPPED
01-14 14:49:19.577  2585  2648 V Robocol : eventLoop=FtcEventLoop
01-14 14:49:19.578  2585  2648 V RobotCore: EventLoopManager state is INIT
01-14 14:49:19.578  2585  2648 V RobotCore: Robot Status: initializing, starting robot
01-14 14:49:19.578  2585  2648 I FtcEventLoop: ======= INIT START =======
01-14 14:49:19.579  2585  2648 V OpmodeRegistration: registered {DefaultOpMode} as {$Stop$Robot$}
01-14 14:49:19.581  2585  2655 D Robocol : RobocolDatagramSocket listening addr=/192.168.43.1:20884 cbRec=65520 cbSend=106496 msRecTO=300
01-14 14:49:19.582  2585  2655 V Robocol : RecvLoopRunnable created
01-14 14:49:19.587  2585  2656 V Robocol : PacketProcessor started
01-14 14:49:19.589  2585  2657 V Robocol : CommandProcessor started
01-14 14:49:19.590  2585  2658 V RobotCore: thread: 'RecvLoopRunnable.run()' starting...
01-14 14:49:19.592  2585  2655 V PeerDiscovery: Starting peer discovery remote: /192.168.43.1 local: /192.168.43.1
01-14 14:49:19.592  2585  2648 V OpmodeRegistration: registered instance as {meeeeee}
01-14 14:49:19.592  2585  2655 V PeerDiscovery: No need for initiating peer discovery, we are the Robot Controller
01-14 14:49:19.592  2585  2655 V RobotCore: Setup complete
01-14 14:49:19.592  2585  2655 V RobotCore: thread: ...terminating 'SetupRunnable.run()'
01-14 14:49:19.592  2585  2648 V OpmodeRegistration: registered instance as {Enable/Disable Dashboard}
01-14 14:49:19.592  2585  2648 D OpmodeRegistration: registered instance {com.acmerobotics.dashboard.FtcDashboard$7@78c7e1c} as {Enable/Disable Dashboard}
01-14 14:49:19.631  2585  2648 V OpmodeRegistration: registered {Auto_TerminalParkLeft} as {Auto_TerminalParkLeft}
01-14 14:49:19.631  2585  2648 V OpmodeRegistration: registered {Auto_TerminalParkRight} as {Auto_TerminalParkRight}
01-14 14:49:19.632  2585  2648 V OpmodeRegistration: registered {Auto_Deposit_RIGHT} as {Auto_Deposit_RIGHT}
01-14 14:49:19.632  2585  2648 V OpmodeRegistration: registered {OdometryCalibration} as {Odometry System Calibration}
01-14 14:49:19.632  2585  2648 V OpmodeRegistration: registered {Auto_Deposit_LEFT} as {Auto_Deposit_LEFT}
01-14 14:49:19.633  2585  2648 V OpmodeRegistration: registered {Auto_ServoTesting} as {Auto_ServoTesting}
01-14 14:49:19.634  2585  2648 V OpmodeRegistration: registered {tuningTeleOp} as {tuningTeleOp}
01-14 14:49:19.634  2585  2648 V OpmodeRegistration: registered {MyOdometryOpmode} as {My Odometry OpMode}
01-14 14:49:19.634  2585  2648 V OpmodeRegistration: registered {GlobalCoordinatePositionUpdateSample} as {Global Coordinate Position Test}
01-14 14:49:19.635  2585  2648 V OpmodeRegistration: registered {testTeleOp} as {testTeleOp}
01-14 14:49:19.635  2585  2648 V OpmodeRegistration: registered {testAuto} as {testAuto}
01-14 14:49:19.636  2585  2648 V OpmodeRegistration: registered {LocalizationTest} as {LocalizationTest}
01-14 14:49:19.636  2585  2648 V OpmodeRegistration: registered {Auto_CVPark} as {Auto_CVPark}
01-14 14:49:19.696  2585  2648 V FtcEventLoop: Ensuring that the embedded Control Hub module is set up correctly
01-14 14:49:19.700  2585  2648 V RobotCore: Creating REV Robotics USB Expansion Hub Portal [(embedded)]
01-14 14:49:19.701  2585  2648 V LynxUsb : creating new [(embedded)]: 0x0d75f37b
01-14 14:49:19.704  2585  2648 V FtDeviceManager: createDeviceInfoList(): 0 USB devices
01-14 14:49:19.705  2585  2648 V RobotUsbManagerCombining: FTDI driver failed to open USB device with serial number (embedded) (returned null device)
01-14 14:49:19.700  2585  2585 I pRunnable.run(): type=1400 audit(0.0:379): avc: denied { read } for name="ttyS1" dev="tmpfs" ino=7272 scontext=u:r:untrusted_app:s0:c512,c768 tcontext=u:object_r:serial_device:s0 tclass=chr_file permissive=1
01-14 14:49:19.706  2585  2648 V SerialPortNative: [SerialPort.cpp:150] opened(/dev/ttyS1): fd=97
01-14 14:49:19.707  2585  2648 V RobotUsbDeviceTTY: opening serial=(embedded) file=/dev/ttyS1
01-14 14:49:19.707  2585  2648 V LynxUsb : armDevice() serial=(embedded)...
01-14 14:49:19.707  2585  2648 V LynxUsb : resetDevice() serial=(embedded)
01-14 14:49:19.708  2585  2648 V LynxModule: resetting embedded usb device: isPresent: was=true
01-14 14:49:19.700  2585  2585 I pRunnable.run(): type=1400 audit(0.0:380): avc: denied { write } for name="ttyS1" dev="tmpfs" ino=7272 scontext=u:r:untrusted_app:s0:c512,c768 tcontext=u:object_r:serial_device:s0 tclass=chr_file permissive=1
01-14 14:49:19.700  2585  2585 I pRunnable.run(): type=1400 audit(0.0:381): avc: denied { open } for path="/dev/ttyS1" dev="tmpfs" ino=7272 scontext=u:r:untrusted_app:s0:c512,c768 tcontext=u:object_r:serial_device:s0 tclass=chr_file permissive=1
01-14 14:49:19.703  2585  2585 I pRunnable.run(): type=1400 audit(0.0:382): avc: denied { ioctl } for path="/dev/ttyS1" dev="tmpfs" ino=7272 ioctlcmd=5401 scontext=u:r:untrusted_app:s0:c512,c768 tcontext=u:object_r:serial_device:s0 tclass=chr_file permissive=1
01-14 14:49:19.893  2585  2658 E Robocol : exception SocketTimeoutException(Receive timed out): no packet received [java.net.PlainDatagramSocketImpl.receive0(Native Method)]
01-14 14:49:20.064  2585  2648 V LynxUsb : ...done armDevice()
01-14 14:49:20.064  2585  2660 V RobotCore: thread: 'lynx incoming datagrams' starting...
01-14 14:49:20.064  2585  2648 V LynxUsb : 0x0d46a1d6 on 0x0d75f37b: new delegate to [(embedded)]
01-14 14:49:20.072  2585  2648 V LynxUsb : addConfiguredModule() module#=173
01-14 14:49:20.072  2585  2648 V LynxModule: pingAndQueryKnownInterfaces mod=173
01-14 14:49:20.074  2585  2660 V LynxUsb : synchronization gained: serial=(embedded)
01-14 14:49:20.093  2585  2648 V LynxModule: mod#=173 queryInterface(DEKA)=54 commands starting at 4096
01-14 14:49:20.105  2585  2648 V LynxModule: sending LynxFtdiResetControlCommand(true) wasInterrupted=false
01-14 14:49:20.110  2585  2648 V LynxModule: sendLEDPatternSteps(): steps=[Step(color=65280, msDuration=1000)]
01-14 14:49:20.115  2585  2648 V LynxModule: setAsControlHubEmbeddedModule(mod=173)
01-14 14:49:20.115  2585  2648 V EmbeddedControlHubModule: setting embedded module
01-14 14:49:20.116  2585  2648 V LynxModule: sending LynxFtdiResetControlCommand(false) wasInterrupted=false
01-14 14:49:20.118  2585  2648 V LynxModule: close(#173)
01-14 14:49:20.120  2585  2648 V LynxUsb : Verified that the embedded Control Hub module has the correct address
01-14 14:49:20.122  2585  2648 V LynxUsb : addConfiguredModule() module#=173
01-14 14:49:20.122  2585  2648 V LynxModule: pingAndQueryKnownInterfaces mod=173
01-14 14:49:20.134  2585  2648 V LynxModule: mod#=173 queryInterface(DEKA)=54 commands starting at 4096
01-14 14:49:20.144  2585  2648 V LynxModule: sending LynxFtdiResetControlCommand(true) wasInterrupted=false
01-14 14:49:20.147  2585  2648 V LynxModule: sendLEDPatternSteps(): steps=[Step(color=65280, msDuration=1000)]
01-14 14:49:20.150  2585  2648 V LynxModule: setAsControlHubEmbeddedModule(mod=173)
01-14 14:49:20.150  2585  2648 V EmbeddedControlHubModule: setting embedded module
01-14 14:49:20.150  2585  2648 I RobotCore: LynxFirmwareVersionManager: LynxI2cDeviceSynchV2
01-14 14:49:20.151  2585  2648 V LynxI2cDeviceSynch: initializeHardware() mod#=173
01-14 14:49:20.151  2585  2648 V BHI260IMU: Suppressing I2C warnings while we check for a BHI260AP IMU
01-14 14:49:20.156  2585  2648 V BHI260IMU: No BHI260AP IMU found
01-14 14:49:20.156  2585  2648 V LynxModule: sending LynxFtdiResetControlCommand(false) wasInterrupted=false
01-14 14:49:20.158  2585  2648 V LynxModule: close(#173)
01-14 14:49:20.159  2585  2648 V HardwareFactory: createHardwareMap()
01-14 14:49:20.159  2585  2648 V EmbeddedControlHubModule: clearing embedded module
01-14 14:49:20.172  2585  2648 V ReadXMLFileHandler: embedded lynx USB device is already present
01-14 14:49:20.173  2585  2648 V RobotCore: Creating REV Robotics USB Expansion Hub Portal [(embedded)]
01-14 14:49:20.173  2585  2648 V LynxUsb : using existing [(embedded)]: 0x0d75f37b
01-14 14:49:20.174  2585  2648 V LynxUsb : 0x002295f6 on 0x0d75f37b: new delegate to [(embedded)]
01-14 14:49:20.174  2585  2648 V RobotCore: Creating Lynx Module - mod=173 parent=true
01-14 14:49:20.175  2585  2648 V RobotCore: Creating Lynx Module - mod=3 parent=false
01-14 14:49:20.176  2585  2648 V LynxUsb : addConfiguredModule() module#=173
01-14 14:49:20.177  2585  2648 V LynxModule: pingAndQueryKnownInterfaces mod=173
01-14 14:49:20.186  2585  2648 V LynxModule: mod#=173 queryInterface(DEKA)=54 commands starting at 4096
01-14 14:49:20.193  2585  2648 V LynxModule: sending LynxFtdiResetControlCommand(true) wasInterrupted=false
01-14 14:49:20.198  2585  2663 V LynxModule: received status: LynxGetModuleStatusResponse(status=0x02 alerts=0x00: Reset)
01-14 14:49:20.199  2585  2663 W HubPowerCycle: Expansion Hub 173 regained power after a complete power loss. No user Op Mode was running.
01-14 14:49:20.199  2585  2663 V LynxModule: resendCurrentPattern()
01-14 14:49:20.199  2585  2663 V LynxModule: sendLEDPatternSteps(): steps=[]
01-14 14:49:20.199  2585  2648 V LynxModule: sendLEDPatternSteps(): steps=[Step(color=65280, msDuration=1000)]
01-14 14:49:20.206  2585  2648 V LynxModule: setAsControlHubEmbeddedModule(mod=173)
01-14 14:49:20.207  2585  2648 V EmbeddedControlHubModule: setting embedded module
01-14 14:49:20.207  2585  2648 V LynxUsb : addConfiguredModule() module#=3
01-14 14:49:20.207  2585  2648 V LynxModule: pingAndQueryKnownInterfaces mod=3
01-14 14:49:20.218  2585  2648 V LynxModule: mod#=3 queryInterface(DEKA)=54 commands starting at 4096
01-14 14:49:20.225  2585  2648 V LynxModule: sending LynxFtdiResetControlCommand(true) wasInterrupted=false
01-14 14:49:20.231  2585  2648 V LynxModule: sendLEDPatternSteps(): steps=[Step(color=65280, msDuration=4500), Step(color=0, msDuration=500), Step(color=255, msDuration=500), Step(color=0, msDuration=500), Step(color=255, msDuration=500), Step(color=0, msDuration=500), Step(color=255, msDuration=500), Step(color=0, msDuration=500)]
01-14 14:49:20.233  2585  2664 V LynxModule: received status: LynxGetModuleStatusResponse(status=0x05 alerts=0x00: KeepAliveTimeout|FailSafe)
01-14 14:49:20.233  2585  2664 V LynxModule: resendCurrentPattern()
01-14 14:49:20.234  2585  2664 V LynxModule: sendLEDPatternSteps(): steps=[Step(color=65280, msDuration=4500), Step(color=0, msDuration=500), Step(color=255, msDuration=500), Step(color=0, msDuration=500), Step(color=255, msDuration=500), Step(color=0, msDuration=500), Step(color=255, msDuration=500), Step(color=0, msDuration=500)]
01-14 14:49:20.242  2585  2648 V LynxMotor: initializeHardware() mod#=173
01-14 14:49:20.280  2585  2656 D RobotCore: system telemetry: key=$System$None$ msg=""
01-14 14:49:20.281  2585  2656 V PeerDiscovery: new remote peer discovered: 192.168.43.16
01-14 14:49:20.281  2585  2656 V NetworkConnectionHandler: starting sending loop
01-14 14:49:20.282  2585  2648 V RobotCore: DcMotorImpl(type=goBILDA5202SeriesMotor)
01-14 14:49:20.282  2585  2665 V Robocol : sending CMD_NOTIFY_ROBOT_STATE(7), attempt: 0
01-14 14:49:20.282  2585  2648 V RobotCore: DcMotorImpl(type=goBILDA5202SeriesMotor)
01-14 14:49:20.282  2585  2648 V RobotCore: DcMotorImpl(type=goBILDA5202SeriesMotor)
01-14 14:49:20.283  2585  2648 V RobotCore: DcMotorImpl(type=goBILDA5202SeriesMotor)
01-14 14:49:20.283  2585  2665 V Robocol : sending CMD_NOTIFY_ROBOT_STATE(8), attempt: 0
01-14 14:49:20.284  2585  2648 V LynxServoController: initializeHardware() mod#=173
01-14 14:49:20.284  2585  2665 V Robocol : sending CMD_NOTIFY_ROBOT_STATE(9), attempt: 0
01-14 14:49:20.285  2585  2665 V Robocol : sending CMD_NOTIFY_ACTIVE_CONFIGURATION(11), attempt: 0
01-14 14:49:20.286  2585  2665 V Robocol : sending CMD_NOTIFY_USER_DEVICE_LIST(12), attempt: 0
01-14 14:49:20.290  2585  2665 V Robocol : sending CMD_NOTIFY_OP_MODE_LIST(13), attempt: 0
01-14 14:49:20.310  2585  2656 V UpdateUI: Network: active, connected
01-14 14:49:20.310  2585  2656 D FTCService: Sending user device types and preferences to driver station
01-14 14:49:20.313  2585  2648 V LynxVoltageSensor: initializeHardware() mod#=173
01-14 14:49:20.313  2585  2648 V LynxAnalogInputController: initializeHardware() mod#=173
01-14 14:49:20.314  2585  2648 V LynxDigitalChannelController: initializeHardware() mod#=173
01-14 14:49:20.335  2585  2656 V NetDiscover_prefremrc: sendAllPreferences()
01-14 14:49:20.335  2585  2656 V NetDiscover_prefremrc: sending RC pref name=pref_wifip2p_remote_channel_change_works value=false
01-14 14:49:20.335  2585  2648 V RobotCore: Creating user sensor REV internal IMU (BNO055) - on Lynx module=173 bus=0
01-14 14:49:20.336  2585  2648 V RobotCore: Creating I2cDeviceSynch (Lynx) - mod=173 bus=0
01-14 14:49:20.336  2585  2648 I RobotCore: LynxFirmwareVersionManager: LynxI2cDeviceSynchV2
01-14 14:49:20.336  2585  2648 V LynxI2cDeviceSynch: initializeHardware() mod#=173
01-14 14:49:20.339  2585  2648 V LynxMotor: initializeHardware() mod#=3
01-14 14:49:20.339  2585  2656 V NetDiscover_prefremrc: sending RC pref name=pref_device_name value=9421-RC
01-14 14:49:20.340  2585  2656 V NetDiscover_prefremrc: sending RC pref name=pref_warn_about_incorrect_clocks value=true
01-14 14:49:20.340  2585  2656 V NetDiscover_prefremrc: sending RC pref name=pref_warn_about_obsolete_software value=true
01-14 14:49:20.342  2585  2656 V NetDiscover_prefremrc: sending RC pref name=pref_has_speaker value=false
01-14 14:49:20.343  2585  2656 V NetDiscover_prefremrc: sending RC pref name=pref_warn_about_2_4_ghz_band value=true
01-14 14:49:20.344  2585  2656 V NetDiscover_prefremrc: sending RC pref name=pref_has_independent_phone_battery value=false
01-14 14:49:20.344  2585  2656 V NetDiscover_prefremrc: sending RC pref name=pref_app_theme value=red
01-14 14:49:20.345  2585  2656 V NetDiscover_prefremrc: sending RC pref name=pref_warn_about_mismatched_app_versions value=true
01-14 14:49:20.346  2585  2656 V NetDiscover_prefremrc: sending RC pref name=pref_sound_on_off value=false
01-14 14:49:20.346  2585  2656 V NetworkConnectionHandler: Peer connection established
01-14 14:49:20.349  2585  2656 V Robocol : packet processing took 69.7ms: type=PEER_DISCOVERY
01-14 14:49:20.362  2585  2665 V Robocol : sending CMD_NOTIFY_USER_DEVICE_LIST(17), attempt: 0
01-14 14:49:20.364  2585  2665 V Robocol : sending CMD_ROBOT_CONTROLLER_PREFERENCE(18), attempt: 0
01-14 14:49:20.365  2585  2665 V Robocol : sending CMD_ROBOT_CONTROLLER_PREFERENCE(19), attempt: 0
01-14 14:49:20.365  2585  2665 V Robocol : sending CMD_ROBOT_CONTROLLER_PREFERENCE(20), attempt: 0
01-14 14:49:20.367  2585  2665 V Robocol : sending CMD_ROBOT_CONTROLLER_PREFERENCE(21), attempt: 0
01-14 14:49:20.368  2585  2658 V EventLoopManager: Setting authoritative wall clock based on connected DS.
01-14 14:49:20.368  2585  2658 D Uvc     : [time.cpp:64] Java_org_firstinspires_ftc_robotcore_internal_system_AppUtil_nativeSetCurrentTimeMillis()...
01-14 14:49:20.360  2585  2658 I JniTime : [time.cpp:83] settimeofday() succeeded
01-14 14:49:20.360  2585  2658 D Uvc     : [time.cpp:64] ...Java_org_firstinspires_ftc_robotcore_internal_system_AppUtil_nativeSetCurrentTimeMillis()
01-14 14:49:20.360  2585  2665 V Robocol : sending CMD_ROBOT_CONTROLLER_PREFERENCE(22), attempt: 0
01-14 14:49:20.360  2585  2665 V Robocol : sending CMD_ROBOT_CONTROLLER_PREFERENCE(23), attempt: 0
01-14 14:49:20.361  2585  2665 V Robocol : sending CMD_ROBOT_CONTROLLER_PREFERENCE(24), attempt: 0
01-14 14:49:20.361  2585  2658 V AppUtil : attempted to set timezone: before=America/New_York after=America/New_York
01-14 14:49:20.363  2585  2665 V Robocol : sending CMD_ROBOT_CONTROLLER_PREFERENCE(25), attempt: 0
01-14 14:49:20.364  2585  2665 V Robocol : sending CMD_ROBOT_CONTROLLER_PREFERENCE(26), attempt: 0
01-14 14:49:20.365  2585  2665 V Robocol : sending CMD_ROBOT_CONTROLLER_PREFERENCE(27), attempt: 0
01-14 14:49:20.366  2585  2656 V Robocol : received command: CMD_REQUEST_ACTIVE_CONFIG(10001) 
01-14 14:49:20.369  2585  2656 V Robocol : received command: CMD_REQUEST_USER_DEVICE_TYPES(10002) 
01-14 14:49:20.374  2585  2656 V Robocol : received command: CMD_REQUEST_OP_MODE_LIST(10003) 
01-14 14:49:20.376  2585  2668 V SoundInfo: construct(0x0da1f2fb)
01-14 14:49:20.379  2585  2656 V Robocol : received command: CMD_ROBOT_CONTROLLER_PREFERENCE(10004) {"booleanValue":true,"prefName":"pref_ds_supports_5_ghz"}
01-14 14:49:20.380  2585  2656 V Robocol : received command: CMD_ROBOT_CONTROLLER_PREFERENCE(10005) {"intValue":21,"prefName":"pref_dh_os_version_code"}
01-14 14:49:20.387  2585  2667 E WVMExtractor: Failed to open libwvm.so: dlopen failed: "/system/vendor/lib64/libwvm.so" is 32-bit instead of 64-bit
01-14 14:49:20.398  2585  2648 V RobotCore: DcMotorImpl(type=goBILDA5202SeriesMotor)
01-14 14:49:20.399  2585  2648 V RobotCore: DcMotorImpl(type=Motor)
01-14 14:49:20.399  2585  2648 V RobotCore: DcMotorImpl(type=Motor)
01-14 14:49:20.399  2585  2648 V RobotCore: DcMotorImpl(type=Motor)
01-14 14:49:20.400  2585  2648 V LynxServoController: initializeHardware() mod#=3
01-14 14:49:20.406  2585  2667 I MediaCodec: callingProcessName:com.qualcomm.ftcrobotcontroller
01-14 14:49:20.410  2585  2674 I ACodec  : onAllocateComponent:6752 mSoftCodecPref:0 componentName:
01-14 14:49:20.412  2585  2674 I ACodec  : onAllocateComponent:6783 mSoftCodecPref:0 componentName:OMX.google.raw.decoder
01-14 14:49:20.436  2585  2648 V LynxVoltageSensor: initializeHardware() mod#=3
01-14 14:49:20.437  2585  2648 V LynxAnalogInputController: initializeHardware() mod#=3
01-14 14:49:20.438  2585  2648 V LynxDigitalChannelController: initializeHardware() mod#=3
01-14 14:49:20.448  2585  2610 D SoundPlayer: onLoadComplete(samp=1|ms=757, samp=1)=0
01-14 14:49:20.451  2585  2668 W AudioTrack: AUDIO_OUTPUT_FLAG_FAST denied by client; transfer 4, track 48000 Hz, output 44100 Hz
01-14 14:49:20.455  2585  2668 D SoundPlayer: playing volume=0.000000 samp=1|ms=757
01-14 14:49:20.462  2585  2648 V RobotCore: Creating Webcam [SN0001]
01-14 14:49:20.463  2585  2648 V CameraManager: construct(hash=0x075190eb|inst#=0)
01-14 14:49:20.464  2585  2648 D libusb  : [ 0.000188] [00000a58] libusb: debug [op_init] sysfs(/sys/bus/usb/devices) available
01-14 14:49:20.464  2585  2648 D libusb  : [ 0.000272] [00000a58] libusb: debug [op_init] sysfs can relate devices
01-14 14:49:20.464  2585  2648 D libusb  : [ 0.000296] [00000a58] libusb: debug [op_init] sysfs has complete descriptors
01-14 14:49:20.464  2585  2648 D libusb  : [ 0.000315] [00000a58] libusb: debug [op_init] sysfs has serial numbers
01-14 14:49:20.463  2585  2585 I pRunnable.run(): type=1400 audit(0.0:396): avc: denied { read } for name="devices" dev="sysfs" ino=7258 scontext=u:r:untrusted_app:s0:c512,c768 tcontext=u:object_r:sysfs:s0 tclass=dir permissive=1
01-14 14:49:20.463  2585  2585 I pRunnable.run(): type=1400 audit(0.0:397): avc: denied { open } for path="/sys/bus/usb/devices" dev="sysfs" ino=7258 scontext=u:r:untrusted_app:s0:c512,c768 tcontext=u:object_r:sysfs:s0 tclass=dir permissive=1
01-14 14:49:20.468  2585  2648 V UvcContext: construct(pointer=0x6fa5e87b40|inst#=0)
01-14 14:49:20.473  2585  2665 V Robocol : sending CMD_PLAY_SOUND(48), attempt: 0
01-14 14:49:20.473  2585  2648 I RobotCore: ========= Device Information ===================================================
01-14 14:49:20.474  2585  2648 I RobotCore: Type                                               Name                           Connection
01-14 14:49:20.474  2585  2648 I RobotCore: Motor                                              FR                             USB (embedded); module 173; port 3
01-14 14:49:20.475  2585  2648 I RobotCore: Motor                                              BR                             USB (embedded); module 173; port 1
01-14 14:49:20.475  2585  2648 I RobotCore: Motor                                              R_ODO                          USB (embedded); module 3; port 1
01-14 14:49:20.476  2585  2648 I RobotCore: Motor                                              L_ODO                          USB (embedded); module 3; port 3
01-14 14:49:20.476  2585  2648 I RobotCore: REV Robotics USB Expansion Hub Portal              Control Hub Portal             USB (embedded)
01-14 14:49:20.476  2585  2648 I RobotCore: Servo                                              wrist                          USB (embedded); module 173; port 2
01-14 14:49:20.478  2585  2648 I RobotCore: Motor                                              FL                             USB (embedded); module 173; port 2
01-14 14:49:20.479  2585  2648 I RobotCore: Expansion Hub DC Motor Controller                  Expansion Hub 3                USB (embedded); module 3
01-14 14:49:20.479  2585  2648 I RobotCore: Expansion Hub Servo Controller                     Expansion Hub 3                USB (embedded); module 3
01-14 14:49:20.480  2585  2648 I RobotCore: Expansion Hub Voltage Sensor                       Expansion Hub 3                USB (embedded); module 3
01-14 14:49:20.480  2585  2648 I RobotCore: Expansion Hub Analog Input Controller              Expansion Hub 3                USB (embedded); module 3
01-14 14:49:20.481  2585  2648 I RobotCore: Expansion Hub Digital Channel Controller           Expansion Hub 3                USB (embedded); module 3
01-14 14:49:20.486  2585  2648 I RobotCore: Expansion Hub (HW: 20, Maj: 1, Min: 8, Eng: 2)     Expansion Hub 3                USB (embedded); module 3
01-14 14:49:20.486  2585  2648 I RobotCore: Servo                                              claw                           USB (embedded); module 173; port 3
01-14 14:49:20.487  2585  2648 I RobotCore: Servo                                              claw                           USB (embedded); module 3; port 2
01-14 14:49:20.487  2585  2648 I RobotCore: Motor                                              slides                         USB (embedded); module 3; port 0
01-14 14:49:20.488  2585  2648 I RobotCore: REV internal IMU (BNO055)                          imu                            USB (embedded); module 173; bus 0; addr7=0x00
01-14 14:49:20.488  2585  2648 I RobotCore: Expansion Hub DC Motor Controller                  Control Hub                    USB (embedded); module 173
01-14 14:49:20.489  2585  2648 I RobotCore: Expansion Hub Servo Controller                     Control Hub                    USB (embedded); module 173
01-14 14:49:20.489  2585  2648 I RobotCore: Expansion Hub Voltage Sensor                       Control Hub                    USB (embedded); module 173
01-14 14:49:20.489  2585  2648 I RobotCore: Expansion Hub Analog Input Controller              Control Hub                    USB (embedded); module 173
01-14 14:49:20.490  2585  2648 I RobotCore: Expansion Hub Digital Channel Controller           Control Hub                    USB (embedded); module 173
01-14 14:49:20.493  2585  2648 I RobotCore: Expansion Hub (HW: 20, Maj: 1, Min: 8, Eng: 2)     Control Hub                    USB (embedded); module 173
01-14 14:49:20.493  2585  2648 I RobotCore: Motor                                              F_ODO                          USB (embedded); module 3; port 2
01-14 14:49:20.494  2585  2648 I RobotCore: Servo                                              elbow1                         USB (embedded); module 173; port 0
01-14 14:49:20.494  2585  2648 I RobotCore: Motor                                              BL                             USB (embedded); module 173; port 0
01-14 14:49:20.499  2585  2648 I RobotCore: Sonix Technology Co., Ltd. USB Camera              Webcam1                        USB (SN0001)
01-14 14:49:20.500  2585  2648 I RobotCore: Servo                                              elbow2                         USB (embedded); module 173; port 1
01-14 14:49:20.504  2585  2648 I RobotCore: LynxFirmwareVersionManager: LynxI2cDeviceSynchV2
01-14 14:49:20.505  2585  2648 V LynxI2cDeviceSynch: initializeHardware() mod#=3
01-14 14:49:20.505  2585  2648 V BNO055  : Suppressing I2C warnings while we check for a BNO055 IMU
01-14 14:49:20.510  2585  2648 V BNO055  : Found BNO055 IMU
01-14 14:49:20.513  2585  2665 V Robocol : sending CMD_NOTIFY_ROBOT_STATE(7), attempt: 1
01-14 14:49:20.514  2585  2648 I RobotCore: LynxFirmwareVersionManager: LynxI2cDeviceSynchV2
01-14 14:49:20.514  2585  2665 V Robocol : sending CMD_NOTIFY_ROBOT_STATE(8), attempt: 1
01-14 14:49:20.514  2585  2648 V LynxI2cDeviceSynch: initializeHardware() mod#=173
01-14 14:49:20.514  2585  2648 V BNO055  : Suppressing I2C warnings while we check for a BNO055 IMU
01-14 14:49:20.515  2585  2665 V Robocol : sending CMD_NOTIFY_ROBOT_STATE(9), attempt: 1
01-14 14:49:20.516  2585  2665 V Robocol : sending CMD_NOTIFY_ACTIVE_CONFIGURATION(11), attempt: 1
01-14 14:49:20.516  2585  2665 V Robocol : sending CMD_NOTIFY_USER_DEVICE_LIST(12), attempt: 1
01-14 14:49:20.518  2585  2648 V BNO055  : Found BNO055 IMU
01-14 14:49:20.518  2585  2665 V Robocol : sending CMD_NOTIFY_OP_MODE_LIST(13), attempt: 1
01-14 14:49:20.528  2585  2648 V LynxUsb : 0x0d46a1d6 on 0x0d75f37b: releasing delegate to [(embedded)]
01-14 14:49:20.528  2585  2648 I FtcEventLoop: ======= INIT FINISH =======
01-14 14:49:20.528  2585  2648 V RobotCore: EventLoopManager state is RUNNING
01-14 14:49:20.531  2585  2648 V RobotCore: Robot Status: running, starting robot
01-14 14:49:20.532  2585  2648 V RobotCore: Robot Status: running
01-14 14:49:20.539  2585  2648 D FTCService: Detecting Wi-Fi reset
01-14 14:49:20.540  2585  2648 D RobotControllerAccessPointAssistant: detectWifiReset button=false
01-14 14:49:20.542  2585  2648 V RobotCore: thread: ...terminating 'RobotSetupRunnable.run()'
01-14 14:49:20.542  2585  2680 V RobotCore: thread: 'opmode loop()' starting...
01-14 14:49:20.553  2585  2665 V Robocol : sending CMD_NOTIFY_ROBOT_STATE(57), attempt: 0
01-14 14:49:20.554  2585  2665 V Robocol : sending CMD_SHOW_TOAST(59), attempt: 0
01-14 14:49:20.555  2585  2665 V Robocol : sending CMD_NOTIFY_ACTIVE_CONFIGURATION(60), attempt: 0
01-14 14:49:20.593  2585  2665 V Robocol : sending CMD_NOTIFY_USER_DEVICE_LIST(68), attempt: 0
01-14 14:49:20.595  2585  2665 V Robocol : sending CMD_NOTIFY_OP_MODE_LIST(71), attempt: 0
01-14 14:49:20.628  2585  2668 V SoundInfo: construct(0x024691bf)
01-14 14:49:20.682  2585  2667 I MediaCodec: callingProcessName:com.qualcomm.ftcrobotcontroller
01-14 14:49:20.684  2585  2685 I ACodec  : onAllocateComponent:6752 mSoftCodecPref:0 componentName:
01-14 14:49:20.685  2585  2685 I ACodec  : onAllocateComponent:6783 mSoftCodecPref:0 componentName:OMX.google.raw.decoder
01-14 14:49:20.739  2585  2610 D SoundPlayer: onLoadComplete(samp=2|ms=4506, samp=2)=0
01-14 14:49:21.060  2585  2680 I RobotCore: Attempting to switch to op mode $Stop$Robot$
01-14 14:49:21.153  2585  2665 V Robocol : sending CMD_NOTIFY_INIT_OP_MODE(101), attempt: 0
01-14 14:49:21.209  2585  2688 W AudioTrack: AUDIO_OUTPUT_FLAG_FAST denied by client; transfer 4, track 48000 Hz, output 44100 Hz
01-14 14:49:21.211  2585  2688 D SoundPlayer: playing volume=0.000000 samp=2|ms=4506
01-14 14:49:21.233  2585  2665 V Robocol : sending CMD_PLAY_SOUND(107), attempt: 0
01-14 14:49:29.003  2585  2656 V Robocol : received command: CMD_INIT_OP_MODE(10375) $Stop$Robot$
01-14 14:49:29.019  2585  2680 I RobotCore: Attempting to switch to op mode $Stop$Robot$
01-14 14:49:29.113  2585  2665 V Robocol : sending CMD_NOTIFY_INIT_OP_MODE(416), attempt: 0
01-14 14:49:35.040  2585  2656 V Robocol : received command: CMD_SET_MATCH_NUMBER(10613) 0
01-14 14:49:35.043  2585  2656 V Robocol : received command: CMD_INIT_OP_MODE(10614) Auto_Deposit_LEFT
01-14 14:49:35.061  2585  2657 I RobotCore: ******************** START - OPMODE Auto_Deposit_LEFT ********************
01-14 14:49:35.064  2585  2680 I RobotCore: Attempting to switch to op mode Auto_Deposit_LEFT
01-14 14:49:35.258  2585  2698 V RobotCore: thread: 'LinearOpMode main' starting...
01-14 14:49:35.273  2585  2665 V Robocol : sending CMD_NOTIFY_INIT_OP_MODE(664), attempt: 0
01-14 14:49:35.368  2585  2698 I System.out: OpenCvCameraBase ctor: EasyOpenCV version 1.5.3
01-14 14:49:35.393  2585  2665 V Robocol : sending CMD_STREAM_CHANGE(671), attempt: 0
01-14 14:49:35.396  2585  2585 D OpenCvViewport: surfaceCreated()
01-14 14:49:35.396  2585  2585 D OpenCvViewport: ...surfaceCreated()
01-14 14:49:35.396  2585  2585 D OpenCvViewport: surfaceChanged()
