12-22 16:16:24.962   939   986 I FtcAccessPointService: HostapdMonitor: Received hostapd message: <3>AP-STA-POSSIBLE-PSK-MISMATCH 70:cd:0d:b9:0e:88
12-22 16:16:25.648  1078  1078 I hostapd : wlan0: AP-STA-POSSIBLE-PSK-MISMATCH 70:cd:0d:b9:0e:88
12-22 16:16:26.002   939   986 I FtcAccessPointService: HostapdMonitor: Received hostapd message: <3>AP-STA-POSSIBLE-PSK-MISMATCH 70:cd:0d:b9:0e:88
12-22 16:16:26.650  1078  1078 I hostapd : wlan0: AP-STA-POSSIBLE-PSK-MISMATCH 70:cd:0d:b9:0e:88
12-22 16:16:27.042   939   986 I FtcAccessPointService: HostapdMonitor: Received hostapd message: <3>AP-STA-POSSIBLE-PSK-MISMATCH 70:cd:0d:b9:0e:88
12-22 16:16:27.386   939  2075 I FtcAccessPointService: Received FTC_AP_SETTINGS_CHANGE
12-22 16:16:27.387   939  2075 I FtcAccessPointService: Received FTC_AP_SETTINGS_CHANGE intent=#Intent;action=org.firstinspires.ftc.intent.action.FTC_AP_SETTINGS_CHANGE;component=org.firstinspires.ftc.ftcaccesspointservice/.FtcAccessPointService;S.org.firstinspires.ftc.intent.extra.EXTRA_AP_PASSWORD=Hydroflouric9421;S.org.firstinspires.ftc.intent.extra.EXTRA_AP_NAME=9421-RC;end
12-22 16:16:27.387   939  2075 I FtcAccessPointService: processed AP settings: name=9421-RC password=Hydroflouric9421 band=null channel=null
12-22 16:16:27.387   939  2075 I FtcAccessPointService: Taking no action on FTC_AP_SETTINGS_CHANGE
12-22 16:16:27.387   939  2075 I FtcAccessPointService: Received TEST_FTC_WIFI
12-22 16:16:27.689  1078  1078 I hostapd : type=1400 audit(0.0:260): avc: denied { sendto } for path="/data/misc/wifi/sockets/wpa_ctrl_939-5" scontext=u:r:hostapd:s0 tcontext=u:r:platform_app:s0:c512,c768 tclass=unix_dgram_socket permissive=1
12-22 16:16:27.692  1078  1078 I hostapd : wlan0: AP-STA-POSSIBLE-PSK-MISMATCH 70:cd:0d:b9:0e:88
12-22 16:16:27.858   939   939 I FtcAccessPointService: MonitoringThread: Changing rcAliveNotificationTimeoutSeconds from 20 to 10
12-22 16:16:28.099   939   986 I FtcAccessPointService: HostapdMonitor: Received hostapd message: <3>AP-STA-POSSIBLE-PSK-MISMATCH 70:cd:0d:b9:0e:88
12-22 16:16:29.652  1078  1078 I hostapd : wlan0: STA 70:cd:0d:b9:0e:88 IEEE 802.11: disassociated
12-22 16:16:29.653  1078  1078 I hostapd : wlan0: STA 70:cd:0d:b9:0e:88 IEEE 802.11: disassociated
12-22 16:16:31.672  1078  1078 I hostapd : type=1400 audit(0.0:266): avc: denied { write } for name="wpa_ctrl_939-4" dev="mmcblk0p14" ino=344415 scontext=u:r:hostapd:s0 tcontext=u:object_r:wpa_socket:s0:c512,c768 tclass=sock_file permissive=1
12-22 16:16:38.460   939   986 W FtcAccessPointService: MonitoringThread: The RC has not reported itself as alive for more than 10 seconds. Relaunching the RC.
12-22 16:16:39.504   939   986 I FtcAccessPointService: MonitoringThread: Launching RC app
12-22 16:16:39.702   939   939 I FtcAccessPointService: MonitoringThread: Changing rcAliveNotificationTimeoutSeconds from 10 to 20
12-22 16:16:45.385   939  2184 I FtcAccessPointService: Received FTC_AP_SETTINGS_CHANGE
12-22 16:16:45.385   939  2184 I FtcAccessPointService: Received FTC_AP_SETTINGS_CHANGE intent=#Intent;action=org.firstinspires.ftc.intent.action.FTC_AP_SETTINGS_CHANGE;component=org.firstinspires.ftc.ftcaccesspointservice/.FtcAccessPointService;S.org.firstinspires.ftc.intent.extra.EXTRA_AP_PASSWORD=Hydroflouric9421;S.org.firstinspires.ftc.intent.extra.EXTRA_AP_NAME=9421-RC;end
12-22 16:16:45.385   939  2184 I FtcAccessPointService: processed AP settings: name=9421-RC password=Hydroflouric9421 band=null channel=null
12-22 16:16:45.385   939  2184 I FtcAccessPointService: Taking no action on FTC_AP_SETTINGS_CHANGE
12-22 16:16:45.385   939  2184 I FtcAccessPointService: Received TEST_FTC_WIFI
12-22 16:16:45.461   939   939 I FtcAccessPointService: MonitoringThread: Changing rcAliveNotificationTimeoutSeconds from 20 to 10
12-22 16:16:56.629  1078  1078 I hostapd : type=1400 audit(0.0:299): avc: denied { sendto } for path="/data/misc/wifi/sockets/wpa_ctrl_939-4" scontext=u:r:hostapd:s0 tcontext=u:r:platform_app:s0:c512,c768 tclass=unix_dgram_socket permissive=1
12-22 16:17:30.169  1078  1078 I hostapd : wlan0: STA 70:cd:0d:b9:0e:88 IEEE 802.11: associated
12-22 16:17:30.169  1078  1078 I hostapd : wlan0: STA 70:cd:0d:b9:0e:88 IEEE 802.11: associated
12-22 16:17:30.178  1078  1078 I hostapd : wlan0: AP-STA-POSSIBLE-PSK-MISMATCH 70:cd:0d:b9:0e:88
12-22 16:17:30.351   939   986 I FtcAccessPointService: HostapdMonitor: Received hostapd message: <3>AP-STA-POSSIBLE-PSK-MISMATCH 70:cd:0d:b9:0e:88
12-22 16:17:31.179  1078  1078 I hostapd : wlan0: AP-STA-POSSIBLE-PSK-MISMATCH 70:cd:0d:b9:0e:88
12-22 16:17:31.389   939   986 I FtcAccessPointService: HostapdMonitor: Received hostapd message: <3>AP-STA-POSSIBLE-PSK-MISMATCH 70:cd:0d:b9:0e:88
12-22 16:17:32.180  1078  1078 I hostapd : wlan0: AP-STA-POSSIBLE-PSK-MISMATCH 70:cd:0d:b9:0e:88
12-22 16:17:32.430   939   986 I FtcAccessPointService: HostapdMonitor: Received hostapd message: <3>AP-STA-POSSIBLE-PSK-MISMATCH 70:cd:0d:b9:0e:88
12-22 16:17:33.181  1078  1078 I hostapd : wlan0: AP-STA-POSSIBLE-PSK-MISMATCH 70:cd:0d:b9:0e:88
12-22 16:17:33.471   939   986 I FtcAccessPointService: HostapdMonitor: Received hostapd message: <3>AP-STA-POSSIBLE-PSK-MISMATCH 70:cd:0d:b9:0e:88
12-22 16:17:35.169  1078  1078 I hostapd : wlan0: STA 70:cd:0d:b9:0e:88 IEEE 802.11: disassociated
12-22 16:17:35.169  1078  1078 I hostapd : wlan0: STA 70:cd:0d:b9:0e:88 IEEE 802.11: disassociated
12-22 16:18:35.825  1078  1078 I hostapd : wlan0: STA 70:cd:0d:b9:0e:88 IEEE 802.11: associated
12-22 16:18:35.825  1078  1078 I hostapd : wlan0: STA 70:cd:0d:b9:0e:88 IEEE 802.11: associated
12-22 16:18:35.834  1078  1078 I hostapd : wlan0: AP-STA-POSSIBLE-PSK-MISMATCH 70:cd:0d:b9:0e:88
12-22 16:18:36.806   939   986 I FtcAccessPointService: HostapdMonitor: Received hostapd message: <3>AP-STA-POSSIBLE-PSK-MISMATCH 70:cd:0d:b9:0e:88
12-22 16:18:36.833  1078  1078 I hostapd : wlan0: AP-STA-POSSIBLE-PSK-MISMATCH 70:cd:0d:b9:0e:88
12-22 16:18:37.834  1078  1078 I hostapd : wlan0: AP-STA-POSSIBLE-PSK-MISMATCH 70:cd:0d:b9:0e:88
12-22 16:18:37.850   939   986 I FtcAccessPointService: HostapdMonitor: Received hostapd message: <3>AP-STA-POSSIBLE-PSK-MISMATCH 70:cd:0d:b9:0e:88
12-22 16:18:37.850   939   986 I FtcAccessPointService: HostapdMonitor: Received hostapd message: <3>AP-STA-POSSIBLE-PSK-MISMATCH 70:cd:0d:b9:0e:88
12-22 16:18:38.835  1078  1078 I hostapd : wlan0: AP-STA-POSSIBLE-PSK-MISMATCH 70:cd:0d:b9:0e:88
12-22 16:18:38.875   939   986 I FtcAccessPointService: HostapdMonitor: Received hostapd message: <3>AP-STA-POSSIBLE-PSK-MISMATCH 70:cd:0d:b9:0e:88
12-22 16:18:40.826  1078  1078 I hostapd : wlan0: STA 70:cd:0d:b9:0e:88 IEEE 802.11: disassociated
12-22 16:18:40.827  1078  1078 I hostapd : wlan0: STA 70:cd:0d:b9:0e:88 IEEE 802.11: disassociated
12-22 16:19:41.476  1078  1078 I hostapd : wlan0: STA 70:cd:0d:b9:0e:88 IEEE 802.11: associated
12-22 16:19:41.476  1078  1078 I hostapd : wlan0: STA 70:cd:0d:b9:0e:88 IEEE 802.11: associated
12-22 16:19:41.484  1078  1078 I hostapd : wlan0: AP-STA-POSSIBLE-PSK-MISMATCH 70:cd:0d:b9:0e:88
12-22 16:19:42.373   939   986 I FtcAccessPointService: HostapdMonitor: Received hostapd message: <3>AP-STA-POSSIBLE-PSK-MISMATCH 70:cd:0d:b9:0e:88
12-22 16:19:42.485  1078  1078 I hostapd : wlan0: AP-STA-POSSIBLE-PSK-MISMATCH 70:cd:0d:b9:0e:88
12-22 16:19:43.417   939   986 I FtcAccessPointService: HostapdMonitor: Received hostapd message: <3>AP-STA-POSSIBLE-PSK-MISMATCH 70:cd:0d:b9:0e:88
12-22 16:19:43.486  1078  1078 I hostapd : wlan0: AP-STA-POSSIBLE-PSK-MISMATCH 70:cd:0d:b9:0e:88
12-22 16:19:44.465   939   986 I FtcAccessPointService: HostapdMonitor: Received hostapd message: <3>AP-STA-POSSIBLE-PSK-MISMATCH 70:cd:0d:b9:0e:88
12-22 16:19:44.487  1078  1078 I hostapd : wlan0: AP-STA-POSSIBLE-PSK-MISMATCH 70:cd:0d:b9:0e:88
12-22 16:19:45.505   939   986 I FtcAccessPointService: HostapdMonitor: Received hostapd message: <3>AP-STA-POSSIBLE-PSK-MISMATCH 70:cd:0d:b9:0e:88
12-22 16:19:46.487  1078  1078 I hostapd : wlan0: STA 70:cd:0d:b9:0e:88 IEEE 802.11: disassociated
12-22 16:19:46.487  1078  1078 I hostapd : wlan0: STA 70:cd:0d:b9:0e:88 IEEE 802.11: disassociated
12-22 16:20:01.602  1078  1078 I hostapd : type=1400 audit(0.0:302): avc: denied { write } for name="wpa_ctrl_939-4" dev="mmcblk0p14" ino=344415 scontext=u:r:hostapd:s0 tcontext=u:object_r:wpa_socket:s0:c512,c768 tclass=sock_file permissive=1
12-22 16:20:07.319   939   986 W FtcAccessPointService: MonitoringThread: The RC has not reported itself as alive for more than 10 seconds. Relaunching the RC.
12-22 16:20:08.363   939   986 I FtcAccessPointService: MonitoringThread: Launching RC app
12-22 16:20:08.546   939   939 I FtcAccessPointService: MonitoringThread: Changing rcAliveNotificationTimeoutSeconds from 10 to 20
12-22 16:20:11.649  1078  1078 I hostapd : type=1400 audit(0.0:316): avc: denied { write } for name="wpa_ctrl_939-4" dev="mmcblk0p14" ino=344415 scontext=u:r:hostapd:s0 tcontext=u:object_r:wpa_socket:s0:c512,c768 tclass=sock_file permissive=1
12-22 16:20:11.649  1078  1078 I hostapd : type=1400 audit(0.0:317): avc: denied { sendto } for path="/data/misc/wifi/sockets/wpa_ctrl_939-4" scontext=u:r:hostapd:s0 tcontext=u:r:platform_app:s0:c512,c768 tclass=unix_dgram_socket permissive=1
12-22 16:20:11.800   939   939 I FtcAccessPointService: MonitoringThread: Changing rcAliveNotificationTimeoutSeconds from 20 to 20
12-22 16:20:32.182   939   986 W FtcAccessPointService: MonitoringThread: The RC has not reported itself as alive for more than 20 seconds. Relaunching the RC.
12-22 16:20:33.237   939   986 I FtcAccessPointService: MonitoringThread: Launching RC app
12-22 16:20:33.418   939   939 I FtcAccessPointService: MonitoringThread: Changing rcAliveNotificationTimeoutSeconds from 10 to 20
12-22 16:20:36.639  1078  1078 I hostapd : type=1400 audit(0.0:326): avc: denied { sendto } for path="/data/misc/wifi/sockets/wpa_ctrl_939-4" scontext=u:r:hostapd:s0 tcontext=u:r:platform_app:s0:c512,c768 tclass=unix_dgram_socket permissive=1
12-22 16:20:39.219   939  2568 I FtcAccessPointService: Received FTC_AP_SETTINGS_CHANGE
12-22 16:20:39.219   939  2568 I FtcAccessPointService: Received FTC_AP_SETTINGS_CHANGE intent=#Intent;action=org.firstinspires.ftc.intent.action.FTC_AP_SETTINGS_CHANGE;component=org.firstinspires.ftc.ftcaccesspointservice/.FtcAccessPointService;S.org.firstinspires.ftc.intent.extra.EXTRA_AP_PASSWORD=Hydroflouric9421;S.org.firstinspires.ftc.intent.extra.EXTRA_AP_NAME=9421-RC;end
12-22 16:20:39.220   939  2568 I FtcAccessPointService: processed AP settings: name=9421-RC password=Hydroflouric9421 band=null channel=null
12-22 16:20:39.220   939  2568 I FtcAccessPointService: Taking no action on FTC_AP_SETTINGS_CHANGE
12-22 16:20:39.220   939  2568 I FtcAccessPointService: Received TEST_FTC_WIFI
12-22 16:20:39.305   939   939 I FtcAccessPointService: MonitoringThread: Changing rcAliveNotificationTimeoutSeconds from 20 to 10
12-22 16:20:47.139  1078  1078 I hostapd : wlan0: STA 70:cd:0d:b9:0e:88 IEEE 802.11: associated
12-22 16:20:47.139  1078  1078 I hostapd : wlan0: STA 70:cd:0d:b9:0e:88 IEEE 802.11: associated
12-22 16:20:47.144  1078  1078 I hostapd : wlan0: AP-STA-POSSIBLE-PSK-MISMATCH 70:cd:0d:b9:0e:88
12-22 16:20:47.816   939   986 I FtcAccessPointService: HostapdMonitor: Received hostapd message: <3>AP-STA-POSSIBLE-PSK-MISMATCH 70:cd:0d:b9:0e:88
12-22 16:20:48.145  1078  1078 I hostapd : wlan0: AP-STA-POSSIBLE-PSK-MISMATCH 70:cd:0d:b9:0e:88
12-22 16:20:48.843   939   986 I FtcAccessPointService: HostapdMonitor: Received hostapd message: <3>AP-STA-POSSIBLE-PSK-MISMATCH 70:cd:0d:b9:0e:88
12-22 16:20:49.135  1078  1078 I hostapd : wlan0: AP-STA-POSSIBLE-PSK-MISMATCH 70:cd:0d:b9:0e:88
12-22 16:20:49.132  1078  1078 I hostapd : type=1400 audit(0.0:345): avc: denied { write } for name="wpa_ctrl_939-5" dev="mmcblk0p14" ino=344286 scontext=u:r:hostapd:s0 tcontext=u:object_r:wpa_socket:s0:c512,c768 tclass=sock_file permissive=1
12-22 16:20:49.878   939   986 I FtcAccessPointService: HostapdMonitor: Received hostapd message: <3>AP-STA-POSSIBLE-PSK-MISMATCH 70:cd:0d:b9:0e:88
12-22 16:20:50.136  1078  1078 I hostapd : wlan0: AP-STA-POSSIBLE-PSK-MISMATCH 70:cd:0d:b9:0e:88
12-22 16:20:50.890   939   986 I FtcAccessPointService: HostapdMonitor: Received hostapd message: <3>AP-STA-POSSIBLE-PSK-MISMATCH 70:cd:0d:b9:0e:88
12-22 16:20:52.129  1078  1078 I hostapd : wlan0: STA 70:cd:0d:b9:0e:88 IEEE 802.11: disassociated
12-22 16:20:52.129  1078  1078 I hostapd : wlan0: STA 70:cd:0d:b9:0e:88 IEEE 802.11: disassociated
12-22 16:21:52.805  1078  1078 I hostapd : wlan0: STA 70:cd:0d:b9:0e:88 IEEE 802.11: associated
12-22 16:21:52.805  1078  1078 I hostapd : wlan0: STA 70:cd:0d:b9:0e:88 IEEE 802.11: associated
12-22 16:21:52.810  1078  1078 I hostapd : wlan0: AP-STA-POSSIBLE-PSK-MISMATCH 70:cd:0d:b9:0e:88
12-22 16:21:53.150   939   986 I FtcAccessPointService: HostapdMonitor: Received hostapd message: <3>AP-STA-POSSIBLE-PSK-MISMATCH 70:cd:0d:b9:0e:88
12-22 16:21:53.810  1078  1078 I hostapd : wlan0: AP-STA-POSSIBLE-PSK-MISMATCH 70:cd:0d:b9:0e:88
12-22 16:21:54.193   939   986 I FtcAccessPointService: HostapdMonitor: Received hostapd message: <3>AP-STA-POSSIBLE-PSK-MISMATCH 70:cd:0d:b9:0e:88
12-22 16:21:54.812  1078  1078 I hostapd : wlan0: AP-STA-POSSIBLE-PSK-MISMATCH 70:cd:0d:b9:0e:88
12-22 16:21:55.236   939   986 I FtcAccessPointService: HostapdMonitor: Received hostapd message: <3>AP-STA-POSSIBLE-PSK-MISMATCH 70:cd:0d:b9:0e:88
12-22 16:21:55.813  1078  1078 I hostapd : wlan0: AP-STA-POSSIBLE-PSK-MISMATCH 70:cd:0d:b9:0e:88
12-22 16:21:56.280   939   986 I FtcAccessPointService: HostapdMonitor: Received hostapd message: <3>AP-STA-POSSIBLE-PSK-MISMATCH 70:cd:0d:b9:0e:88
12-22 16:21:57.791  1078  1078 I hostapd : wlan0: STA 70:cd:0d:b9:0e:88 IEEE 802.11: disassociated
12-22 16:21:57.791  1078  1078 I hostapd : wlan0: STA 70:cd:0d:b9:0e:88 IEEE 802.11: disassociated
12-22 16:22:58.339  1078  1078 I hostapd : wlan0: STA 70:cd:0d:b9:0e:88 IEEE 802.11: associated
12-22 16:22:58.339  1078  1078 I hostapd : wlan0: STA 70:cd:0d:b9:0e:88 IEEE 802.11: associated
12-22 16:22:58.349  1078  1078 I hostapd : wlan0: AP-STA-POSSIBLE-PSK-MISMATCH 70:cd:0d:b9:0e:88
12-22 16:22:58.666   939   986 I FtcAccessPointService: HostapdMonitor: Received hostapd message: <3>AP-STA-POSSIBLE-PSK-MISMATCH 70:cd:0d:b9:0e:88
12-22 16:22:59.348  1078  1078 I hostapd : wlan0: AP-STA-POSSIBLE-PSK-MISMATCH 70:cd:0d:b9:0e:88
12-22 16:22:59.704   939   986 I FtcAccessPointService: HostapdMonitor: Received hostapd message: <3>AP-STA-POSSIBLE-PSK-MISMATCH 70:cd:0d:b9:0e:88
12-22 16:23:00.348  1078  1078 I hostapd : wlan0: AP-STA-POSSIBLE-PSK-MISMATCH 70:cd:0d:b9:0e:88
12-22 16:23:00.748   939   986 I FtcAccessPointService: HostapdMonitor: Received hostapd message: <3>AP-STA-POSSIBLE-PSK-MISMATCH 70:cd:0d:b9:0e:88
12-22 16:23:01.350  1078  1078 I hostapd : wlan0: AP-STA-POSSIBLE-PSK-MISMATCH 70:cd:0d:b9:0e:88
12-22 16:23:01.791   939   986 I FtcAccessPointService: HostapdMonitor: Received hostapd message: <3>AP-STA-POSSIBLE-PSK-MISMATCH 70:cd:0d:b9:0e:88
12-22 16:23:03.352  1078  1078 I hostapd : wlan0: STA 70:cd:0d:b9:0e:88 IEEE 802.11: disassociated
12-22 16:23:03.352  1078  1078 I hostapd : wlan0: STA 70:cd:0d:b9:0e:88 IEEE 802.11: disassociated
12-22 16:24:04.013  1078  1078 I hostapd : wlan0: STA 70:cd:0d:b9:0e:88 IEEE 802.11: associated
12-22 16:24:04.013  1078  1078 I hostapd : wlan0: STA 70:cd:0d:b9:0e:88 IEEE 802.11: associated
12-22 16:24:04.020  1078  1078 I hostapd : wlan0: AP-STA-POSSIBLE-PSK-MISMATCH 70:cd:0d:b9:0e:88
12-22 16:24:04.183   939   986 I FtcAccessPointService: HostapdMonitor: Received hostapd message: <3>AP-STA-POSSIBLE-PSK-MISMATCH 70:cd:0d:b9:0e:88
12-22 16:24:05.021  1078  1078 I hostapd : wlan0: AP-STA-POSSIBLE-PSK-MISMATCH 70:cd:0d:b9:0e:88
12-22 16:24:05.227   939   986 I FtcAccessPointService: HostapdMonitor: Received hostapd message: <3>AP-STA-POSSIBLE-PSK-MISMATCH 70:cd:0d:b9:0e:88
12-22 16:24:06.022  1078  1078 I hostapd : wlan0: AP-STA-POSSIBLE-PSK-MISMATCH 70:cd:0d:b9:0e:88
12-22 16:24:06.273   939   986 I FtcAccessPointService: HostapdMonitor: Received hostapd message: <3>AP-STA-POSSIBLE-PSK-MISMATCH 70:cd:0d:b9:0e:88
12-22 16:24:07.023  1078  1078 I hostapd : wlan0: AP-STA-POSSIBLE-PSK-MISMATCH 70:cd:0d:b9:0e:88
12-22 16:24:07.317   939   986 I FtcAccessPointService: HostapdMonitor: Received hostapd message: <3>AP-STA-POSSIBLE-PSK-MISMATCH 70:cd:0d:b9:0e:88
12-22 16:24:09.017  1078  1078 I hostapd : wlan0: STA 70:cd:0d:b9:0e:88 IEEE 802.11: disassociated
12-22 16:24:09.017  1078  1078 I hostapd : wlan0: STA 70:cd:0d:b9:0e:88 IEEE 802.11: disassociated
12-22 16:25:09.663  1078  1078 I hostapd : wlan0: STA 70:cd:0d:b9:0e:88 IEEE 802.11: associated
12-22 16:25:09.663  1078  1078 I hostapd : wlan0: STA 70:cd:0d:b9:0e:88 IEEE 802.11: associated
12-22 16:25:09.671  1078  1078 I hostapd : wlan0: AP-STA-POSSIBLE-PSK-MISMATCH 70:cd:0d:b9:0e:88
12-22 16:25:09.710   939   986 I FtcAccessPointService: HostapdMonitor: Received hostapd message: <3>AP-STA-POSSIBLE-PSK-MISMATCH 70:cd:0d:b9:0e:88
12-22 16:25:10.672  1078  1078 I hostapd : wlan0: AP-STA-POSSIBLE-PSK-MISMATCH 70:cd:0d:b9:0e:88
12-22 16:25:10.743   939   986 I FtcAccessPointService: HostapdMonitor: Received hostapd message: <3>AP-STA-POSSIBLE-PSK-MISMATCH 70:cd:0d:b9:0e:88
12-22 16:25:11.673  1078  1078 I hostapd : wlan0: AP-STA-POSSIBLE-PSK-MISMATCH 70:cd:0d:b9:0e:88
12-22 16:25:11.786   939   986 I FtcAccessPointService: HostapdMonitor: Received hostapd message: <3>AP-STA-POSSIBLE-PSK-MISMATCH 70:cd:0d:b9:0e:88
12-22 16:25:12.675  1078  1078 I hostapd : wlan0: AP-STA-POSSIBLE-PSK-MISMATCH 70:cd:0d:b9:0e:88
12-22 16:25:12.834   939   986 I FtcAccessPointService: HostapdMonitor: Received hostapd message: <3>AP-STA-POSSIBLE-PSK-MISMATCH 70:cd:0d:b9:0e:88
12-22 16:25:14.665  1078  1078 I hostapd : wlan0: STA 70:cd:0d:b9:0e:88 IEEE 802.11: disassociated
12-22 16:25:14.665  1078  1078 I hostapd : wlan0: STA 70:cd:0d:b9:0e:88 IEEE 802.11: disassociated
12-22 16:26:15.328  1078  1078 I hostapd : wlan0: STA 70:cd:0d:b9:0e:88 IEEE 802.11: associated
12-22 16:26:15.328  1078  1078 I hostapd : wlan0: STA 70:cd:0d:b9:0e:88 IEEE 802.11: associated
12-22 16:26:15.334  1078  1078 I hostapd : wlan0: AP-STA-POSSIBLE-PSK-MISMATCH 70:cd:0d:b9:0e:88
12-22 16:26:16.258   939   986 I FtcAccessPointService: HostapdMonitor: Received hostapd message: <3>AP-STA-POSSIBLE-PSK-MISMATCH 70:cd:0d:b9:0e:88
12-22 16:26:16.335  1078  1078 I hostapd : wlan0: AP-STA-POSSIBLE-PSK-MISMATCH 70:cd:0d:b9:0e:88
12-22 16:26:17.299   939   986 I FtcAccessPointService: HostapdMonitor: Received hostapd message: <3>AP-STA-POSSIBLE-PSK-MISMATCH 70:cd:0d:b9:0e:88
12-22 16:26:17.336  1078  1078 I hostapd : wlan0: AP-STA-POSSIBLE-PSK-MISMATCH 70:cd:0d:b9:0e:88
12-22 16:26:18.338  1078  1078 I hostapd : wlan0: AP-STA-POSSIBLE-PSK-MISMATCH 70:cd:0d:b9:0e:88
12-22 16:26:18.354   939   986 I FtcAccessPointService: HostapdMonitor: Received hostapd message: <3>AP-STA-POSSIBLE-PSK-MISMATCH 70:cd:0d:b9:0e:88
12-22 16:26:18.354   939   986 I FtcAccessPointService: HostapdMonitor: Received hostapd message: <3>AP-STA-POSSIBLE-PSK-MISMATCH 70:cd:0d:b9:0e:88
12-22 16:26:20.337  1078  1078 I hostapd : wlan0: STA 70:cd:0d:b9:0e:88 IEEE 802.11: disassociated
12-22 16:26:20.337  1078  1078 I hostapd : wlan0: STA 70:cd:0d:b9:0e:88 IEEE 802.11: disassociated
12-22 16:27:20.998  1078  1078 I hostapd : wlan0: STA 70:cd:0d:b9:0e:88 IEEE 802.11: associated
12-22 16:27:20.998  1078  1078 I hostapd : wlan0: STA 70:cd:0d:b9:0e:88 IEEE 802.11: associated
12-22 16:27:21.007  1078  1078 I hostapd : wlan0: AP-STA-POSSIBLE-PSK-MISMATCH 70:cd:0d:b9:0e:88
12-22 16:27:21.707   939   986 I FtcAccessPointService: HostapdMonitor: Received hostapd message: <3>AP-STA-POSSIBLE-PSK-MISMATCH 70:cd:0d:b9:0e:88
12-22 16:27:22.007  1078  1078 I hostapd : wlan0: AP-STA-POSSIBLE-PSK-MISMATCH 70:cd:0d:b9:0e:88
12-22 16:27:22.748   939   986 I FtcAccessPointService: HostapdMonitor: Received hostapd message: <3>AP-STA-POSSIBLE-PSK-MISMATCH 70:cd:0d:b9:0e:88
12-22 16:27:23.008  1078  1078 I hostapd : wlan0: AP-STA-POSSIBLE-PSK-MISMATCH 70:cd:0d:b9:0e:88
12-22 16:27:23.788   939   986 I FtcAccessPointService: HostapdMonitor: Received hostapd message: <3>AP-STA-POSSIBLE-PSK-MISMATCH 70:cd:0d:b9:0e:88
12-22 16:27:24.009  1078  1078 I hostapd : wlan0: AP-STA-POSSIBLE-PSK-MISMATCH 70:cd:0d:b9:0e:88
12-22 16:27:24.827   939   986 I FtcAccessPointService: HostapdMonitor: Received hostapd message: <3>AP-STA-POSSIBLE-PSK-MISMATCH 70:cd:0d:b9:0e:88
12-22 16:27:26.007  1078  1078 I hostapd : wlan0: STA 70:cd:0d:b9:0e:88 IEEE 802.11: disassociated
12-22 16:27:26.007  1078  1078 I hostapd : wlan0: STA 70:cd:0d:b9:0e:88 IEEE 802.11: disassociated
12-22 16:27:59.868  1124  1124 I dnsmasq : DHCPREQUEST(wlan0) 192.168.43.16 30:7b:c9:27:2f:58 
12-22 16:27:59.868  1124  1124 I dnsmasq : DHCPACK(wlan0) 192.168.43.16 30:7b:c9:27:2f:58 
12-22 16:28:26.553  1078  1078 I hostapd : wlan0: STA 70:cd:0d:b9:0e:88 IEEE 802.11: associated
12-22 16:28:26.554  1078  1078 I hostapd : wlan0: STA 70:cd:0d:b9:0e:88 IEEE 802.11: associated
12-22 16:28:26.561  1078  1078 I hostapd : wlan0: AP-STA-POSSIBLE-PSK-MISMATCH 70:cd:0d:b9:0e:88
12-22 16:28:27.210   939   986 I FtcAccessPointService: HostapdMonitor: Received hostapd message: <3>AP-STA-POSSIBLE-PSK-MISMATCH 70:cd:0d:b9:0e:88
12-22 16:28:27.617  1078  1078 I hostapd : wlan0: AP-STA-POSSIBLE-PSK-MISMATCH 70:cd:0d:b9:0e:88
12-22 16:28:28.252   939   986 I FtcAccessPointService: HostapdMonitor: Received hostapd message: <3>AP-STA-POSSIBLE-PSK-MISMATCH 70:cd:0d:b9:0e:88
12-22 16:28:28.563  1078  1078 I hostapd : wlan0: AP-STA-POSSIBLE-PSK-MISMATCH 70:cd:0d:b9:0e:88
12-22 16:28:29.291   939   986 I FtcAccessPointService: HostapdMonitor: Received hostapd message: <3>AP-STA-POSSIBLE-PSK-MISMATCH 70:cd:0d:b9:0e:88
12-22 16:28:29.564  1078  1078 I hostapd : wlan0: AP-STA-POSSIBLE-PSK-MISMATCH 70:cd:0d:b9:0e:88
12-22 16:28:30.330   939   986 I FtcAccessPointService: HostapdMonitor: Received hostapd message: <3>AP-STA-POSSIBLE-PSK-MISMATCH 70:cd:0d:b9:0e:88
12-22 16:28:31.556  1078  1078 I hostapd : wlan0: STA 70:cd:0d:b9:0e:88 IEEE 802.11: disassociated
12-22 16:28:31.556  1078  1078 I hostapd : wlan0: STA 70:cd:0d:b9:0e:88 IEEE 802.11: disassociated
12-22 16:29:32.218  1078  1078 I hostapd : wlan0: STA 70:cd:0d:b9:0e:88 IEEE 802.11: associated
12-22 16:29:32.218  1078  1078 I hostapd : wlan0: STA 70:cd:0d:b9:0e:88 IEEE 802.11: associated
12-22 16:29:32.225  1078  1078 I hostapd : wlan0: AP-STA-POSSIBLE-PSK-MISMATCH 70:cd:0d:b9:0e:88
12-22 16:29:32.701   939   986 I FtcAccessPointService: HostapdMonitor: Received hostapd message: <3>AP-STA-POSSIBLE-PSK-MISMATCH 70:cd:0d:b9:0e:88
12-22 16:29:33.226  1078  1078 I hostapd : wlan0: AP-STA-POSSIBLE-PSK-MISMATCH 70:cd:0d:b9:0e:88
12-22 16:29:33.744   939   986 I FtcAccessPointService: HostapdMonitor: Received hostapd message: <3>AP-STA-POSSIBLE-PSK-MISMATCH 70:cd:0d:b9:0e:88
12-22 16:29:34.228  1078  1078 I hostapd : wlan0: AP-STA-POSSIBLE-PSK-MISMATCH 70:cd:0d:b9:0e:88
12-22 16:29:34.785   939   986 I FtcAccessPointService: HostapdMonitor: Received hostapd message: <3>AP-STA-POSSIBLE-PSK-MISMATCH 70:cd:0d:b9:0e:88
12-22 16:29:35.228  1078  1078 I hostapd : wlan0: AP-STA-POSSIBLE-PSK-MISMATCH 70:cd:0d:b9:0e:88
12-22 16:29:35.825   939   986 I FtcAccessPointService: HostapdMonitor: Received hostapd message: <3>AP-STA-POSSIBLE-PSK-MISMATCH 70:cd:0d:b9:0e:88
12-22 16:29:37.220  1078  1078 I hostapd : wlan0: STA 70:cd:0d:b9:0e:88 IEEE 802.11: disassociated
12-22 16:29:37.220  1078  1078 I hostapd : wlan0: STA 70:cd:0d:b9:0e:88 IEEE 802.11: disassociated
12-22 16:30:37.873  1078  1078 I hostapd : wlan0: STA 70:cd:0d:b9:0e:88 IEEE 802.11: associated
12-22 16:30:37.873  1078  1078 I hostapd : wlan0: STA 70:cd:0d:b9:0e:88 IEEE 802.11: associated
12-22 16:30:37.880  1078  1078 I hostapd : wlan0: AP-STA-POSSIBLE-PSK-MISMATCH 70:cd:0d:b9:0e:88
12-22 16:30:38.175   939   986 I FtcAccessPointService: HostapdMonitor: Received hostapd message: <3>AP-STA-POSSIBLE-PSK-MISMATCH 70:cd:0d:b9:0e:88
12-22 16:30:38.882  1078  1078 I hostapd : wlan0: AP-STA-POSSIBLE-PSK-MISMATCH 70:cd:0d:b9:0e:88
12-22 16:30:39.216   939   986 I FtcAccessPointService: HostapdMonitor: Received hostapd message: <3>AP-STA-POSSIBLE-PSK-MISMATCH 70:cd:0d:b9:0e:88
12-22 16:30:39.882  1078  1078 I hostapd : wlan0: AP-STA-POSSIBLE-PSK-MISMATCH 70:cd:0d:b9:0e:88
12-22 16:30:40.260   939   986 I FtcAccessPointService: HostapdMonitor: Received hostapd message: <3>AP-STA-POSSIBLE-PSK-MISMATCH 70:cd:0d:b9:0e:88
12-22 16:30:40.883  1078  1078 I hostapd : wlan0: AP-STA-POSSIBLE-PSK-MISMATCH 70:cd:0d:b9:0e:88
12-22 16:30:41.297   939   986 I FtcAccessPointService: HostapdMonitor: Received hostapd message: <3>AP-STA-POSSIBLE-PSK-MISMATCH 70:cd:0d:b9:0e:88
12-22 16:30:42.872  1078  1078 I hostapd : wlan0: STA 70:cd:0d:b9:0e:88 IEEE 802.11: disassociated
12-22 16:30:42.872  1078  1078 I hostapd : wlan0: STA 70:cd:0d:b9:0e:88 IEEE 802.11: disassociated
12-22 16:31:43.554  1078  1078 I hostapd : wlan0: STA 70:cd:0d:b9:0e:88 IEEE 802.11: associated
12-22 16:31:43.554  1078  1078 I hostapd : wlan0: STA 70:cd:0d:b9:0e:88 IEEE 802.11: associated
12-22 16:31:43.563  1078  1078 I hostapd : wlan0: AP-STA-POSSIBLE-PSK-MISMATCH 70:cd:0d:b9:0e:88
12-22 16:31:43.732   939   986 I FtcAccessPointService: HostapdMonitor: Received hostapd message: <3>AP-STA-POSSIBLE-PSK-MISMATCH 70:cd:0d:b9:0e:88
12-22 16:31:44.564  1078  1078 I hostapd : wlan0: AP-STA-POSSIBLE-PSK-MISMATCH 70:cd:0d:b9:0e:88
12-22 16:31:44.773   939   986 I FtcAccessPointService: HostapdMonitor: Received hostapd message: <3>AP-STA-POSSIBLE-PSK-MISMATCH 70:cd:0d:b9:0e:88
12-22 16:31:45.574  1078  1078 I hostapd : wlan0: AP-STA-POSSIBLE-PSK-MISMATCH 70:cd:0d:b9:0e:88
12-22 16:31:45.815   939   986 I FtcAccessPointService: HostapdMonitor: Received hostapd message: <3>AP-STA-POSSIBLE-PSK-MISMATCH 70:cd:0d:b9:0e:88
12-22 16:31:46.566  1078  1078 I hostapd : wlan0: AP-STA-POSSIBLE-PSK-MISMATCH 70:cd:0d:b9:0e:88
12-22 16:31:46.854   939   986 I FtcAccessPointService: HostapdMonitor: Received hostapd message: <3>AP-STA-POSSIBLE-PSK-MISMATCH 70:cd:0d:b9:0e:88
12-22 16:31:48.568  1078  1078 I hostapd : wlan0: STA 70:cd:0d:b9:0e:88 IEEE 802.11: disassociated
12-22 16:31:48.568  1078  1078 I hostapd : wlan0: STA 70:cd:0d:b9:0e:88 IEEE 802.11: disassociated
12-22 16:32:49.227  1078  1078 I hostapd : wlan0: STA 70:cd:0d:b9:0e:88 IEEE 802.11: associated
12-22 16:32:49.227  1078  1078 I hostapd : wlan0: STA 70:cd:0d:b9:0e:88 IEEE 802.11: associated
12-22 16:32:49.234  1078  1078 I hostapd : wlan0: AP-STA-POSSIBLE-PSK-MISMATCH 70:cd:0d:b9:0e:88
12-22 16:32:49.264   939   986 I FtcAccessPointService: HostapdMonitor: Received hostapd message: <3>AP-STA-POSSIBLE-PSK-MISMATCH 70:cd:0d:b9:0e:88
12-22 16:32:50.271  1078  1078 I hostapd : wlan0: AP-STA-POSSIBLE-PSK-MISMATCH 70:cd:0d:b9:0e:88
12-22 16:32:50.293   939   986 I FtcAccessPointService: HostapdMonitor: Received hostapd message: <3>AP-STA-POSSIBLE-PSK-MISMATCH 70:cd:0d:b9:0e:88
12-22 16:32:51.269  1078  1078 I hostapd : wlan0: AP-STA-POSSIBLE-PSK-MISMATCH 70:cd:0d:b9:0e:88
12-22 16:32:51.335   939   986 I FtcAccessPointService: HostapdMonitor: Received hostapd message: <3>AP-STA-POSSIBLE-PSK-MISMATCH 70:cd:0d:b9:0e:88
12-22 16:32:52.238  1078  1078 I hostapd : wlan0: AP-STA-POSSIBLE-PSK-MISMATCH 70:cd:0d:b9:0e:88
12-22 16:32:52.379   939   986 I FtcAccessPointService: HostapdMonitor: Received hostapd message: <3>AP-STA-POSSIBLE-PSK-MISMATCH 70:cd:0d:b9:0e:88
12-22 16:32:54.240  1078  1078 I hostapd : wlan0: STA 70:cd:0d:b9:0e:88 IEEE 802.11: disassociated
12-22 16:32:54.240  1078  1078 I hostapd : wlan0: STA 70:cd:0d:b9:0e:88 IEEE 802.11: disassociated
12-22 16:33:54.778  1078  1078 I hostapd : wlan0: STA 70:cd:0d:b9:0e:88 IEEE 802.11: associated
12-22 16:33:54.778  1078  1078 I hostapd : wlan0: STA 70:cd:0d:b9:0e:88 IEEE 802.11: associated
12-22 16:33:54.791  1078  1078 I hostapd : wlan0: AP-STA-POSSIBLE-PSK-MISMATCH 70:cd:0d:b9:0e:88
12-22 16:33:55.752   939   986 I FtcAccessPointService: HostapdMonitor: Received hostapd message: <3>AP-STA-POSSIBLE-PSK-MISMATCH 70:cd:0d:b9:0e:88
12-22 16:33:55.794  1078  1078 I hostapd : wlan0: AP-STA-POSSIBLE-PSK-MISMATCH 70:cd:0d:b9:0e:88
12-22 16:33:56.794  1078  1078 I hostapd : wlan0: AP-STA-POSSIBLE-PSK-MISMATCH 70:cd:0d:b9:0e:88
12-22 16:33:56.795   939   986 I FtcAccessPointService: HostapdMonitor: Received hostapd message: <3>AP-STA-POSSIBLE-PSK-MISMATCH 70:cd:0d:b9:0e:88
12-22 16:33:56.796   939   986 I FtcAccessPointService: HostapdMonitor: Received hostapd message: <3>AP-STA-POSSIBLE-PSK-MISMATCH 70:cd:0d:b9:0e:88
12-22 16:33:57.795  1078  1078 I hostapd : wlan0: AP-STA-POSSIBLE-PSK-MISMATCH 70:cd:0d:b9:0e:88
12-22 16:33:57.837   939   986 I FtcAccessPointService: HostapdMonitor: Received hostapd message: <3>AP-STA-POSSIBLE-PSK-MISMATCH 70:cd:0d:b9:0e:88
12-22 16:33:59.787  1078  1078 I hostapd : wlan0: STA 70:cd:0d:b9:0e:88 IEEE 802.11: disassociated
12-22 16:33:59.788  1078  1078 I hostapd : wlan0: STA 70:cd:0d:b9:0e:88 IEEE 802.11: disassociated
12-22 16:35:00.447  1078  1078 I hostapd : wlan0: STA 70:cd:0d:b9:0e:88 IEEE 802.11: associated
12-22 16:35:00.447  1078  1078 I hostapd : wlan0: STA 70:cd:0d:b9:0e:88 IEEE 802.11: associated
12-22 16:35:00.455  1078  1078 I hostapd : wlan0: AP-STA-POSSIBLE-PSK-MISMATCH 70:cd:0d:b9:0e:88
12-22 16:35:01.230   939   986 I FtcAccessPointService: HostapdMonitor: Received hostapd message: <3>AP-STA-POSSIBLE-PSK-MISMATCH 70:cd:0d:b9:0e:88
12-22 16:35:01.455  1078  1078 I hostapd : wlan0: AP-STA-POSSIBLE-PSK-MISMATCH 70:cd:0d:b9:0e:88
12-22 16:35:02.274   939   986 I FtcAccessPointService: HostapdMonitor: Received hostapd message: <3>AP-STA-POSSIBLE-PSK-MISMATCH 70:cd:0d:b9:0e:88
12-22 16:35:02.456  1078  1078 I hostapd : wlan0: AP-STA-POSSIBLE-PSK-MISMATCH 70:cd:0d:b9:0e:88
12-22 16:35:03.313   939   986 I FtcAccessPointService: HostapdMonitor: Received hostapd message: <3>AP-STA-POSSIBLE-PSK-MISMATCH 70:cd:0d:b9:0e:88
12-22 16:35:03.457  1078  1078 I hostapd : wlan0: AP-STA-POSSIBLE-PSK-MISMATCH 70:cd:0d:b9:0e:88
12-22 16:35:04.360   939   986 I FtcAccessPointService: HostapdMonitor: Received hostapd message: <3>AP-STA-POSSIBLE-PSK-MISMATCH 70:cd:0d:b9:0e:88
12-22 16:35:05.454  1078  1078 I hostapd : wlan0: STA 70:cd:0d:b9:0e:88 IEEE 802.11: disassociated
12-22 16:35:05.454  1078  1078 I hostapd : wlan0: STA 70:cd:0d:b9:0e:88 IEEE 802.11: disassociated
12-22 16:36:06.112  1078  1078 I hostapd : wlan0: STA 70:cd:0d:b9:0e:88 IEEE 802.11: associated
12-22 16:36:06.112  1078  1078 I hostapd : wlan0: STA 70:cd:0d:b9:0e:88 IEEE 802.11: associated
12-22 16:36:06.125  1078  1078 I hostapd : wlan0: AP-STA-POSSIBLE-PSK-MISMATCH 70:cd:0d:b9:0e:88
12-22 16:36:06.768   939   986 I FtcAccessPointService: HostapdMonitor: Received hostapd message: <3>AP-STA-POSSIBLE-PSK-MISMATCH 70:cd:0d:b9:0e:88
12-22 16:36:07.125  1078  1078 I hostapd : wlan0: AP-STA-POSSIBLE-PSK-MISMATCH 70:cd:0d:b9:0e:88
12-22 16:36:07.805   939   986 I FtcAccessPointService: HostapdMonitor: Received hostapd message: <3>AP-STA-POSSIBLE-PSK-MISMATCH 70:cd:0d:b9:0e:88
12-22 16:36:08.125  1078  1078 I hostapd : wlan0: AP-STA-POSSIBLE-PSK-MISMATCH 70:cd:0d:b9:0e:88
12-22 16:36:08.832   939   986 I FtcAccessPointService: HostapdMonitor: Received hostapd message: <3>AP-STA-POSSIBLE-PSK-MISMATCH 70:cd:0d:b9:0e:88
12-22 16:36:09.126  1078  1078 I hostapd : wlan0: AP-STA-POSSIBLE-PSK-MISMATCH 70:cd:0d:b9:0e:88
12-22 16:36:09.873   939   986 I FtcAccessPointService: HostapdMonitor: Received hostapd message: <3>AP-STA-POSSIBLE-PSK-MISMATCH 70:cd:0d:b9:0e:88
12-22 16:36:11.118  1078  1078 I hostapd : wlan0: STA 70:cd:0d:b9:0e:88 IEEE 802.11: disassociated
12-22 16:36:11.118  1078  1078 I hostapd : wlan0: STA 70:cd:0d:b9:0e:88 IEEE 802.11: disassociated
12-22 16:37:11.774  1078  1078 I hostapd : wlan0: STA 70:cd:0d:b9:0e:88 IEEE 802.11: associated
12-22 16:37:11.774  1078  1078 I hostapd : wlan0: STA 70:cd:0d:b9:0e:88 IEEE 802.11: associated
12-22 16:37:11.783  1078  1078 I hostapd : wlan0: AP-STA-POSSIBLE-PSK-MISMATCH 70:cd:0d:b9:0e:88
12-22 16:37:12.278   939   986 I FtcAccessPointService: HostapdMonitor: Received hostapd message: <3>AP-STA-POSSIBLE-PSK-MISMATCH 70:cd:0d:b9:0e:88
12-22 16:37:12.782  1078  1078 I hostapd : wlan0: AP-STA-POSSIBLE-PSK-MISMATCH 70:cd:0d:b9:0e:88
12-22 16:37:13.320   939   986 I FtcAccessPointService: HostapdMonitor: Received hostapd message: <3>AP-STA-POSSIBLE-PSK-MISMATCH 70:cd:0d:b9:0e:88
12-22 16:37:13.783  1078  1078 I hostapd : wlan0: AP-STA-POSSIBLE-PSK-MISMATCH 70:cd:0d:b9:0e:88
12-22 16:37:14.364   939   986 I FtcAccessPointService: HostapdMonitor: Received hostapd message: <3>AP-STA-POSSIBLE-PSK-MISMATCH 70:cd:0d:b9:0e:88
12-22 16:37:14.784  1078  1078 I hostapd : wlan0: AP-STA-POSSIBLE-PSK-MISMATCH 70:cd:0d:b9:0e:88
12-22 16:37:15.392   939   986 I FtcAccessPointService: HostapdMonitor: Received hostapd message: <3>AP-STA-POSSIBLE-PSK-MISMATCH 70:cd:0d:b9:0e:88
12-22 16:37:16.788  1078  1078 I hostapd : wlan0: STA 70:cd:0d:b9:0e:88 IEEE 802.11: disassociated
12-22 16:37:16.788  1078  1078 I hostapd : wlan0: STA 70:cd:0d:b9:0e:88 IEEE 802.11: disassociated
12-22 16:37:41.629  1078  1078 I hostapd : type=1400 audit(0.0:347): avc: denied { sendto } for path="/data/misc/wifi/sockets/wpa_ctrl_939-4" scontext=u:r:hostapd:s0 tcontext=u:r:platform_app:s0:c512,c768 tclass=unix_dgram_socket permissive=1
12-22 16:37:46.566   939   986 W FtcAccessPointService: MonitoringThread: The RC has not reported itself as alive for more than 10 seconds. Relaunching the RC.
12-22 16:37:47.609   939   986 I FtcAccessPointService: MonitoringThread: Launching RC app
12-22 16:37:47.767   939   939 I FtcAccessPointService: MonitoringThread: Changing rcAliveNotificationTimeoutSeconds from 10 to 20
12-22 16:37:51.632  1078  1078 I hostapd : type=1400 audit(0.0:365): avc: denied { write } for name="wpa_ctrl_939-4" dev="mmcblk0p14" ino=344415 scontext=u:r:hostapd:s0 tcontext=u:object_r:wpa_socket:s0:c512,c768 tclass=sock_file permissive=1
12-22 16:37:51.632  1078  1078 I hostapd : type=1400 audit(0.0:366): avc: denied { sendto } for path="/data/misc/wifi/sockets/wpa_ctrl_939-4" scontext=u:r:hostapd:s0 tcontext=u:r:platform_app:s0:c512,c768 tclass=unix_dgram_socket permissive=1
12-22 16:38:08.327   939   986 W FtcAccessPointService: MonitoringThread: The RC has not reported itself as alive for more than 20 seconds. Relaunching the RC.
12-22 16:38:09.370   939   986 I FtcAccessPointService: MonitoringThread: Launching RC app
12-22 16:38:09.547   939   939 I FtcAccessPointService: MonitoringThread: Changing rcAliveNotificationTimeoutSeconds from 10 to 20
12-22 16:38:11.609  1078  1078 I hostapd : type=1400 audit(0.0:369): avc: denied { write } for name="wpa_ctrl_939-4" dev="mmcblk0p14" ino=344415 scontext=u:r:hostapd:s0 tcontext=u:object_r:wpa_socket:s0:c512,c768 tclass=sock_file permissive=1
12-22 16:38:15.170   939  2940 I FtcAccessPointService: Received FTC_AP_SETTINGS_CHANGE
12-22 16:38:15.171   939  2940 I FtcAccessPointService: Received FTC_AP_SETTINGS_CHANGE intent=#Intent;action=org.firstinspires.ftc.intent.action.FTC_AP_SETTINGS_CHANGE;component=org.firstinspires.ftc.ftcaccesspointservice/.FtcAccessPointService;S.org.firstinspires.ftc.intent.extra.EXTRA_AP_PASSWORD=Hydroflouric9421;S.org.firstinspires.ftc.intent.extra.EXTRA_AP_NAME=9421-RC;end
12-22 16:38:15.171   939  2940 I FtcAccessPointService: processed AP settings: name=9421-RC password=Hydroflouric9421 band=null channel=null
12-22 16:38:15.171   939  2940 I FtcAccessPointService: Taking no action on FTC_AP_SETTINGS_CHANGE
12-22 16:38:15.171   939  2940 I FtcAccessPointService: Received TEST_FTC_WIFI
12-22 16:38:15.286   939   939 I FtcAccessPointService: MonitoringThread: Changing rcAliveNotificationTimeoutSeconds from 20 to 10
12-22 16:38:17.441  1078  1078 I hostapd : wlan0: STA 70:cd:0d:b9:0e:88 IEEE 802.11: associated
12-22 16:38:17.442  1078  1078 I hostapd : wlan0: STA 70:cd:0d:b9:0e:88 IEEE 802.11: associated
12-22 16:38:17.446  1078  1078 I hostapd : wlan0: AP-STA-POSSIBLE-PSK-MISMATCH 70:cd:0d:b9:0e:88
12-22 16:38:17.661   939   986 I FtcAccessPointService: HostapdMonitor: Received hostapd message: <3>AP-STA-POSSIBLE-PSK-MISMATCH 70:cd:0d:b9:0e:88
12-22 16:38:18.447  1078  1078 I hostapd : wlan0: AP-STA-POSSIBLE-PSK-MISMATCH 70:cd:0d:b9:0e:88
12-22 16:38:18.704   939   986 I FtcAccessPointService: HostapdMonitor: Received hostapd message: <3>AP-STA-POSSIBLE-PSK-MISMATCH 70:cd:0d:b9:0e:88
12-22 16:38:19.448  1078  1078 I hostapd : wlan0: AP-STA-POSSIBLE-PSK-MISMATCH 70:cd:0d:b9:0e:88
12-22 16:38:19.745   939   986 I FtcAccessPointService: HostapdMonitor: Received hostapd message: <3>AP-STA-POSSIBLE-PSK-MISMATCH 70:cd:0d:b9:0e:88
12-22 16:38:20.450  1078  1078 I hostapd : wlan0: AP-STA-POSSIBLE-PSK-MISMATCH 70:cd:0d:b9:0e:88
12-22 16:38:20.787   939   986 I FtcAccessPointService: HostapdMonitor: Received hostapd message: <3>AP-STA-POSSIBLE-PSK-MISMATCH 70:cd:0d:b9:0e:88
12-22 16:38:22.445  1078  1078 I hostapd : wlan0: STA 70:cd:0d:b9:0e:88 IEEE 802.11: disassociated
12-22 16:38:22.445  1078  1078 I hostapd : wlan0: STA 70:cd:0d:b9:0e:88 IEEE 802.11: disassociated
12-22 16:39:22.941  1078  1078 I hostapd : wlan0: STA 70:cd:0d:b9:0e:88 IEEE 802.11: associated
12-22 16:39:22.941  1078  1078 I hostapd : wlan0: STA 70:cd:0d:b9:0e:88 IEEE 802.11: associated
12-22 16:39:22.947  1078  1078 I hostapd : wlan0: AP-STA-POSSIBLE-PSK-MISMATCH 70:cd:0d:b9:0e:88
12-22 16:39:23.032   939   986 I FtcAccessPointService: HostapdMonitor: Received hostapd message: <3>AP-STA-POSSIBLE-PSK-MISMATCH 70:cd:0d:b9:0e:88
12-22 16:39:23.946  1078  1078 I hostapd : wlan0: AP-STA-POSSIBLE-PSK-MISMATCH 70:cd:0d:b9:0e:88
12-22 16:39:24.065   939   986 I FtcAccessPointService: HostapdMonitor: Received hostapd message: <3>AP-STA-POSSIBLE-PSK-MISMATCH 70:cd:0d:b9:0e:88
12-22 16:39:24.946  1078  1078 I hostapd : wlan0: AP-STA-POSSIBLE-PSK-MISMATCH 70:cd:0d:b9:0e:88
12-22 16:39:25.107   939   986 I FtcAccessPointService: HostapdMonitor: Received hostapd message: <3>AP-STA-POSSIBLE-PSK-MISMATCH 70:cd:0d:b9:0e:88
12-22 16:39:25.949  1078  1078 I hostapd : wlan0: AP-STA-POSSIBLE-PSK-MISMATCH 70:cd:0d:b9:0e:88
12-22 16:39:26.148   939   986 I FtcAccessPointService: HostapdMonitor: Received hostapd message: <3>AP-STA-POSSIBLE-PSK-MISMATCH 70:cd:0d:b9:0e:88
12-22 16:39:27.951  1078  1078 I hostapd : wlan0: STA 70:cd:0d:b9:0e:88 IEEE 802.11: disassociated
12-22 16:39:27.951  1078  1078 I hostapd : wlan0: STA 70:cd:0d:b9:0e:88 IEEE 802.11: disassociated
12-22 16:40:06.579  1078  1078 I hostapd : type=1400 audit(0.0:390): avc: denied { sendto } for path="/data/misc/wifi/sockets/wpa_ctrl_939-4" scontext=u:r:hostapd:s0 tcontext=u:r:platform_app:s0:c512,c768 tclass=unix_dgram_socket permissive=1
12-22 16:40:28.613  1078  1078 I hostapd : wlan0: STA 70:cd:0d:b9:0e:88 IEEE 802.11: associated
12-22 16:40:28.613  1078  1078 I hostapd : wlan0: STA 70:cd:0d:b9:0e:88 IEEE 802.11: associated
12-22 16:40:28.621  1078  1078 I hostapd : wlan0: AP-STA-POSSIBLE-PSK-MISMATCH 70:cd:0d:b9:0e:88
12-22 16:40:29.562   939   986 I FtcAccessPointService: HostapdMonitor: Received hostapd message: <3>AP-STA-POSSIBLE-PSK-MISMATCH 70:cd:0d:b9:0e:88
12-22 16:40:29.622  1078  1078 I hostapd : wlan0: AP-STA-POSSIBLE-PSK-MISMATCH 70:cd:0d:b9:0e:88
12-22 16:40:30.602   939   986 I FtcAccessPointService: HostapdMonitor: Received hostapd message: <3>AP-STA-POSSIBLE-PSK-MISMATCH 70:cd:0d:b9:0e:88
12-22 16:40:30.622  1078  1078 I hostapd : wlan0: AP-STA-POSSIBLE-PSK-MISMATCH 70:cd:0d:b9:0e:88
12-22 16:40:31.622  1078  1078 I hostapd : wlan0: AP-STA-POSSIBLE-PSK-MISMATCH 70:cd:0d:b9:0e:88
12-22 16:40:31.641   939   986 I FtcAccessPointService: HostapdMonitor: Received hostapd message: <3>AP-STA-POSSIBLE-PSK-MISMATCH 70:cd:0d:b9:0e:88
12-22 16:40:31.641   939   986 I FtcAccessPointService: HostapdMonitor: Received hostapd message: <3>AP-STA-POSSIBLE-PSK-MISMATCH 70:cd:0d:b9:0e:88
12-22 16:40:33.621  1078  1078 I hostapd : wlan0: STA 70:cd:0d:b9:0e:88 IEEE 802.11: disassociated
12-22 16:40:33.621  1078  1078 I hostapd : wlan0: STA 70:cd:0d:b9:0e:88 IEEE 802.11: disassociated
12-22 16:41:34.283  1078  1078 I hostapd : wlan0: STA 70:cd:0d:b9:0e:88 IEEE 802.11: associated
12-22 16:41:34.283  1078  1078 I hostapd : wlan0: STA 70:cd:0d:b9:0e:88 IEEE 802.11: associated
12-22 16:41:34.293  1078  1078 I hostapd : wlan0: AP-STA-POSSIBLE-PSK-MISMATCH 70:cd:0d:b9:0e:88
12-22 16:41:35.033   939   986 I FtcAccessPointService: HostapdMonitor: Received hostapd message: <3>AP-STA-POSSIBLE-PSK-MISMATCH 70:cd:0d:b9:0e:88
12-22 16:41:35.293  1078  1078 I hostapd : wlan0: AP-STA-POSSIBLE-PSK-MISMATCH 70:cd:0d:b9:0e:88
12-22 16:41:36.074   939   986 I FtcAccessPointService: HostapdMonitor: Received hostapd message: <3>AP-STA-POSSIBLE-PSK-MISMATCH 70:cd:0d:b9:0e:88
12-22 16:41:36.293  1078  1078 I hostapd : wlan0: AP-STA-POSSIBLE-PSK-MISMATCH 70:cd:0d:b9:0e:88
12-22 16:41:37.118   939   986 I FtcAccessPointService: HostapdMonitor: Received hostapd message: <3>AP-STA-POSSIBLE-PSK-MISMATCH 70:cd:0d:b9:0e:88
12-22 16:41:37.294  1078  1078 I hostapd : wlan0: AP-STA-POSSIBLE-PSK-MISMATCH 70:cd:0d:b9:0e:88
12-22 16:41:38.159   939   986 I FtcAccessPointService: HostapdMonitor: Received hostapd message: <3>AP-STA-POSSIBLE-PSK-MISMATCH 70:cd:0d:b9:0e:88
12-22 16:41:39.289  1078  1078 I hostapd : wlan0: STA 70:cd:0d:b9:0e:88 IEEE 802.11: disassociated
12-22 16:41:39.289  1078  1078 I hostapd : wlan0: STA 70:cd:0d:b9:0e:88 IEEE 802.11: disassociated
12-22 16:42:39.942  1078  1078 I hostapd : wlan0: STA 70:cd:0d:b9:0e:88 IEEE 802.11: associated
12-22 16:42:39.943  1078  1078 I hostapd : wlan0: STA 70:cd:0d:b9:0e:88 IEEE 802.11: associated
12-22 16:42:39.949  1078  1078 I hostapd : wlan0: AP-STA-POSSIBLE-PSK-MISMATCH 70:cd:0d:b9:0e:88
12-22 16:42:40.484   939   986 I FtcAccessPointService: HostapdMonitor: Received hostapd message: <3>AP-STA-POSSIBLE-PSK-MISMATCH 70:cd:0d:b9:0e:88
12-22 16:42:40.950  1078  1078 I hostapd : wlan0: AP-STA-POSSIBLE-PSK-MISMATCH 70:cd:0d:b9:0e:88
12-22 16:42:41.527   939   986 I FtcAccessPointService: HostapdMonitor: Received hostapd message: <3>AP-STA-POSSIBLE-PSK-MISMATCH 70:cd:0d:b9:0e:88
12-22 16:42:41.952  1078  1078 I hostapd : wlan0: AP-STA-POSSIBLE-PSK-MISMATCH 70:cd:0d:b9:0e:88
12-22 16:42:42.566   939   986 I FtcAccessPointService: HostapdMonitor: Received hostapd message: <3>AP-STA-POSSIBLE-PSK-MISMATCH 70:cd:0d:b9:0e:88
12-22 16:42:42.953  1078  1078 I hostapd : wlan0: AP-STA-POSSIBLE-PSK-MISMATCH 70:cd:0d:b9:0e:88
12-22 16:42:43.612   939   986 I FtcAccessPointService: HostapdMonitor: Received hostapd message: <3>AP-STA-POSSIBLE-PSK-MISMATCH 70:cd:0d:b9:0e:88
12-22 16:42:44.947  1078  1078 I hostapd : wlan0: STA 70:cd:0d:b9:0e:88 IEEE 802.11: disassociated
12-22 16:42:44.947  1078  1078 I hostapd : wlan0: STA 70:cd:0d:b9:0e:88 IEEE 802.11: disassociated
12-22 16:43:45.608  1078  1078 I hostapd : wlan0: STA 70:cd:0d:b9:0e:88 IEEE 802.11: associated
12-22 16:43:45.609  1078  1078 I hostapd : wlan0: STA 70:cd:0d:b9:0e:88 IEEE 802.11: associated
12-22 16:43:45.616  1078  1078 I hostapd : wlan0: AP-STA-POSSIBLE-PSK-MISMATCH 70:cd:0d:b9:0e:88
12-22 16:43:45.893   939   986 I FtcAccessPointService: HostapdMonitor: Received hostapd message: <3>AP-STA-POSSIBLE-PSK-MISMATCH 70:cd:0d:b9:0e:88
12-22 16:43:46.616  1078  1078 I hostapd : wlan0: AP-STA-POSSIBLE-PSK-MISMATCH 70:cd:0d:b9:0e:88
12-22 16:43:46.929   939   986 I FtcAccessPointService: HostapdMonitor: Received hostapd message: <3>AP-STA-POSSIBLE-PSK-MISMATCH 70:cd:0d:b9:0e:88
12-22 16:43:47.650  1078  1078 I hostapd : wlan0: AP-STA-POSSIBLE-PSK-MISMATCH 70:cd:0d:b9:0e:88
12-22 16:43:47.970   939   986 I FtcAccessPointService: HostapdMonitor: Received hostapd message: <3>AP-STA-POSSIBLE-PSK-MISMATCH 70:cd:0d:b9:0e:88
12-22 16:43:48.619  1078  1078 I hostapd : wlan0: AP-STA-POSSIBLE-PSK-MISMATCH 70:cd:0d:b9:0e:88
12-22 16:43:49.012   939   986 I FtcAccessPointService: HostapdMonitor: Received hostapd message: <3>AP-STA-POSSIBLE-PSK-MISMATCH 70:cd:0d:b9:0e:88
12-22 16:43:50.609  1078  1078 I hostapd : wlan0: STA 70:cd:0d:b9:0e:88 IEEE 802.11: disassociated
12-22 16:43:50.609  1078  1078 I hostapd : wlan0: STA 70:cd:0d:b9:0e:88 IEEE 802.11: disassociated
12-22 16:44:51.166  1078  1078 I hostapd : wlan0: STA 70:cd:0d:b9:0e:88 IEEE 802.11: associated
12-22 16:44:51.166  1078  1078 I hostapd : wlan0: STA 70:cd:0d:b9:0e:88 IEEE 802.11: associated
12-22 16:44:51.173  1078  1078 I hostapd : wlan0: AP-STA-POSSIBLE-PSK-MISMATCH 70:cd:0d:b9:0e:88
12-22 16:44:51.396   939   986 I FtcAccessPointService: HostapdMonitor: Received hostapd message: <3>AP-STA-POSSIBLE-PSK-MISMATCH 70:cd:0d:b9:0e:88
12-22 16:44:52.173  1078  1078 I hostapd : wlan0: AP-STA-POSSIBLE-PSK-MISMATCH 70:cd:0d:b9:0e:88
12-22 16:44:52.435   939   986 I FtcAccessPointService: HostapdMonitor: Received hostapd message: <3>AP-STA-POSSIBLE-PSK-MISMATCH 70:cd:0d:b9:0e:88
12-22 16:44:53.174  1078  1078 I hostapd : wlan0: AP-STA-POSSIBLE-PSK-MISMATCH 70:cd:0d:b9:0e:88
12-22 16:44:53.477   939   986 I FtcAccessPointService: HostapdMonitor: Received hostapd message: <3>AP-STA-POSSIBLE-PSK-MISMATCH 70:cd:0d:b9:0e:88
12-22 16:44:54.177  1078  1078 I hostapd : wlan0: AP-STA-POSSIBLE-PSK-MISMATCH 70:cd:0d:b9:0e:88
12-22 16:44:54.522   939   986 I FtcAccessPointService: HostapdMonitor: Received hostapd message: <3>AP-STA-POSSIBLE-PSK-MISMATCH 70:cd:0d:b9:0e:88
12-22 16:44:56.171  1078  1078 I hostapd : wlan0: STA 70:cd:0d:b9:0e:88 IEEE 802.11: disassociated
12-22 16:44:56.172  1078  1078 I hostapd : wlan0: STA 70:cd:0d:b9:0e:88 IEEE 802.11: disassociated
12-22 16:45:56.832  1078  1078 I hostapd : wlan0: STA 70:cd:0d:b9:0e:88 IEEE 802.11: associated
12-22 16:45:56.833  1078  1078 I hostapd : wlan0: STA 70:cd:0d:b9:0e:88 IEEE 802.11: associated
12-22 16:45:56.839  1078  1078 I hostapd : wlan0: AP-STA-POSSIBLE-PSK-MISMATCH 70:cd:0d:b9:0e:88
12-22 16:45:56.885   939   986 I FtcAccessPointService: HostapdMonitor: Received hostapd message: <3>AP-STA-POSSIBLE-PSK-MISMATCH 70:cd:0d:b9:0e:88
12-22 16:45:57.839  1078  1078 I hostapd : wlan0: AP-STA-POSSIBLE-PSK-MISMATCH 70:cd:0d:b9:0e:88
12-22 16:45:57.924   939   986 I FtcAccessPointService: HostapdMonitor: Received hostapd message: <3>AP-STA-POSSIBLE-PSK-MISMATCH 70:cd:0d:b9:0e:88
12-22 16:45:58.842  1078  1078 I hostapd : wlan0: AP-STA-POSSIBLE-PSK-MISMATCH 70:cd:0d:b9:0e:88
12-22 16:45:58.967   939   986 I FtcAccessPointService: HostapdMonitor: Received hostapd message: <3>AP-STA-POSSIBLE-PSK-MISMATCH 70:cd:0d:b9:0e:88
12-22 16:45:59.842  1078  1078 I hostapd : wlan0: AP-STA-POSSIBLE-PSK-MISMATCH 70:cd:0d:b9:0e:88
12-22 16:46:00.010   939   986 I FtcAccessPointService: HostapdMonitor: Received hostapd message: <3>AP-STA-POSSIBLE-PSK-MISMATCH 70:cd:0d:b9:0e:88
12-22 16:46:01.838  1078  1078 I hostapd : wlan0: STA 70:cd:0d:b9:0e:88 IEEE 802.11: disassociated
12-22 16:46:01.839  1078  1078 I hostapd : wlan0: STA 70:cd:0d:b9:0e:88 IEEE 802.11: disassociated
12-22 16:47:02.501  1078  1078 I hostapd : wlan0: STA 70:cd:0d:b9:0e:88 IEEE 802.11: associated
12-22 16:47:02.501  1078  1078 I hostapd : wlan0: STA 70:cd:0d:b9:0e:88 IEEE 802.11: associated
12-22 16:47:02.511  1078  1078 I hostapd : wlan0: AP-STA-POSSIBLE-PSK-MISMATCH 70:cd:0d:b9:0e:88
12-22 16:47:03.429   939   986 I FtcAccessPointService: HostapdMonitor: Received hostapd message: <3>AP-STA-POSSIBLE-PSK-MISMATCH 70:cd:0d:b9:0e:88
12-22 16:47:03.509  1078  1078 I hostapd : wlan0: AP-STA-POSSIBLE-PSK-MISMATCH 70:cd:0d:b9:0e:88
12-22 16:47:04.473   939   986 I FtcAccessPointService: HostapdMonitor: Received hostapd message: <3>AP-STA-POSSIBLE-PSK-MISMATCH 70:cd:0d:b9:0e:88
12-22 16:47:04.510  1078  1078 I hostapd : wlan0: AP-STA-POSSIBLE-PSK-MISMATCH 70:cd:0d:b9:0e:88
12-22 16:47:05.511  1078  1078 I hostapd : wlan0: AP-STA-POSSIBLE-PSK-MISMATCH 70:cd:0d:b9:0e:88
12-22 16:47:05.516   939   986 I FtcAccessPointService: HostapdMonitor: Received hostapd message: <3>AP-STA-POSSIBLE-PSK-MISMATCH 70:cd:0d:b9:0e:88
12-22 16:47:05.516   939   986 I FtcAccessPointService: HostapdMonitor: Received hostapd message: <3>AP-STA-POSSIBLE-PSK-MISMATCH 70:cd:0d:b9:0e:88
12-22 16:47:07.510  1078  1078 I hostapd : wlan0: STA 70:cd:0d:b9:0e:88 IEEE 802.11: disassociated
12-22 16:47:07.510  1078  1078 I hostapd : wlan0: STA 70:cd:0d:b9:0e:88 IEEE 802.11: disassociated
12-22 16:47:26.579  1078  1078 I hostapd : type=1400 audit(0.0:404): avc: denied { write } for name="wpa_ctrl_939-4" dev="mmcblk0p14" ino=344415 scontext=u:r:hostapd:s0 tcontext=u:object_r:wpa_socket:s0:c512,c768 tclass=sock_file permissive=1
12-22 16:47:31.576  1078  1078 I hostapd : type=1400 audit(0.0:406): avc: denied { sendto } for path="/data/misc/wifi/sockets/wpa_ctrl_939-4" scontext=u:r:hostapd:s0 tcontext=u:r:platform_app:s0:c512,c768 tclass=unix_dgram_socket permissive=1
12-22 16:47:35.742   939   986 W FtcAccessPointService: MonitoringThread: The RC has not reported itself as alive for more than 10 seconds. Relaunching the RC.
12-22 16:47:36.786   939   986 I FtcAccessPointService: MonitoringThread: Launching RC app
12-22 16:47:36.965   939   939 I FtcAccessPointService: MonitoringThread: Changing rcAliveNotificationTimeoutSeconds from 10 to 20
12-22 16:47:41.579  1078  1078 I hostapd : type=1400 audit(0.0:434): avc: denied { write } for name="wpa_ctrl_939-4" dev="mmcblk0p14" ino=344415 scontext=u:r:hostapd:s0 tcontext=u:object_r:wpa_socket:s0:c512,c768 tclass=sock_file permissive=1
12-22 16:47:41.579  1078  1078 I hostapd : type=1400 audit(0.0:435): avc: denied { sendto } for path="/data/misc/wifi/sockets/wpa_ctrl_939-4" scontext=u:r:hostapd:s0 tcontext=u:r:platform_app:s0:c512,c768 tclass=unix_dgram_socket permissive=1
12-22 16:47:41.592   939   939 I FtcAccessPointService: MonitoringThread: Changing rcAliveNotificationTimeoutSeconds from 20 to 20
