12-31 19:00:14.686   937   972 W FtcAccessPointService: HostapdMonitor: This is probably not a problem if the device just booted, or if HostapdMonitor just restarted the AP.
12-31 19:00:14.683  1075  1075 I hostapd : type=1400 audit(0.0:88): avc: denied { write } for name="wpa_ctrl_937-6" dev="mmcblk0p14" ino=344317 scontext=u:r:hostapd:s0 tcontext=u:object_r:wpa_socket:s0:c512,c768 tclass=sock_file permissive=1
12-31 19:00:14.683  1075  1075 I hostapd : type=1400 audit(0.0:89): avc: denied { sendto } for path="/data/misc/wifi/sockets/wpa_ctrl_937-6" scontext=u:r:hostapd:s0 tcontext=u:r:platform_app:s0:c512,c768 tclass=unix_dgram_socket permissive=1
12-31 19:00:15.724   937   972 W FtcAccessPointService: HostapdMonitor: We want the AP to be running, but we have not received any AP-ENABLED notifications from hostapd so far.
12-31 19:00:15.724   937   972 W FtcAccessPointService: HostapdMonitor: This is probably not a problem if the device just booted, or if HostapdMonitor just restarted the AP.
12-31 19:00:15.926  1075  1075 I hostapd : ACS: Ideal channel is 153 (5765 MHz) with total interference factor of 0.005
12-31 19:00:15.926  1075  1075 I hostapd : wlan0: ACS-COMPLETED freq=5765 channel=153
12-31 19:00:15.928  1075  1075 E hostapd : Using interface wlan0 with hwaddr 7c:a7:b0:07:7f:19 and ssid "9421-RC"
12-31 19:00:15.989  1075  1075 I hostapd : wlan0: interface state ACS->ENABLED
12-31 19:00:15.989  1075  1075 I hostapd : wlan0: AP-ENABLED 
12-31 19:00:16.147  1108  1108 I dnsmasq : started, version 2.51 cachesize 150
12-31 19:00:16.147  1108  1108 I dnsmasq : compile time options: IPv6 GNU-getopt no-DBus no-I18N DHCP no-scripts no-TFTP
12-31 19:00:16.147  1108  1108 W dnsmasq : warning: no upstream servers configured
12-31 19:00:16.147  1108  1108 I dnsmasq : DHCP, IP range 192.168.49.2 -- 192.168.49.254, lease time 1h
12-31 19:00:16.147  1108  1108 I dnsmasq : DHCP, IP range 192.168.48.2 -- 192.168.48.254, lease time 1h
12-31 19:00:16.147  1108  1108 I dnsmasq : DHCP, IP range 192.168.47.2 -- 192.168.47.254, lease time 1h
12-31 19:00:16.148  1108  1108 I dnsmasq : DHCP, IP range 192.168.46.2 -- 192.168.46.254, lease time 1h
12-31 19:00:16.148  1108  1108 I dnsmasq : DHCP, IP range 192.168.45.2 -- 192.168.45.254, lease time 1h
12-31 19:00:16.148  1108  1108 I dnsmasq : DHCP, IP range 192.168.44.2 -- 192.168.44.254, lease time 1h
12-31 19:00:16.148  1108  1108 I dnsmasq : DHCP, IP range 192.168.43.2 -- 192.168.43.254, lease time 1h
12-31 19:00:16.148  1108  1108 I dnsmasq : DHCP, IP range 192.168.42.2 -- 192.168.42.254, lease time 1h
12-31 19:00:16.148  1108  1108 I dnsmasq : read /etc/hosts - 2 addresses
12-31 19:00:16.149  1108  1108 I dnsmasq : Closing wildcard listener family=2
12-31 19:00:16.149  1108  1108 I dnsmasq : Closing wildcard listener family=10
12-31 19:00:16.763   937   972 I FtcAccessPointService: HostapdMonitor: Received hostapd message: <3>ACS-COMPLETED freq=5765 channel=153
12-31 19:00:16.763   937   972 I FtcAccessPointService: HostapdMonitor: Received hostapd message: <3>AP-ENABLED 
12-31 19:00:17.516  1075  1075 I hostapd : type=1400 audit(0.0:96): avc: denied { write } for name="wpa_ctrl_937-5" dev="mmcblk0p14" ino=344316 scontext=u:r:hostapd:s0 tcontext=u:object_r:wpa_socket:s0:c512,c768 tclass=sock_file permissive=1
12-31 19:00:19.389  1075  1075 I hostapd : wlan0: STA 30:7b:c9:27:2f:58 IEEE 802.11: associated
12-31 19:00:19.389  1075  1075 I hostapd : wlan0: STA 30:7b:c9:27:2f:58 IEEE 802.11: associated
12-31 19:00:19.418  1075  1075 I hostapd : wlan0: AP-STA-CONNECTED 30:7b:c9:27:2f:58
12-31 19:00:19.418  1075  1075 I hostapd : wlan0: STA 30:7b:c9:27:2f:58 WPA: pairwise key handshake completed (RSN)
12-31 19:00:19.418  1075  1075 I hostapd : wlan0: STA 30:7b:c9:27:2f:58 WPA: pairwise key handshake completed (RSN)
12-31 19:00:19.510  1108  1108 I dnsmasq : DHCPDISCOVER(wlan0) 30:7b:c9:27:2f:58 
12-31 19:00:19.510  1108  1108 I dnsmasq : DHCPOFFER(wlan0) 192.168.43.16 30:7b:c9:27:2f:58 
12-31 19:00:19.516  1108  1108 I dnsmasq : DHCPREQUEST(wlan0) 192.168.43.16 30:7b:c9:27:2f:58 
12-31 19:00:19.516  1108  1108 I dnsmasq : DHCPACK(wlan0) 192.168.43.16 30:7b:c9:27:2f:58 
12-31 19:00:19.887   937   972 I FtcAccessPointService: HostapdMonitor: Received hostapd message: <3>AP-STA-CONNECTED 30:7b:c9:27:2f:58
12-31 19:00:20.027   937  1123 I FtcAccessPointService: Received FTC_AP_SETTINGS_CHANGE
12-31 19:00:20.031   937  1123 I FtcAccessPointService: Received FTC_AP_SETTINGS_CHANGE intent=#Intent;action=org.firstinspires.ftc.intent.action.FTC_AP_SETTINGS_CHANGE;component=org.firstinspires.ftc.ftcaccesspointservice/.FtcAccessPointService;S.org.firstinspires.ftc.intent.extra.EXTRA_AP_PASSWORD=Hydroflouric9421;S.org.firstinspires.ftc.intent.extra.EXTRA_AP_NAME=9421-RC;end
12-31 19:00:20.031   937  1123 I FtcAccessPointService: processed AP settings: name=9421-RC password=Hydroflouric9421 band=null channel=null
12-31 19:00:20.031   937  1123 I FtcAccessPointService: Taking no action on FTC_AP_SETTINGS_CHANGE
12-31 19:00:20.031   937  1123 I FtcAccessPointService: Received TEST_FTC_WIFI
12-31 19:00:20.142   937   937 I FtcAccessPointService: MonitoringThread: Changing rcAliveNotificationTimeoutSeconds from 20 to 10
12-20 13:59:06.140   937   972 I FtcAccessPointService: MonitoringThread: Beginning button monitoring
12-20 13:59:10.241  1075  1075 I hostapd : type=1400 audit(0.0:121): avc: denied { sendto } for path="/data/misc/wifi/sockets/wpa_ctrl_937-5" scontext=u:r:hostapd:s0 tcontext=u:r:platform_app:s0:c512,c768 tclass=unix_dgram_socket permissive=1
--------- beginning of main
12-31 19:00:13.903   949   981 W FtcAccessPointService: HostapdMonitor: verifyHostapdIsInCorrectState: not connected to hostapd. Attempting connection.
12-31 19:00:13.904   949   981 I FtcAccessPointService: HostapdMonitor: Connecting to hostapd
12-31 19:00:13.906   949   981 E FtcAccessPointService: HostapdMonitor: nativeConnect threw IOException. We're unable to monitor hostapd for now, so we're going to assume that it's running correctly.
12-31 19:00:13.906   949   981 E FtcAccessPointService: java.io.IOException: Unable to open hostapd ctrl file
12-31 19:00:13.906   949   981 E FtcAccessPointService: 	at org.firstinspires.ftc.ftcaccesspointservice.util.HostapdMonitor.nativeConnectLocked(Native Method)
12-31 19:00:13.906   949   981 E FtcAccessPointService: 	at org.firstinspires.ftc.ftcaccesspointservice.util.HostapdMonitor.attemptConnection(HostapdMonitor.java:130)
12-31 19:00:13.906   949   981 E FtcAccessPointService: 	at org.firstinspires.ftc.ftcaccesspointservice.util.HostapdMonitor.verifyHostapdIsInCorrectState(HostapdMonitor.java:54)
12-31 19:00:13.906   949   981 E FtcAccessPointService: 	at org.firstinspires.ftc.ftcaccesspointservice.MonitoringThread.run(MonitoringThread.java:129)
12-31 19:00:13.986   949   981 W FtcAccessPointService: HostapdMonitor: We want the AP to be running, but we have not received any AP-ENABLED notifications from hostapd so far.
12-31 19:00:13.986   949   981 W FtcAccessPointService: HostapdMonitor: This is probably not a problem if the device just booted, or if HostapdMonitor just restarted the AP.
--------- beginning of system
12-31 19:00:14.048  1060  1060 E hostapd : Configuration file: /data/misc/wifi/hostapd.conf
12-31 19:00:14.070  1060  1060 I hostapd : rfkill: Cannot open RFKILL control device
12-31 19:00:14.073  1060  1060 I hostapd : ACS: Automatic channel selection started, this may take a bit
12-31 19:00:14.073  1060  1060 I hostapd : wlan0: interface state UNINITIALIZED->ACS
12-31 19:00:14.073  1060  1060 I hostapd : wlan0: ACS-STARTED 
12-31 19:00:14.226   949   949 V FtcAccessPointService: WifiApStateTracker: Desired AP state reached: AP_RUNNING
12-31 19:00:14.226   949   984 V FtcAccessPointService: WifiApStateTracker: Finished waiting
12-31 19:00:14.226   949   984 I FtcAccessPointService: AP set up
12-31 19:00:14.281   949   949 I FtcAccessPointService: MonitoringThread: Changing rcAliveNotificationTimeoutSeconds from 10 to 20
12-31 19:00:15.012   949   981 W FtcAccessPointService: HostapdMonitor: verifyHostapdIsInCorrectState: not connected to hostapd. Attempting connection.
12-31 19:00:15.013   949   981 I FtcAccessPointService: HostapdMonitor: Connecting to hostapd
12-31 19:00:15.018   949   981 W FtcAccessPointService: HostapdMonitor: We want the AP to be running, but we have not received any AP-ENABLED notifications from hostapd so far.
12-31 19:00:15.018   949   981 W FtcAccessPointService: HostapdMonitor: This is probably not a problem if the device just booted, or if HostapdMonitor just restarted the AP.
12-31 19:00:15.016  1060  1060 I hostapd : type=1400 audit(0.0:88): avc: denied { write } for name="wpa_ctrl_949-6" dev="mmcblk0p14" ino=344331 scontext=u:r:hostapd:s0 tcontext=u:object_r:wpa_socket:s0:c512,c768 tclass=sock_file permissive=1
12-31 19:00:15.016  1060  1060 I hostapd : type=1400 audit(0.0:89): avc: denied { sendto } for path="/data/misc/wifi/sockets/wpa_ctrl_949-6" scontext=u:r:hostapd:s0 tcontext=u:r:platform_app:s0:c512,c768 tclass=unix_dgram_socket permissive=1
12-31 19:00:16.058   949   981 W FtcAccessPointService: HostapdMonitor: We want the AP to be running, but we have not received any AP-ENABLED notifications from hostapd so far.
12-31 19:00:16.058   949   981 W FtcAccessPointService: HostapdMonitor: This is probably not a problem if the device just booted, or if HostapdMonitor just restarted the AP.
12-31 19:00:16.243  1060  1060 I hostapd : ACS: Ideal channel is 153 (5765 MHz) with total interference factor of 6.99054e-19
12-31 19:00:16.244  1060  1060 I hostapd : wlan0: ACS-COMPLETED freq=5765 channel=153
12-31 19:00:16.245  1060  1060 E hostapd : Using interface wlan0 with hwaddr 7c:a7:b0:07:7f:19 and ssid "9421-RC"
12-31 19:00:16.313  1060  1060 I hostapd : wlan0: interface state ACS->ENABLED
12-31 19:00:16.313  1060  1060 I hostapd : wlan0: AP-ENABLED 
12-31 19:00:16.458  1109  1109 I dnsmasq : started, version 2.51 cachesize 150
12-31 19:00:16.458  1109  1109 I dnsmasq : compile time options: IPv6 GNU-getopt no-DBus no-I18N DHCP no-scripts no-TFTP
12-31 19:00:16.458  1109  1109 W dnsmasq : warning: no upstream servers configured
12-31 19:00:16.458  1109  1109 I dnsmasq : DHCP, IP range 192.168.49.2 -- 192.168.49.254, lease time 1h
12-31 19:00:16.458  1109  1109 I dnsmasq : DHCP, IP range 192.168.48.2 -- 192.168.48.254, lease time 1h
12-31 19:00:16.458  1109  1109 I dnsmasq : DHCP, IP range 192.168.47.2 -- 192.168.47.254, lease time 1h
12-31 19:00:16.458  1109  1109 I dnsmasq : DHCP, IP range 192.168.46.2 -- 192.168.46.254, lease time 1h
12-31 19:00:16.458  1109  1109 I dnsmasq : DHCP, IP range 192.168.45.2 -- 192.168.45.254, lease time 1h
12-31 19:00:16.458  1109  1109 I dnsmasq : DHCP, IP range 192.168.44.2 -- 192.168.44.254, lease time 1h
12-31 19:00:16.458  1109  1109 I dnsmasq : DHCP, IP range 192.168.43.2 -- 192.168.43.254, lease time 1h
12-31 19:00:16.458  1109  1109 I dnsmasq : DHCP, IP range 192.168.42.2 -- 192.168.42.254, lease time 1h
12-31 19:00:16.459  1109  1109 I dnsmasq : read /etc/hosts - 2 addresses
12-31 19:00:16.460  1109  1109 I dnsmasq : Closing wildcard listener family=2
12-31 19:00:16.460  1109  1109 I dnsmasq : Closing wildcard listener family=10
12-31 19:00:17.091   949   981 I FtcAccessPointService: HostapdMonitor: Received hostapd message: <3>ACS-COMPLETED freq=5765 channel=153
12-31 19:00:17.091   949   981 I FtcAccessPointService: HostapdMonitor: Received hostapd message: <3>AP-ENABLED 
12-31 19:00:18.593  1060  1060 I hostapd : wlan0: STA 30:7b:c9:27:2f:58 IEEE 802.11: associated
12-31 19:00:18.593  1060  1060 I hostapd : wlan0: STA 30:7b:c9:27:2f:58 IEEE 802.11: associated
12-31 19:00:19.714  1060  1060 I hostapd : wlan0: AP-STA-CONNECTED 30:7b:c9:27:2f:58
12-31 19:00:19.714  1060  1060 I hostapd : wlan0: STA 30:7b:c9:27:2f:58 WPA: pairwise key handshake completed (RSN)
12-31 19:00:19.714  1060  1060 I hostapd : wlan0: STA 30:7b:c9:27:2f:58 WPA: pairwise key handshake completed (RSN)
12-31 19:00:19.740  1109  1109 I dnsmasq : DHCPDISCOVER(wlan0) 30:7b:c9:27:2f:58 
12-31 19:00:19.740  1109  1109 I dnsmasq : DHCPOFFER(wlan0) 192.168.43.16 30:7b:c9:27:2f:58 
12-31 19:00:19.746  1109  1109 I dnsmasq : DHCPREQUEST(wlan0) 192.168.43.16 30:7b:c9:27:2f:58 
12-31 19:00:19.746  1109  1109 I dnsmasq : DHCPACK(wlan0) 192.168.43.16 30:7b:c9:27:2f:58 
12-31 19:00:20.203   949   981 I FtcAccessPointService: HostapdMonitor: Received hostapd message: <3>AP-STA-CONNECTED 30:7b:c9:27:2f:58
12-31 19:00:20.441   949  1123 I FtcAccessPointService: Received FTC_AP_SETTINGS_CHANGE
12-31 19:00:20.442   949  1123 I FtcAccessPointService: Received FTC_AP_SETTINGS_CHANGE intent=#Intent;action=org.firstinspires.ftc.intent.action.FTC_AP_SETTINGS_CHANGE;component=org.firstinspires.ftc.ftcaccesspointservice/.FtcAccessPointService;S.org.firstinspires.ftc.intent.extra.EXTRA_AP_PASSWORD=Hydroflouric9421;S.org.firstinspires.ftc.intent.extra.EXTRA_AP_NAME=9421-RC;end
12-31 19:00:20.442   949  1123 I FtcAccessPointService: processed AP settings: name=9421-RC password=Hydroflouric9421 band=null channel=null
12-31 19:00:20.442   949  1123 I FtcAccessPointService: Taking no action on FTC_AP_SETTINGS_CHANGE
12-31 19:00:20.442   949  1123 I FtcAccessPointService: Received TEST_FTC_WIFI
12-31 19:00:20.533   949   949 I FtcAccessPointService: MonitoringThread: Changing rcAliveNotificationTimeoutSeconds from 20 to 10
12-31 19:00:22.906  1060  1060 I hostapd : type=1400 audit(0.0:93): avc: denied { write } for name="wpa_ctrl_949-5" dev="mmcblk0p14" ino=344330 scontext=u:r:hostapd:s0 tcontext=u:object_r:wpa_socket:s0:c512,c768 tclass=sock_file permissive=1
12-20 14:03:44.705   949   981 I FtcAccessPointService: MonitoringThread: Beginning button monitoring
--------- beginning of main
12-31 19:00:13.554   944   944 I FtcAccessPointService: MonitoringThread: Changing rcAliveNotificationTimeoutSeconds from 10 to 20
12-31 19:00:13.603   944   992 W FtcAccessPointService: HostapdMonitor: verifyHostapdIsInCorrectState: not connected to hostapd. Attempting connection.
12-31 19:00:13.604   944   992 I FtcAccessPointService: HostapdMonitor: Connecting to hostapd
12-31 19:00:13.605   944   992 E FtcAccessPointService: HostapdMonitor: nativeConnect threw IOException. We're unable to monitor hostapd for now, so we're going to assume that it's running correctly.
12-31 19:00:13.605   944   992 E FtcAccessPointService: java.io.IOException: Unable to open hostapd ctrl file
12-31 19:00:13.605   944   992 E FtcAccessPointService: 	at org.firstinspires.ftc.ftcaccesspointservice.util.HostapdMonitor.nativeConnectLocked(Native Method)
12-31 19:00:13.605   944   992 E FtcAccessPointService: 	at org.firstinspires.ftc.ftcaccesspointservice.util.HostapdMonitor.attemptConnection(HostapdMonitor.java:130)
12-31 19:00:13.605   944   992 E FtcAccessPointService: 	at org.firstinspires.ftc.ftcaccesspointservice.util.HostapdMonitor.verifyHostapdIsInCorrectState(HostapdMonitor.java:54)
12-31 19:00:13.605   944   992 E FtcAccessPointService: 	at org.firstinspires.ftc.ftcaccesspointservice.MonitoringThread.run(MonitoringThread.java:129)
--------- beginning of system
12-31 19:00:13.686   944   992 W FtcAccessPointService: HostapdMonitor: We want the AP to be running, but we have not received any AP-ENABLED notifications from hostapd so far.
12-31 19:00:13.687   944   992 W FtcAccessPointService: HostapdMonitor: This is probably not a problem if the device just booted, or if HostapdMonitor just restarted the AP.
12-31 19:00:13.762  1073  1073 E hostapd : Configuration file: /data/misc/wifi/hostapd.conf
12-31 19:00:13.777  1073  1073 I hostapd : rfkill: Cannot open RFKILL control device
12-31 19:00:13.781  1073  1073 I hostapd : ACS: Automatic channel selection started, this may take a bit
12-31 19:00:13.781  1073  1073 I hostapd : wlan0: interface state UNINITIALIZED->ACS
12-31 19:00:13.781  1073  1073 I hostapd : wlan0: ACS-STARTED 
12-31 19:00:13.944   944   944 V FtcAccessPointService: WifiApStateTracker: Desired AP state reached: AP_RUNNING
12-31 19:00:13.945   944   993 V FtcAccessPointService: WifiApStateTracker: Finished waiting
12-31 19:00:13.945   944   993 I FtcAccessPointService: AP set up
12-31 19:00:14.726   944   992 W FtcAccessPointService: HostapdMonitor: verifyHostapdIsInCorrectState: not connected to hostapd. Attempting connection.
12-31 19:00:14.727   944   992 I FtcAccessPointService: HostapdMonitor: Connecting to hostapd
12-31 19:00:14.736  1073  1073 I hostapd : type=1400 audit(0.0:89): avc: denied { write } for name="wpa_ctrl_944-6" dev="mmcblk0p14" ino=344319 scontext=u:r:hostapd:s0 tcontext=u:object_r:wpa_socket:s0:c512,c768 tclass=sock_file permissive=1
12-31 19:00:14.736  1073  1073 I hostapd : type=1400 audit(0.0:90): avc: denied { sendto } for path="/data/misc/wifi/sockets/wpa_ctrl_944-6" scontext=u:r:hostapd:s0 tcontext=u:r:platform_app:s0:c512,c768 tclass=unix_dgram_socket permissive=1
12-31 19:00:14.744   944   992 W FtcAccessPointService: HostapdMonitor: We want the AP to be running, but we have not received any AP-ENABLED notifications from hostapd so far.
12-31 19:00:14.744   944   992 W FtcAccessPointService: HostapdMonitor: This is probably not a problem if the device just booted, or if HostapdMonitor just restarted the AP.
12-31 19:00:15.784   944   992 W FtcAccessPointService: HostapdMonitor: We want the AP to be running, but we have not received any AP-ENABLED notifications from hostapd so far.
12-31 19:00:15.784   944   992 W FtcAccessPointService: HostapdMonitor: This is probably not a problem if the device just booted, or if HostapdMonitor just restarted the AP.
12-31 19:00:15.938  1073  1073 I hostapd : ACS: Ideal channel is 153 (5765 MHz) with total interference factor of 8.15479e-19
12-31 19:00:15.938  1073  1073 I hostapd : wlan0: ACS-COMPLETED freq=5765 channel=153
12-31 19:00:15.940  1073  1073 E hostapd : Using interface wlan0 with hwaddr 7c:a7:b0:07:7f:19 and ssid "9421-RC"
12-31 19:00:16.005  1073  1073 I hostapd : wlan0: interface state ACS->ENABLED
12-31 19:00:16.005  1073  1073 I hostapd : wlan0: AP-ENABLED 
12-31 19:00:16.112  1106  1106 I dnsmasq : started, version 2.51 cachesize 150
12-31 19:00:16.112  1106  1106 I dnsmasq : compile time options: IPv6 GNU-getopt no-DBus no-I18N DHCP no-scripts no-TFTP
12-31 19:00:16.112  1106  1106 W dnsmasq : warning: no upstream servers configured
12-31 19:00:16.112  1106  1106 I dnsmasq : DHCP, IP range 192.168.49.2 -- 192.168.49.254, lease time 1h
12-31 19:00:16.112  1106  1106 I dnsmasq : DHCP, IP range 192.168.48.2 -- 192.168.48.254, lease time 1h
12-31 19:00:16.112  1106  1106 I dnsmasq : DHCP, IP range 192.168.47.2 -- 192.168.47.254, lease time 1h
12-31 19:00:16.112  1106  1106 I dnsmasq : DHCP, IP range 192.168.46.2 -- 192.168.46.254, lease time 1h
12-31 19:00:16.112  1106  1106 I dnsmasq : DHCP, IP range 192.168.45.2 -- 192.168.45.254, lease time 1h
12-31 19:00:16.112  1106  1106 I dnsmasq : DHCP, IP range 192.168.44.2 -- 192.168.44.254, lease time 1h
12-31 19:00:16.112  1106  1106 I dnsmasq : DHCP, IP range 192.168.43.2 -- 192.168.43.254, lease time 1h
12-31 19:00:16.112  1106  1106 I dnsmasq : DHCP, IP range 192.168.42.2 -- 192.168.42.254, lease time 1h
12-31 19:00:16.113  1106  1106 I dnsmasq : read /etc/hosts - 2 addresses
12-31 19:00:16.113  1106  1106 I dnsmasq : Closing wildcard listener family=2
12-31 19:00:16.113  1106  1106 I dnsmasq : Closing wildcard listener family=10
12-31 19:00:16.824   944   992 I FtcAccessPointService: HostapdMonitor: Received hostapd message: <3>ACS-COMPLETED freq=5765 channel=153
12-31 19:00:16.824   944   992 I FtcAccessPointService: HostapdMonitor: Received hostapd message: <3>AP-ENABLED 
12-31 19:00:19.633  1073  1073 I hostapd : wlan0: STA 30:7b:c9:27:2f:58 IEEE 802.11: associated
12-31 19:00:19.633  1073  1073 I hostapd : wlan0: STA 30:7b:c9:27:2f:58 IEEE 802.11: associated
12-31 19:00:19.661  1073  1073 I hostapd : wlan0: AP-STA-CONNECTED 30:7b:c9:27:2f:58
12-31 19:00:19.661  1073  1073 I hostapd : wlan0: STA 30:7b:c9:27:2f:58 WPA: pairwise key handshake completed (RSN)
12-31 19:00:19.662  1073  1073 I hostapd : wlan0: STA 30:7b:c9:27:2f:58 WPA: pairwise key handshake completed (RSN)
12-31 19:00:19.660  1073  1073 I hostapd : type=1400 audit(0.0:91): avc: denied { write } for name="wpa_ctrl_944-6" dev="mmcblk0p14" ino=344319 scontext=u:r:hostapd:s0 tcontext=u:object_r:wpa_socket:s0:c512,c768 tclass=sock_file permissive=1
12-31 19:00:19.750  1106  1106 I dnsmasq : DHCPDISCOVER(wlan0) 30:7b:c9:27:2f:58 
12-31 19:00:19.750  1106  1106 I dnsmasq : DHCPOFFER(wlan0) 192.168.43.16 30:7b:c9:27:2f:58 
12-31 19:00:19.756  1106  1106 I dnsmasq : DHCPREQUEST(wlan0) 192.168.43.16 30:7b:c9:27:2f:58 
12-31 19:00:19.756  1106  1106 I dnsmasq : DHCPACK(wlan0) 192.168.43.16 30:7b:c9:27:2f:58 
12-31 19:00:19.948   944   992 I FtcAccessPointService: HostapdMonitor: Received hostapd message: <3>AP-STA-CONNECTED 30:7b:c9:27:2f:58
12-31 19:00:20.021   944  1120 I FtcAccessPointService: Received FTC_AP_SETTINGS_CHANGE
12-31 19:00:20.021   944  1120 I FtcAccessPointService: Received FTC_AP_SETTINGS_CHANGE intent=#Intent;action=org.firstinspires.ftc.intent.action.FTC_AP_SETTINGS_CHANGE;component=org.firstinspires.ftc.ftcaccesspointservice/.FtcAccessPointService;S.org.firstinspires.ftc.intent.extra.EXTRA_AP_PASSWORD=Hydroflouric9421;S.org.firstinspires.ftc.intent.extra.EXTRA_AP_NAME=9421-RC;end
12-31 19:00:20.021   944  1120 I FtcAccessPointService: processed AP settings: name=9421-RC password=Hydroflouric9421 band=null channel=null
12-31 19:00:20.022   944  1120 I FtcAccessPointService: Taking no action on FTC_AP_SETTINGS_CHANGE
12-31 19:00:20.022   944  1120 I FtcAccessPointService: Received TEST_FTC_WIFI
12-31 19:00:20.105   944   944 I FtcAccessPointService: MonitoringThread: Changing rcAliveNotificationTimeoutSeconds from 20 to 10
--------- beginning of main
--------- beginning of system
12-31 19:00:14.597   943   992 W FtcAccessPointService: HostapdMonitor: verifyHostapdIsInCorrectState: not connected to hostapd. Attempting connection.
12-31 19:00:14.597   943   992 I FtcAccessPointService: HostapdMonitor: Connecting to hostapd
12-31 19:00:14.613  1063  1063 I hostapd : type=1400 audit(0.0:87): avc: denied { write } for name="wpa_ctrl_943-6" dev="mmcblk0p14" ino=344363 scontext=u:r:hostapd:s0 tcontext=u:object_r:wpa_socket:s0:c512,c768 tclass=sock_file permissive=1
12-31 19:00:14.613  1063  1063 I hostapd : type=1400 audit(0.0:88): avc: denied { sendto } for path="/data/misc/wifi/sockets/wpa_ctrl_943-6" scontext=u:r:hostapd:s0 tcontext=u:r:platform_app:s0:c512,c768 tclass=unix_dgram_socket permissive=1
12-31 19:00:14.620   943   992 W FtcAccessPointService: HostapdMonitor: We want the AP to be running, but we have not received any AP-ENABLED notifications from hostapd so far.
12-31 19:00:14.620   943   992 W FtcAccessPointService: HostapdMonitor: This is probably not a problem if the device just booted, or if HostapdMonitor just restarted the AP.
12-31 19:00:15.660   943   992 W FtcAccessPointService: HostapdMonitor: We want the AP to be running, but we have not received any AP-ENABLED notifications from hostapd so far.
12-31 19:00:15.660   943   992 W FtcAccessPointService: HostapdMonitor: This is probably not a problem if the device just booted, or if HostapdMonitor just restarted the AP.
12-31 19:00:15.827  1063  1063 I hostapd : ACS: Ideal channel is 153 (5765 MHz) with total interference factor of 9.915e-19
12-31 19:00:15.827  1063  1063 I hostapd : wlan0: ACS-COMPLETED freq=5765 channel=153
12-31 19:00:15.828  1063  1063 E hostapd : Using interface wlan0 with hwaddr 7c:a7:b0:07:7f:19 and ssid "9421-RC"
12-31 19:00:15.890  1063  1063 I hostapd : wlan0: interface state ACS->ENABLED
12-31 19:00:15.890  1063  1063 I hostapd : wlan0: AP-ENABLED 
12-31 19:00:16.014  1112  1112 I dnsmasq : started, version 2.51 cachesize 150
12-31 19:00:16.014  1112  1112 I dnsmasq : compile time options: IPv6 GNU-getopt no-DBus no-I18N DHCP no-scripts no-TFTP
12-31 19:00:16.014  1112  1112 W dnsmasq : warning: no upstream servers configured
12-31 19:00:16.014  1112  1112 I dnsmasq : DHCP, IP range 192.168.49.2 -- 192.168.49.254, lease time 1h
12-31 19:00:16.014  1112  1112 I dnsmasq : DHCP, IP range 192.168.48.2 -- 192.168.48.254, lease time 1h
12-31 19:00:16.014  1112  1112 I dnsmasq : DHCP, IP range 192.168.47.2 -- 192.168.47.254, lease time 1h
12-31 19:00:16.014  1112  1112 I dnsmasq : DHCP, IP range 192.168.46.2 -- 192.168.46.254, lease time 1h
12-31 19:00:16.014  1112  1112 I dnsmasq : DHCP, IP range 192.168.45.2 -- 192.168.45.254, lease time 1h
12-31 19:00:16.014  1112  1112 I dnsmasq : DHCP, IP range 192.168.44.2 -- 192.168.44.254, lease time 1h
12-31 19:00:16.014  1112  1112 I dnsmasq : DHCP, IP range 192.168.43.2 -- 192.168.43.254, lease time 1h
12-31 19:00:16.014  1112  1112 I dnsmasq : DHCP, IP range 192.168.42.2 -- 192.168.42.254, lease time 1h
12-31 19:00:16.015  1112  1112 I dnsmasq : read /etc/hosts - 2 addresses
12-31 19:00:16.015  1112  1112 I dnsmasq : Closing wildcard listener family=2
12-31 19:00:16.016  1112  1112 I dnsmasq : Closing wildcard listener family=10
12-31 19:00:16.692   943   992 I FtcAccessPointService: HostapdMonitor: Received hostapd message: <3>ACS-COMPLETED freq=5765 channel=153
12-31 19:00:16.692   943   992 I FtcAccessPointService: HostapdMonitor: Received hostapd message: <3>AP-ENABLED 
12-31 19:00:19.877   943  1127 I FtcAccessPointService: Received FTC_AP_SETTINGS_CHANGE
12-31 19:00:19.879   943  1127 I FtcAccessPointService: Received FTC_AP_SETTINGS_CHANGE intent=#Intent;action=org.firstinspires.ftc.intent.action.FTC_AP_SETTINGS_CHANGE;component=org.firstinspires.ftc.ftcaccesspointservice/.FtcAccessPointService;S.org.firstinspires.ftc.intent.extra.EXTRA_AP_PASSWORD=Hydroflouric9421;S.org.firstinspires.ftc.intent.extra.EXTRA_AP_NAME=9421-RC;end
12-31 19:00:19.879   943  1127 I FtcAccessPointService: processed AP settings: name=9421-RC password=Hydroflouric9421 band=null channel=null
12-31 19:00:19.879   943  1127 I FtcAccessPointService: Taking no action on FTC_AP_SETTINGS_CHANGE
12-31 19:00:19.879   943  1127 I FtcAccessPointService: Received TEST_FTC_WIFI
12-31 19:00:19.983   943   943 I FtcAccessPointService: MonitoringThread: Changing rcAliveNotificationTimeoutSeconds from 20 to 10
12-31 19:00:22.413  1063  1063 I hostapd : type=1400 audit(0.0:100): avc: denied { write } for name="wpa_ctrl_943-5" dev="mmcblk0p14" ino=344362 scontext=u:r:hostapd:s0 tcontext=u:object_r:wpa_socket:s0:c512,c768 tclass=sock_file permissive=1
12-31 19:00:33.284   943   992 I FtcAccessPointService: MonitoringThread: Beginning button monitoring
12-31 19:00:35.860  1063  1063 I hostapd : wlan0: STA 30:7b:c9:27:2f:58 IEEE 802.11: associated
12-31 19:00:35.860  1063  1063 I hostapd : wlan0: STA 30:7b:c9:27:2f:58 IEEE 802.11: associated
12-31 19:00:35.898  1063  1063 I hostapd : wlan0: AP-STA-CONNECTED 30:7b:c9:27:2f:58
12-31 19:00:35.899  1063  1063 I hostapd : wlan0: STA 30:7b:c9:27:2f:58 WPA: pairwise key handshake completed (RSN)
12-31 19:00:35.899  1063  1063 I hostapd : wlan0: STA 30:7b:c9:27:2f:58 WPA: pairwise key handshake completed (RSN)
12-31 19:00:35.990  1112  1112 I dnsmasq : DHCPDISCOVER(wlan0) 30:7b:c9:27:2f:58 
12-31 19:00:35.990  1112  1112 I dnsmasq : DHCPOFFER(wlan0) 192.168.43.16 30:7b:c9:27:2f:58 
12-31 19:00:36.000  1112  1112 I dnsmasq : DHCPREQUEST(wlan0) 192.168.43.16 30:7b:c9:27:2f:58 
12-31 19:00:36.000  1112  1112 I dnsmasq : DHCPACK(wlan0) 192.168.43.16 30:7b:c9:27:2f:58 
12-31 19:00:36.407   943   992 I FtcAccessPointService: HostapdMonitor: Received hostapd message: <3>AP-STA-CONNECTED 30:7b:c9:27:2f:58
12-20 14:20:38.327  1063  1063 I hostapd : type=1400 audit(0.0:124): avc: denied { sendto } for path="/data/misc/wifi/sockets/wpa_ctrl_943-5" scontext=u:r:hostapd:s0 tcontext=u:r:platform_app:s0:c512,c768 tclass=unix_dgram_socket permissive=1
12-20 14:23:40.793  1063  1063 I hostapd : wlan0: STA 70:cd:0d:b9:0e:88 IEEE 802.11: associated
12-20 14:23:40.793  1063  1063 I hostapd : wlan0: STA 70:cd:0d:b9:0e:88 IEEE 802.11: associated
12-20 14:23:40.802  1063  1063 I hostapd : wlan0: AP-STA-POSSIBLE-PSK-MISMATCH 70:cd:0d:b9:0e:88
12-20 14:23:41.490   943   992 I FtcAccessPointService: HostapdMonitor: Received hostapd message: <3>AP-STA-POSSIBLE-PSK-MISMATCH 70:cd:0d:b9:0e:88
12-20 14:23:41.539  1063  1063 I hostapd : wlan0: STA 70:cd:0d:b9:0e:88 IEEE 802.11: disassociated
12-20 14:23:41.539  1063  1063 I hostapd : wlan0: STA 70:cd:0d:b9:0e:88 IEEE 802.11: disassociated
12-20 14:23:43.397  1063  1063 I hostapd : wlan0: STA 70:cd:0d:b9:0e:88 IEEE 802.11: associated
12-20 14:23:43.397  1063  1063 I hostapd : wlan0: STA 70:cd:0d:b9:0e:88 IEEE 802.11: associated
12-20 14:23:43.408  1063  1063 I hostapd : wlan0: AP-STA-POSSIBLE-PSK-MISMATCH 70:cd:0d:b9:0e:88
12-20 14:23:43.565   943   992 I FtcAccessPointService: HostapdMonitor: Received hostapd message: <3>AP-STA-POSSIBLE-PSK-MISMATCH 70:cd:0d:b9:0e:88
12-20 14:23:44.407  1063  1063 I hostapd : wlan0: AP-STA-POSSIBLE-PSK-MISMATCH 70:cd:0d:b9:0e:88
12-20 14:23:44.505  1063  1063 I hostapd : wlan0: STA 70:cd:0d:b9:0e:88 IEEE 802.11: disassociated
12-20 14:23:44.506  1063  1063 I hostapd : wlan0: STA 70:cd:0d:b9:0e:88 IEEE 802.11: disassociated
12-20 14:23:44.604   943   992 I FtcAccessPointService: HostapdMonitor: Received hostapd message: <3>AP-STA-POSSIBLE-PSK-MISMATCH 70:cd:0d:b9:0e:88
12-20 14:23:46.323  1063  1063 I hostapd : wlan0: STA 70:cd:0d:b9:0e:88 IEEE 802.11: associated
12-20 14:23:46.323  1063  1063 I hostapd : wlan0: STA 70:cd:0d:b9:0e:88 IEEE 802.11: associated
12-20 14:23:46.335  1063  1063 I hostapd : wlan0: AP-STA-POSSIBLE-PSK-MISMATCH 70:cd:0d:b9:0e:88
12-20 14:23:46.680   943   992 I FtcAccessPointService: HostapdMonitor: Received hostapd message: <3>AP-STA-POSSIBLE-PSK-MISMATCH 70:cd:0d:b9:0e:88
12-20 14:23:47.337  1063  1063 I hostapd : wlan0: AP-STA-POSSIBLE-PSK-MISMATCH 70:cd:0d:b9:0e:88
12-20 14:23:47.401  1063  1063 I hostapd : wlan0: STA 70:cd:0d:b9:0e:88 IEEE 802.11: disassociated
12-20 14:23:47.402  1063  1063 I hostapd : wlan0: STA 70:cd:0d:b9:0e:88 IEEE 802.11: disassociated
12-20 14:23:47.721   943   992 I FtcAccessPointService: HostapdMonitor: Received hostapd message: <3>AP-STA-POSSIBLE-PSK-MISMATCH 70:cd:0d:b9:0e:88
12-20 14:24:02.775  1063  1063 I hostapd : wlan0: STA 70:cd:0d:b9:0e:88 IEEE 802.11: associated
12-20 14:24:02.775  1063  1063 I hostapd : wlan0: STA 70:cd:0d:b9:0e:88 IEEE 802.11: associated
12-20 14:24:02.781  1063  1063 I hostapd : wlan0: AP-STA-POSSIBLE-PSK-MISMATCH 70:cd:0d:b9:0e:88
12-20 14:24:03.323   943   992 I FtcAccessPointService: HostapdMonitor: Received hostapd message: <3>AP-STA-POSSIBLE-PSK-MISMATCH 70:cd:0d:b9:0e:88
12-20 14:24:03.782  1063  1063 I hostapd : wlan0: AP-STA-POSSIBLE-PSK-MISMATCH 70:cd:0d:b9:0e:88
12-20 14:24:04.364   943   992 I FtcAccessPointService: HostapdMonitor: Received hostapd message: <3>AP-STA-POSSIBLE-PSK-MISMATCH 70:cd:0d:b9:0e:88
12-20 14:24:04.784  1063  1063 I hostapd : wlan0: AP-STA-POSSIBLE-PSK-MISMATCH 70:cd:0d:b9:0e:88
12-20 14:24:05.407   943   992 I FtcAccessPointService: HostapdMonitor: Received hostapd message: <3>AP-STA-POSSIBLE-PSK-MISMATCH 70:cd:0d:b9:0e:88
12-20 14:24:05.784  1063  1063 I hostapd : wlan0: AP-STA-POSSIBLE-PSK-MISMATCH 70:cd:0d:b9:0e:88
12-20 14:24:06.441   943   992 I FtcAccessPointService: HostapdMonitor: Received hostapd message: <3>AP-STA-POSSIBLE-PSK-MISMATCH 70:cd:0d:b9:0e:88
12-20 14:24:07.786  1063  1063 I hostapd : wlan0: STA 70:cd:0d:b9:0e:88 IEEE 802.11: disassociated
12-20 14:24:07.786  1063  1063 I hostapd : wlan0: STA 70:cd:0d:b9:0e:88 IEEE 802.11: disassociated
12-20 14:24:08.644  1063  1063 I hostapd : wlan0: STA 70:cd:0d:b9:0e:88 IEEE 802.11: associated
12-20 14:24:08.644  1063  1063 I hostapd : wlan0: STA 70:cd:0d:b9:0e:88 IEEE 802.11: associated
12-20 14:24:08.656  1063  1063 I hostapd : wlan0: AP-STA-POSSIBLE-PSK-MISMATCH 70:cd:0d:b9:0e:88
12-20 14:24:09.530   943   992 I FtcAccessPointService: HostapdMonitor: Received hostapd message: <3>AP-STA-POSSIBLE-PSK-MISMATCH 70:cd:0d:b9:0e:88
12-20 14:24:09.652  1063  1063 I hostapd : wlan0: AP-STA-POSSIBLE-PSK-MISMATCH 70:cd:0d:b9:0e:88
12-20 14:24:10.564   943   992 I FtcAccessPointService: HostapdMonitor: Received hostapd message: <3>AP-STA-POSSIBLE-PSK-MISMATCH 70:cd:0d:b9:0e:88
12-20 14:24:10.653  1063  1063 I hostapd : wlan0: AP-STA-POSSIBLE-PSK-MISMATCH 70:cd:0d:b9:0e:88
12-20 14:24:11.609   943   992 I FtcAccessPointService: HostapdMonitor: Received hostapd message: <3>AP-STA-POSSIBLE-PSK-MISMATCH 70:cd:0d:b9:0e:88
12-20 14:24:11.655  1063  1063 I hostapd : wlan0: AP-STA-POSSIBLE-PSK-MISMATCH 70:cd:0d:b9:0e:88
12-20 14:24:12.650   943   992 I FtcAccessPointService: HostapdMonitor: Received hostapd message: <3>AP-STA-POSSIBLE-PSK-MISMATCH 70:cd:0d:b9:0e:88
12-20 14:24:13.645  1063  1063 I hostapd : wlan0: STA 70:cd:0d:b9:0e:88 IEEE 802.11: disassociated
12-20 14:24:13.645  1063  1063 I hostapd : wlan0: STA 70:cd:0d:b9:0e:88 IEEE 802.11: disassociated
12-20 14:24:14.838  1063  1063 I hostapd : wlan0: STA 70:cd:0d:b9:0e:88 IEEE 802.11: associated
12-20 14:24:14.838  1063  1063 I hostapd : wlan0: STA 70:cd:0d:b9:0e:88 IEEE 802.11: associated
12-20 14:24:14.846  1063  1063 I hostapd : wlan0: AP-STA-POSSIBLE-PSK-MISMATCH 70:cd:0d:b9:0e:88
12-20 14:24:15.759   943   992 I FtcAccessPointService: HostapdMonitor: Received hostapd message: <3>AP-STA-POSSIBLE-PSK-MISMATCH 70:cd:0d:b9:0e:88
12-20 14:24:15.847  1063  1063 I hostapd : wlan0: AP-STA-POSSIBLE-PSK-MISMATCH 70:cd:0d:b9:0e:88
12-20 14:24:16.800   943   992 I FtcAccessPointService: HostapdMonitor: Received hostapd message: <3>AP-STA-POSSIBLE-PSK-MISMATCH 70:cd:0d:b9:0e:88
12-20 14:24:16.847  1063  1063 I hostapd : wlan0: AP-STA-POSSIBLE-PSK-MISMATCH 70:cd:0d:b9:0e:88
12-20 14:24:17.842   943   992 I FtcAccessPointService: HostapdMonitor: Received hostapd message: <3>AP-STA-POSSIBLE-PSK-MISMATCH 70:cd:0d:b9:0e:88
12-20 14:24:17.848  1063  1063 I hostapd : wlan0: AP-STA-POSSIBLE-PSK-MISMATCH 70:cd:0d:b9:0e:88
12-20 14:24:18.880   943   992 I FtcAccessPointService: HostapdMonitor: Received hostapd message: <3>AP-STA-POSSIBLE-PSK-MISMATCH 70:cd:0d:b9:0e:88
12-20 14:24:19.849  1063  1063 I hostapd : wlan0: STA 70:cd:0d:b9:0e:88 IEEE 802.11: disassociated
12-20 14:24:19.850  1063  1063 I hostapd : wlan0: STA 70:cd:0d:b9:0e:88 IEEE 802.11: disassociated
12-20 14:25:27.036  1063  1063 I hostapd : wlan0: STA 70:cd:0d:b9:0e:88 IEEE 802.11: associated
12-20 14:25:27.036  1063  1063 I hostapd : wlan0: STA 70:cd:0d:b9:0e:88 IEEE 802.11: associated
12-20 14:25:27.042  1063  1063 I hostapd : wlan0: AP-STA-POSSIBLE-PSK-MISMATCH 70:cd:0d:b9:0e:88
12-20 14:25:27.294   943   992 I FtcAccessPointService: HostapdMonitor: Received hostapd message: <3>AP-STA-POSSIBLE-PSK-MISMATCH 70:cd:0d:b9:0e:88
12-20 14:25:28.044  1063  1063 I hostapd : wlan0: AP-STA-POSSIBLE-PSK-MISMATCH 70:cd:0d:b9:0e:88
12-20 14:25:28.332   943   992 I FtcAccessPointService: HostapdMonitor: Received hostapd message: <3>AP-STA-POSSIBLE-PSK-MISMATCH 70:cd:0d:b9:0e:88
12-20 14:25:29.045  1063  1063 I hostapd : wlan0: AP-STA-POSSIBLE-PSK-MISMATCH 70:cd:0d:b9:0e:88
12-20 14:25:29.371   943   992 I FtcAccessPointService: HostapdMonitor: Received hostapd message: <3>AP-STA-POSSIBLE-PSK-MISMATCH 70:cd:0d:b9:0e:88
12-20 14:25:30.047  1063  1063 I hostapd : wlan0: AP-STA-POSSIBLE-PSK-MISMATCH 70:cd:0d:b9:0e:88
12-20 14:25:30.392   943   992 I FtcAccessPointService: HostapdMonitor: Received hostapd message: <3>AP-STA-POSSIBLE-PSK-MISMATCH 70:cd:0d:b9:0e:88
12-20 14:25:32.037  1063  1063 I hostapd : wlan0: STA 70:cd:0d:b9:0e:88 IEEE 802.11: disassociated
12-20 14:25:32.037  1063  1063 I hostapd : wlan0: STA 70:cd:0d:b9:0e:88 IEEE 802.11: disassociated
12-20 14:25:46.365  1063  1063 I hostapd : wlan0: STA 70:cd:0d:b9:0e:88 IEEE 802.11: associated
12-20 14:25:46.365  1063  1063 I hostapd : wlan0: STA 70:cd:0d:b9:0e:88 IEEE 802.11: associated
12-20 14:25:46.375  1063  1063 I hostapd : wlan0: AP-STA-POSSIBLE-PSK-MISMATCH 70:cd:0d:b9:0e:88
12-20 14:25:47.018   943   992 I FtcAccessPointService: HostapdMonitor: Received hostapd message: <3>AP-STA-POSSIBLE-PSK-MISMATCH 70:cd:0d:b9:0e:88
12-20 14:25:47.374  1063  1063 I hostapd : wlan0: AP-STA-POSSIBLE-PSK-MISMATCH 70:cd:0d:b9:0e:88
12-20 14:25:48.069   943   992 I FtcAccessPointService: HostapdMonitor: Received hostapd message: <3>AP-STA-POSSIBLE-PSK-MISMATCH 70:cd:0d:b9:0e:88
12-20 14:25:48.375  1063  1063 I hostapd : wlan0: AP-STA-POSSIBLE-PSK-MISMATCH 70:cd:0d:b9:0e:88
12-20 14:25:49.113   943   992 I FtcAccessPointService: HostapdMonitor: Received hostapd message: <3>AP-STA-POSSIBLE-PSK-MISMATCH 70:cd:0d:b9:0e:88
12-20 14:25:49.376  1063  1063 I hostapd : wlan0: AP-STA-POSSIBLE-PSK-MISMATCH 70:cd:0d:b9:0e:88
12-20 14:25:50.160   943   992 I FtcAccessPointService: HostapdMonitor: Received hostapd message: <3>AP-STA-POSSIBLE-PSK-MISMATCH 70:cd:0d:b9:0e:88
12-20 14:25:51.367  1063  1063 I hostapd : wlan0: STA 70:cd:0d:b9:0e:88 IEEE 802.11: disassociated
12-20 14:25:51.368  1063  1063 I hostapd : wlan0: STA 70:cd:0d:b9:0e:88 IEEE 802.11: disassociated
12-20 14:25:52.594  1063  1063 I hostapd : wlan0: STA 70:cd:0d:b9:0e:88 IEEE 802.11: associated
12-20 14:25:52.594  1063  1063 I hostapd : wlan0: STA 70:cd:0d:b9:0e:88 IEEE 802.11: associated
12-20 14:25:52.603  1063  1063 I hostapd : wlan0: AP-STA-POSSIBLE-PSK-MISMATCH 70:cd:0d:b9:0e:88
12-20 14:25:53.279   943   992 I FtcAccessPointService: HostapdMonitor: Received hostapd message: <3>AP-STA-POSSIBLE-PSK-MISMATCH 70:cd:0d:b9:0e:88
12-20 14:25:53.603  1063  1063 I hostapd : wlan0: AP-STA-POSSIBLE-PSK-MISMATCH 70:cd:0d:b9:0e:88
12-20 14:25:54.318   943   992 I FtcAccessPointService: HostapdMonitor: Received hostapd message: <3>AP-STA-POSSIBLE-PSK-MISMATCH 70:cd:0d:b9:0e:88
12-20 14:25:54.605  1063  1063 I hostapd : wlan0: AP-STA-POSSIBLE-PSK-MISMATCH 70:cd:0d:b9:0e:88
12-20 14:25:55.360   943   992 I FtcAccessPointService: HostapdMonitor: Received hostapd message: <3>AP-STA-POSSIBLE-PSK-MISMATCH 70:cd:0d:b9:0e:88
12-20 14:25:55.605  1063  1063 I hostapd : wlan0: AP-STA-POSSIBLE-PSK-MISMATCH 70:cd:0d:b9:0e:88
12-20 14:25:56.399   943   992 I FtcAccessPointService: HostapdMonitor: Received hostapd message: <3>AP-STA-POSSIBLE-PSK-MISMATCH 70:cd:0d:b9:0e:88
12-20 14:25:57.604  1063  1063 I hostapd : wlan0: STA 70:cd:0d:b9:0e:88 IEEE 802.11: disassociated
12-20 14:25:57.605  1063  1063 I hostapd : wlan0: STA 70:cd:0d:b9:0e:88 IEEE 802.11: disassociated
12-20 14:27:04.421  1063  1063 I hostapd : wlan0: STA 70:cd:0d:b9:0e:88 IEEE 802.11: associated
12-20 14:27:04.421  1063  1063 I hostapd : wlan0: STA 70:cd:0d:b9:0e:88 IEEE 802.11: associated
12-20 14:27:04.429  1063  1063 I hostapd : wlan0: AP-STA-POSSIBLE-PSK-MISMATCH 70:cd:0d:b9:0e:88
12-20 14:27:04.870   943   992 I FtcAccessPointService: HostapdMonitor: Received hostapd message: <3>AP-STA-POSSIBLE-PSK-MISMATCH 70:cd:0d:b9:0e:88
12-20 14:27:05.429  1063  1063 I hostapd : wlan0: AP-STA-POSSIBLE-PSK-MISMATCH 70:cd:0d:b9:0e:88
12-20 14:27:05.910   943   992 I FtcAccessPointService: HostapdMonitor: Received hostapd message: <3>AP-STA-POSSIBLE-PSK-MISMATCH 70:cd:0d:b9:0e:88
12-20 14:27:06.432  1063  1063 I hostapd : wlan0: AP-STA-POSSIBLE-PSK-MISMATCH 70:cd:0d:b9:0e:88
12-20 14:27:06.934   943   992 I FtcAccessPointService: HostapdMonitor: Received hostapd message: <3>AP-STA-POSSIBLE-PSK-MISMATCH 70:cd:0d:b9:0e:88
12-20 14:27:07.433  1063  1063 I hostapd : wlan0: AP-STA-POSSIBLE-PSK-MISMATCH 70:cd:0d:b9:0e:88
12-20 14:27:07.968   943   992 I FtcAccessPointService: HostapdMonitor: Received hostapd message: <3>AP-STA-POSSIBLE-PSK-MISMATCH 70:cd:0d:b9:0e:88
12-20 14:27:09.419  1063  1063 I hostapd : wlan0: STA 70:cd:0d:b9:0e:88 IEEE 802.11: disassociated
12-20 14:27:09.419  1063  1063 I hostapd : wlan0: STA 70:cd:0d:b9:0e:88 IEEE 802.11: disassociated
12-20 14:27:10.511  1063  1063 I hostapd : wlan0: STA 70:cd:0d:b9:0e:88 IEEE 802.11: associated
12-20 14:27:10.511  1063  1063 I hostapd : wlan0: STA 70:cd:0d:b9:0e:88 IEEE 802.11: associated
12-20 14:27:10.517  1063  1063 I hostapd : wlan0: AP-STA-POSSIBLE-PSK-MISMATCH 70:cd:0d:b9:0e:88
12-20 14:27:11.080   943   992 I FtcAccessPointService: HostapdMonitor: Received hostapd message: <3>AP-STA-POSSIBLE-PSK-MISMATCH 70:cd:0d:b9:0e:88
12-20 14:27:11.519  1063  1063 I hostapd : wlan0: AP-STA-POSSIBLE-PSK-MISMATCH 70:cd:0d:b9:0e:88
12-20 14:27:12.111   943   992 I FtcAccessPointService: HostapdMonitor: Received hostapd message: <3>AP-STA-POSSIBLE-PSK-MISMATCH 70:cd:0d:b9:0e:88
12-20 14:27:12.522  1063  1063 I hostapd : wlan0: AP-STA-POSSIBLE-PSK-MISMATCH 70:cd:0d:b9:0e:88
12-20 14:27:13.151   943   992 I FtcAccessPointService: HostapdMonitor: Received hostapd message: <3>AP-STA-POSSIBLE-PSK-MISMATCH 70:cd:0d:b9:0e:88
12-20 14:27:13.521  1063  1063 I hostapd : wlan0: AP-STA-POSSIBLE-PSK-MISMATCH 70:cd:0d:b9:0e:88
12-20 14:27:14.187   943   992 I FtcAccessPointService: HostapdMonitor: Received hostapd message: <3>AP-STA-POSSIBLE-PSK-MISMATCH 70:cd:0d:b9:0e:88
12-20 14:27:15.511  1063  1063 I hostapd : wlan0: STA 70:cd:0d:b9:0e:88 IEEE 802.11: disassociated
12-20 14:27:15.512  1063  1063 I hostapd : wlan0: STA 70:cd:0d:b9:0e:88 IEEE 802.11: disassociated
12-20 14:28:16.181  1063  1063 I hostapd : wlan0: STA 70:cd:0d:b9:0e:88 IEEE 802.11: associated
12-20 14:28:16.182  1063  1063 I hostapd : wlan0: STA 70:cd:0d:b9:0e:88 IEEE 802.11: associated
12-20 14:28:16.192  1063  1063 I hostapd : wlan0: AP-STA-POSSIBLE-PSK-MISMATCH 70:cd:0d:b9:0e:88
12-20 14:28:16.477   943   992 I FtcAccessPointService: HostapdMonitor: Received hostapd message: <3>AP-STA-POSSIBLE-PSK-MISMATCH 70:cd:0d:b9:0e:88
12-20 14:28:17.194  1063  1063 I hostapd : wlan0: AP-STA-POSSIBLE-PSK-MISMATCH 70:cd:0d:b9:0e:88
12-20 14:28:17.520   943   992 I FtcAccessPointService: HostapdMonitor: Received hostapd message: <3>AP-STA-POSSIBLE-PSK-MISMATCH 70:cd:0d:b9:0e:88
12-20 14:28:18.196  1063  1063 I hostapd : wlan0: AP-STA-POSSIBLE-PSK-MISMATCH 70:cd:0d:b9:0e:88
12-20 14:28:18.555   943   992 I FtcAccessPointService: HostapdMonitor: Received hostapd message: <3>AP-STA-POSSIBLE-PSK-MISMATCH 70:cd:0d:b9:0e:88
12-20 14:28:19.197  1063  1063 I hostapd : wlan0: AP-STA-POSSIBLE-PSK-MISMATCH 70:cd:0d:b9:0e:88
12-20 14:28:19.593   943   992 I FtcAccessPointService: HostapdMonitor: Received hostapd message: <3>AP-STA-POSSIBLE-PSK-MISMATCH 70:cd:0d:b9:0e:88
12-20 14:28:21.187  1063  1063 I hostapd : wlan0: STA 70:cd:0d:b9:0e:88 IEEE 802.11: disassociated
12-20 14:28:21.187  1063  1063 I hostapd : wlan0: STA 70:cd:0d:b9:0e:88 IEEE 802.11: disassociated
12-20 14:29:21.733  1063  1063 I hostapd : wlan0: STA 70:cd:0d:b9:0e:88 IEEE 802.11: associated
12-20 14:29:21.733  1063  1063 I hostapd : wlan0: STA 70:cd:0d:b9:0e:88 IEEE 802.11: associated
12-20 14:29:21.743  1063  1063 I hostapd : wlan0: AP-STA-POSSIBLE-PSK-MISMATCH 70:cd:0d:b9:0e:88
12-20 14:29:21.785   943   992 I FtcAccessPointService: HostapdMonitor: Received hostapd message: <3>AP-STA-POSSIBLE-PSK-MISMATCH 70:cd:0d:b9:0e:88
12-20 14:29:22.742  1063  1063 I hostapd : wlan0: AP-STA-POSSIBLE-PSK-MISMATCH 70:cd:0d:b9:0e:88
12-20 14:29:22.820   943   992 I FtcAccessPointService: HostapdMonitor: Received hostapd message: <3>AP-STA-POSSIBLE-PSK-MISMATCH 70:cd:0d:b9:0e:88
12-20 14:29:23.743  1063  1063 I hostapd : wlan0: AP-STA-POSSIBLE-PSK-MISMATCH 70:cd:0d:b9:0e:88
12-20 14:29:23.871   943   992 I FtcAccessPointService: HostapdMonitor: Received hostapd message: <3>AP-STA-POSSIBLE-PSK-MISMATCH 70:cd:0d:b9:0e:88
12-20 14:29:24.743  1063  1063 I hostapd : wlan0: AP-STA-POSSIBLE-PSK-MISMATCH 70:cd:0d:b9:0e:88
12-20 14:29:24.913   943   992 I FtcAccessPointService: HostapdMonitor: Received hostapd message: <3>AP-STA-POSSIBLE-PSK-MISMATCH 70:cd:0d:b9:0e:88
12-20 14:29:26.745  1063  1063 I hostapd : wlan0: STA 70:cd:0d:b9:0e:88 IEEE 802.11: disassociated
12-20 14:29:26.746  1063  1063 I hostapd : wlan0: STA 70:cd:0d:b9:0e:88 IEEE 802.11: disassociated
12-20 14:30:27.403  1063  1063 I hostapd : wlan0: STA 70:cd:0d:b9:0e:88 IEEE 802.11: associated
12-20 14:30:27.403  1063  1063 I hostapd : wlan0: STA 70:cd:0d:b9:0e:88 IEEE 802.11: associated
12-20 14:30:27.413  1063  1063 I hostapd : wlan0: AP-STA-POSSIBLE-PSK-MISMATCH 70:cd:0d:b9:0e:88
12-20 14:30:28.234   943   992 I FtcAccessPointService: HostapdMonitor: Received hostapd message: <3>AP-STA-POSSIBLE-PSK-MISMATCH 70:cd:0d:b9:0e:88
12-20 14:30:28.412  1063  1063 I hostapd : wlan0: AP-STA-POSSIBLE-PSK-MISMATCH 70:cd:0d:b9:0e:88
12-20 14:30:29.276   943   992 I FtcAccessPointService: HostapdMonitor: Received hostapd message: <3>AP-STA-POSSIBLE-PSK-MISMATCH 70:cd:0d:b9:0e:88
12-20 14:30:29.413  1063  1063 I hostapd : wlan0: AP-STA-POSSIBLE-PSK-MISMATCH 70:cd:0d:b9:0e:88
12-20 14:30:30.308   943   992 I FtcAccessPointService: HostapdMonitor: Received hostapd message: <3>AP-STA-POSSIBLE-PSK-MISMATCH 70:cd:0d:b9:0e:88
12-20 14:30:30.415  1063  1063 I hostapd : wlan0: AP-STA-POSSIBLE-PSK-MISMATCH 70:cd:0d:b9:0e:88
12-20 14:30:31.351   943   992 I FtcAccessPointService: HostapdMonitor: Received hostapd message: <3>AP-STA-POSSIBLE-PSK-MISMATCH 70:cd:0d:b9:0e:88
12-20 14:30:32.409  1063  1063 I hostapd : wlan0: STA 70:cd:0d:b9:0e:88 IEEE 802.11: disassociated
12-20 14:30:32.410  1063  1063 I hostapd : wlan0: STA 70:cd:0d:b9:0e:88 IEEE 802.11: disassociated
12-20 14:31:33.077  1063  1063 I hostapd : wlan0: STA 70:cd:0d:b9:0e:88 IEEE 802.11: associated
12-20 14:31:33.078  1063  1063 I hostapd : wlan0: STA 70:cd:0d:b9:0e:88 IEEE 802.11: associated
12-20 14:31:33.087  1063  1063 I hostapd : wlan0: AP-STA-POSSIBLE-PSK-MISMATCH 70:cd:0d:b9:0e:88
12-20 14:31:33.633   943   992 I FtcAccessPointService: HostapdMonitor: Received hostapd message: <3>AP-STA-POSSIBLE-PSK-MISMATCH 70:cd:0d:b9:0e:88
12-20 14:31:34.088  1063  1063 I hostapd : wlan0: AP-STA-POSSIBLE-PSK-MISMATCH 70:cd:0d:b9:0e:88
12-20 14:31:34.674   943   992 I FtcAccessPointService: HostapdMonitor: Received hostapd message: <3>AP-STA-POSSIBLE-PSK-MISMATCH 70:cd:0d:b9:0e:88
12-20 14:31:35.090  1063  1063 I hostapd : wlan0: AP-STA-POSSIBLE-PSK-MISMATCH 70:cd:0d:b9:0e:88
12-20 14:31:35.686   943   992 I FtcAccessPointService: HostapdMonitor: Received hostapd message: <3>AP-STA-POSSIBLE-PSK-MISMATCH 70:cd:0d:b9:0e:88
12-20 14:31:36.091  1063  1063 I hostapd : wlan0: AP-STA-POSSIBLE-PSK-MISMATCH 70:cd:0d:b9:0e:88
12-20 14:31:36.729   943   992 I FtcAccessPointService: HostapdMonitor: Received hostapd message: <3>AP-STA-POSSIBLE-PSK-MISMATCH 70:cd:0d:b9:0e:88
12-20 14:31:38.083  1063  1063 I hostapd : wlan0: STA 70:cd:0d:b9:0e:88 IEEE 802.11: disassociated
12-20 14:31:38.083  1063  1063 I hostapd : wlan0: STA 70:cd:0d:b9:0e:88 IEEE 802.11: disassociated
12-20 14:32:38.754  1063  1063 I hostapd : wlan0: STA 70:cd:0d:b9:0e:88 IEEE 802.11: associated
12-20 14:32:38.754  1063  1063 I hostapd : wlan0: STA 70:cd:0d:b9:0e:88 IEEE 802.11: associated
12-20 14:32:38.763  1063  1063 I hostapd : wlan0: AP-STA-POSSIBLE-PSK-MISMATCH 70:cd:0d:b9:0e:88
12-20 14:32:39.132   943   992 I FtcAccessPointService: HostapdMonitor: Received hostapd message: <3>AP-STA-POSSIBLE-PSK-MISMATCH 70:cd:0d:b9:0e:88
12-20 14:32:39.765  1063  1063 I hostapd : wlan0: AP-STA-POSSIBLE-PSK-MISMATCH 70:cd:0d:b9:0e:88
12-20 14:32:40.169   943   992 I FtcAccessPointService: HostapdMonitor: Received hostapd message: <3>AP-STA-POSSIBLE-PSK-MISMATCH 70:cd:0d:b9:0e:88
12-20 14:32:40.767  1063  1063 I hostapd : wlan0: AP-STA-POSSIBLE-PSK-MISMATCH 70:cd:0d:b9:0e:88
12-20 14:32:41.208   943   992 I FtcAccessPointService: HostapdMonitor: Received hostapd message: <3>AP-STA-POSSIBLE-PSK-MISMATCH 70:cd:0d:b9:0e:88
12-20 14:32:41.769  1063  1063 I hostapd : wlan0: AP-STA-POSSIBLE-PSK-MISMATCH 70:cd:0d:b9:0e:88
12-20 14:32:42.248   943   992 I FtcAccessPointService: HostapdMonitor: Received hostapd message: <3>AP-STA-POSSIBLE-PSK-MISMATCH 70:cd:0d:b9:0e:88
12-20 14:32:43.756  1063  1063 I hostapd : wlan0: STA 70:cd:0d:b9:0e:88 IEEE 802.11: disassociated
12-20 14:32:43.756  1063  1063 I hostapd : wlan0: STA 70:cd:0d:b9:0e:88 IEEE 802.11: disassociated
12-20 14:33:44.420  1063  1063 I hostapd : wlan0: STA 70:cd:0d:b9:0e:88 IEEE 802.11: associated
12-20 14:33:44.421  1063  1063 I hostapd : wlan0: STA 70:cd:0d:b9:0e:88 IEEE 802.11: associated
12-20 14:33:44.427  1063  1063 I hostapd : wlan0: AP-STA-POSSIBLE-PSK-MISMATCH 70:cd:0d:b9:0e:88
12-20 14:33:44.612   943   992 I FtcAccessPointService: HostapdMonitor: Received hostapd message: <3>AP-STA-POSSIBLE-PSK-MISMATCH 70:cd:0d:b9:0e:88
12-20 14:33:45.428  1063  1063 I hostapd : wlan0: AP-STA-POSSIBLE-PSK-MISMATCH 70:cd:0d:b9:0e:88
12-20 14:33:45.651   943   992 I FtcAccessPointService: HostapdMonitor: Received hostapd message: <3>AP-STA-POSSIBLE-PSK-MISMATCH 70:cd:0d:b9:0e:88
12-20 14:33:46.431  1063  1063 I hostapd : wlan0: AP-STA-POSSIBLE-PSK-MISMATCH 70:cd:0d:b9:0e:88
12-20 14:33:46.690   943   992 I FtcAccessPointService: HostapdMonitor: Received hostapd message: <3>AP-STA-POSSIBLE-PSK-MISMATCH 70:cd:0d:b9:0e:88
12-20 14:33:47.431  1063  1063 I hostapd : wlan0: AP-STA-POSSIBLE-PSK-MISMATCH 70:cd:0d:b9:0e:88
12-20 14:33:47.714   943   992 I FtcAccessPointService: HostapdMonitor: Received hostapd message: <3>AP-STA-POSSIBLE-PSK-MISMATCH 70:cd:0d:b9:0e:88
12-20 14:33:49.424  1063  1063 I hostapd : wlan0: STA 70:cd:0d:b9:0e:88 IEEE 802.11: disassociated
12-20 14:33:49.424  1063  1063 I hostapd : wlan0: STA 70:cd:0d:b9:0e:88 IEEE 802.11: disassociated
12-20 14:34:49.988  1063  1063 I hostapd : wlan0: STA 70:cd:0d:b9:0e:88 IEEE 802.11: associated
12-20 14:34:49.989  1063  1063 I hostapd : wlan0: STA 70:cd:0d:b9:0e:88 IEEE 802.11: associated
12-20 14:34:49.998  1063  1063 I hostapd : wlan0: AP-STA-POSSIBLE-PSK-MISMATCH 70:cd:0d:b9:0e:88
12-20 14:34:50.030   943   992 I FtcAccessPointService: HostapdMonitor: Received hostapd message: <3>AP-STA-POSSIBLE-PSK-MISMATCH 70:cd:0d:b9:0e:88
